Apr 28 12:57:49 localhost systemd: Started Network Manager Script Dispatcher Service.
Apr 28 12:57:49 localhost nm-dispatcher: req:1 'dhcp4-change' [enp0s8]: new request (4 scripts)
Apr 28 12:57:49 localhost nm-dispatcher: req:1 'dhcp4-change' [enp0s8]: start running ordered scripts...
Apr 28 13:00:01 localhost systemd: Started Session 28 of user root.
Apr 28 13:01:01 localhost systemd: Started Session 29 of user root.
Apr 28 13:01:16 localhost dhclient[790]: DHCPREQUEST on enp0s3 to 192.168.56.100 port 67 (xid=0x1c417b01)
Apr 28 13:01:16 localhost dhclient[790]: DHCPACK from 192.168.56.100 (xid=0x1c417b01)
Apr 28 13:01:16 localhost NetworkManager[661]: <info>  [1682654476.5853] dhcp4 (enp0s3):   address 192.168.56.101
Apr 28 13:01:16 localhost NetworkManager[661]: <info>  [1682654476.5861] dhcp4 (enp0s3):   plen 24 (255.255.255.0)
Apr 28 13:01:16 localhost NetworkManager[661]: <info>  [1682654476.5861] dhcp4 (enp0s3):   lease time 600
Apr 28 13:01:16 localhost NetworkManager[661]: <info>  [1682654476.5861] dhcp4 (enp0s3): state changed bound -> bound
Apr 28 13:01:16 localhost dbus[591]: [system] Activating via systemd: service name='org.freedesktop.nm_dispatcher' unit='dbus-org.freedesktop.nm-dispatcher.service'
Apr 28 13:01:16 localhost systemd: Starting Network Manager Script Dispatcher Service...
Apr 28 13:01:16 localhost dhclient[790]: bound to 192.168.56.101 -- renewal in 243 seconds.
Apr 28 13:01:16 localhost dbus[591]: [system] Successfully activated service 'org.freedesktop.nm_dispatcher'
Apr 28 13:01:16 localhost systemd: Started Network Manager Script Dispatcher Service.
Apr 28 13:01:16 localhost nm-dispatcher: req:1 'dhcp4-change' [enp0s3]: new request (4 scripts)
Apr 28 13:01:16 localhost nm-dispatcher: req:1 'dhcp4-change' [enp0s3]: start running ordered scripts...
Apr 28 13:02:40 localhost dhclient[792]: DHCPREQUEST on enp0s8 to 10.0.2.3 port 67 (xid=0x148be597)
Apr 28 13:02:40 localhost dhclient[792]: DHCPACK from 10.0.2.3 (xid=0x148be597)
Apr 28 13:02:40 localhost NetworkManager[661]: <info>  [1682654560.2327] dhcp4 (enp0s8):   address 10.0.2.4
Apr 28 13:02:40 localhost NetworkManager[661]: <info>  [1682654560.2327] dhcp4 (enp0s8):   plen 24 (255.255.255.0)
Apr 28 13:02:40 localhost NetworkManager[661]: <info>  [1682654560.2327] dhcp4 (enp0s8):   gateway 10.0.2.1
Apr 28 13:02:40 localhost NetworkManager[661]: <info>  [1682654560.2327] dhcp4 (enp0s8):   lease time 600
Apr 28 13:02:40 localhost NetworkManager[661]: <info>  [1682654560.2327] dhcp4 (enp0s8):   nameserver '10.0.2.1'
Apr 28 13:02:40 localhost NetworkManager[661]: <info>  [1682654560.2327] dhcp4 (enp0s8): state changed bound -> bound
Apr 28 13:02:40 localhost dbus[591]: [system] Activating via systemd: service name='org.freedesktop.nm_dispatcher' unit='dbus-org.freedesktop.nm-dispatcher.service'
Apr 28 13:02:40 localhost systemd: Starting Network Manager Script Dispatcher Service...
Apr 28 13:02:40 localhost dhclient[792]: bound to 10.0.2.4 -- renewal in 253 seconds.
Apr 28 13:02:40 localhost dbus[591]: [system] Successfully activated service 'org.freedesktop.nm_dispatcher'
Apr 28 13:02:40 localhost systemd: Started Network Manager Script Dispatcher Service.
Apr 28 13:02:40 localhost nm-dispatcher: req:1 'dhcp4-change' [enp0s8]: new request (4 scripts)
Apr 28 13:02:40 localhost nm-dispatcher: req:1 'dhcp4-change' [enp0s8]: start running ordered scripts...
Apr 28 13:05:19 localhost dhclient[790]: DHCPREQUEST on enp0s3 to 192.168.56.100 port 67 (xid=0x1c417b01)
Apr 28 13:05:19 localhost dhclient[790]: DHCPACK from 192.168.56.100 (xid=0x1c417b01)
Apr 28 13:05:20 localhost NetworkManager[661]: <info>  [1682654720.0149] dhcp4 (enp0s3):   address 192.168.56.101
Apr 28 13:05:20 localhost NetworkManager[661]: <info>  [1682654720.0159] dhcp4 (enp0s3):   plen 24 (255.255.255.0)
Apr 28 13:05:20 localhost NetworkManager[661]: <info>  [1682654720.0159] dhcp4 (enp0s3):   lease time 600
Apr 28 13:05:20 localhost NetworkManager[661]: <info>  [1682654720.0160] dhcp4 (enp0s3): state changed bound -> bound
Apr 28 13:05:20 localhost dbus[591]: [system] Activating via systemd: service name='org.freedesktop.nm_dispatcher' unit='dbus-org.freedesktop.nm-dispatcher.service'
Apr 28 13:05:20 localhost systemd: Starting Network Manager Script Dispatcher Service...
Apr 28 13:05:20 localhost dhclient[790]: bound to 192.168.56.101 -- renewal in 293 seconds.
Apr 28 13:05:20 localhost dbus[591]: [system] Successfully activated service 'org.freedesktop.nm_dispatcher'
Apr 28 13:05:20 localhost systemd: Started Network Manager Script Dispatcher Service.
Apr 28 13:05:20 localhost nm-dispatcher: req:1 'dhcp4-change' [enp0s3]: new request (4 scripts)
Apr 28 13:05:20 localhost nm-dispatcher: req:1 'dhcp4-change' [enp0s3]: start running ordered scripts...
Apr 28 13:06:53 localhost dhclient[792]: DHCPREQUEST on enp0s8 to 10.0.2.3 port 67 (xid=0x148be597)
Apr 28 13:06:53 localhost dhclient[792]: DHCPACK from 10.0.2.3 (xid=0x148be597)
Apr 28 13:06:53 localhost NetworkManager[661]: <info>  [1682654813.4725] dhcp4 (enp0s8):   address 10.0.2.4
Apr 28 13:06:53 localhost NetworkManager[661]: <info>  [1682654813.4726] dhcp4 (enp0s8):   plen 24 (255.255.255.0)
Apr 28 13:06:53 localhost NetworkManager[661]: <info>  [1682654813.4726] dhcp4 (enp0s8):   gateway 10.0.2.1
Apr 28 13:06:53 localhost NetworkManager[661]: <info>  [1682654813.4727] dhcp4 (enp0s8):   lease time 600
Apr 28 13:06:53 localhost NetworkManager[661]: <info>  [1682654813.4727] dhcp4 (enp0s8):   nameserver '10.0.2.1'
Apr 28 13:06:53 localhost NetworkManager[661]: <info>  [1682654813.4728] dhcp4 (enp0s8): state changed bound -> bound
Apr 28 13:06:53 localhost dbus[591]: [system] Activating via systemd: service name='org.freedesktop.nm_dispatcher' unit='dbus-org.freedesktop.nm-dispatcher.service'
Apr 28 13:06:53 localhost systemd: Starting Network Manager Script Dispatcher Service...
Apr 28 13:06:53 localhost dhclient[792]: bound to 10.0.2.4 -- renewal in 236 seconds.
Apr 28 13:06:53 localhost dbus[591]: [system] Successfully activated service 'org.freedesktop.nm_dispatcher'
Apr 28 13:06:53 localhost systemd: Started Network Manager Script Dispatcher Service.
Apr 28 13:06:53 localhost nm-dispatcher: req:1 'dhcp4-change' [enp0s8]: new request (4 scripts)
Apr 28 13:06:53 localhost nm-dispatcher: req:1 'dhcp4-change' [enp0s8]: start running ordered scripts...
Apr 28 13:10:01 localhost systemd: Started Session 30 of user root.
Apr 28 13:10:13 localhost dhclient[790]: DHCPREQUEST on enp0s3 to 192.168.56.100 port 67 (xid=0x1c417b01)
Apr 28 13:10:13 localhost dhclient[790]: DHCPACK from 192.168.56.100 (xid=0x1c417b01)
Apr 28 13:10:13 localhost NetworkManager[661]: <info>  [1682655013.1451] dhcp4 (enp0s3):   address 192.168.56.101
Apr 28 13:10:13 localhost NetworkManager[661]: <info>  [1682655013.1456] dhcp4 (enp0s3):   plen 24 (255.255.255.0)
Apr 28 13:10:13 localhost NetworkManager[661]: <info>  [1682655013.1456] dhcp4 (enp0s3):   lease time 600
Apr 28 13:10:13 localhost NetworkManager[661]: <info>  [1682655013.1456] dhcp4 (enp0s3): state changed bound -> bound
Apr 28 13:10:13 localhost dbus[591]: [system] Activating via systemd: service name='org.freedesktop.nm_dispatcher' unit='dbus-org.freedesktop.nm-dispatcher.service'
Apr 28 13:10:13 localhost systemd: Starting Network Manager Script Dispatcher Service...
Apr 28 13:10:13 localhost dhclient[790]: bound to 192.168.56.101 -- renewal in 283 seconds.
Apr 28 13:10:13 localhost dbus[591]: [system] Successfully activated service 'org.freedesktop.nm_dispatcher'
Apr 28 13:10:13 localhost systemd: Started Network Manager Script Dispatcher Service.
Apr 28 13:10:13 localhost nm-dispatcher: req:1 'dhcp4-change' [enp0s3]: new request (4 scripts)
Apr 28 13:10:13 localhost nm-dispatcher: req:1 'dhcp4-change' [enp0s3]: start running ordered scripts...
Apr 28 13:10:50 localhost dhclient[792]: DHCPREQUEST on enp0s8 to 10.0.2.3 port 67 (xid=0x148be597)
Apr 28 13:10:50 localhost dhclient[792]: DHCPACK from 10.0.2.3 (xid=0x148be597)
Apr 28 13:10:50 localhost NetworkManager[661]: <info>  [1682655050.0735] dhcp4 (enp0s8):   address 10.0.2.4
Apr 28 13:10:50 localhost NetworkManager[661]: <info>  [1682655050.0742] dhcp4 (enp0s8):   plen 24 (255.255.255.0)
Apr 28 13:10:50 localhost NetworkManager[661]: <info>  [1682655050.0742] dhcp4 (enp0s8):   gateway 10.0.2.1
Apr 28 13:10:50 localhost NetworkManager[661]: <info>  [1682655050.0743] dhcp4 (enp0s8):   lease time 600
Apr 28 13:10:50 localhost NetworkManager[661]: <info>  [1682655050.0743] dhcp4 (enp0s8):   nameserver '10.0.2.1'
Apr 28 13:10:50 localhost NetworkManager[661]: <info>  [1682655050.0743] dhcp4 (enp0s8): state changed bound -> bound
Apr 28 13:10:50 localhost dbus[591]: [system] Activating via systemd: service name='org.freedesktop.nm_dispatcher' unit='dbus-org.freedesktop.nm-dispatcher.service'
Apr 28 13:10:50 localhost systemd: Starting Network Manager Script Dispatcher Service...
Apr 28 13:10:50 localhost dhclient[792]: bound to 10.0.2.4 -- renewal in 250 seconds.
Apr 28 13:10:50 localhost dbus[591]: [system] Successfully activated service 'org.freedesktop.nm_dispatcher'
Apr 28 13:10:50 localhost systemd: Started Network Manager Script Dispatcher Service.
Apr 28 13:10:50 localhost nm-dispatcher: req:1 'dhcp4-change' [enp0s8]: new request (4 scripts)
Apr 28 13:10:50 localhost nm-dispatcher: req:1 'dhcp4-change' [enp0s8]: start running ordered scripts...
Apr 28 13:14:56 localhost dhclient[790]: DHCPREQUEST on enp0s3 to 192.168.56.100 port 67 (xid=0x1c417b01)
Apr 28 13:14:56 localhost dhclient[790]: DHCPACK from 192.168.56.100 (xid=0x1c417b01)
Apr 28 13:14:56 localhost NetworkManager[661]: <info>  [1682655296.5652] dhcp4 (enp0s3):   address 192.168.56.101
Apr 28 13:14:56 localhost NetworkManager[661]: <info>  [1682655296.5652] dhcp4 (enp0s3):   plen 24 (255.255.255.0)
Apr 28 13:14:56 localhost NetworkManager[661]: <info>  [1682655296.5652] dhcp4 (enp0s3):   lease time 600
Apr 28 13:14:56 localhost NetworkManager[661]: <info>  [1682655296.5653] dhcp4 (enp0s3): state changed bound -> bound
Apr 28 13:14:56 localhost dbus[591]: [system] Activating via systemd: service name='org.freedesktop.nm_dispatcher' unit='dbus-org.freedesktop.nm-dispatcher.service'
Apr 28 13:14:56 localhost systemd: Starting Network Manager Script Dispatcher Service...
Apr 28 13:14:56 localhost dhclient[790]: bound to 192.168.56.101 -- renewal in 270 seconds.
Apr 28 13:14:56 localhost dbus[591]: [system] Successfully activated service 'org.freedesktop.nm_dispatcher'
Apr 28 13:14:56 localhost systemd: Started Network Manager Script Dispatcher Service.
Apr 28 13:14:56 localhost nm-dispatcher: req:1 'dhcp4-change' [enp0s3]: new request (4 scripts)
Apr 28 13:14:56 localhost nm-dispatcher: req:1 'dhcp4-change' [enp0s3]: start running ordered scripts...
Apr 28 13:15:00 localhost dhclient[792]: DHCPREQUEST on enp0s8 to 10.0.2.3 port 67 (xid=0x148be597)
Apr 28 13:15:00 localhost dhclient[792]: DHCPACK from 10.0.2.3 (xid=0x148be597)
Apr 28 13:15:00 localhost NetworkManager[661]: <info>  [1682655300.1726] dhcp4 (enp0s8):   address 10.0.2.4
Apr 28 13:15:00 localhost NetworkManager[661]: <info>  [1682655300.1726] dhcp4 (enp0s8):   plen 24 (255.255.255.0)
Apr 28 13:15:00 localhost NetworkManager[661]: <info>  [1682655300.1726] dhcp4 (enp0s8):   gateway 10.0.2.1
Apr 28 13:15:00 localhost NetworkManager[661]: <info>  [1682655300.1727] dhcp4 (enp0s8):   lease time 600
Apr 28 13:15:00 localhost NetworkManager[661]: <info>  [1682655300.1727] dhcp4 (enp0s8):   nameserver '10.0.2.1'
Apr 28 13:15:00 localhost NetworkManager[661]: <info>  [1682655300.1728] dhcp4 (enp0s8): state changed bound -> bound
Apr 28 13:15:00 localhost nm-dispatcher: req:2 'dhcp4-change' [enp0s8]: new request (4 scripts)
Apr 28 13:15:00 localhost nm-dispatcher: req:2 'dhcp4-change' [enp0s8]: start running ordered scripts...
Apr 28 13:15:00 localhost dhclient[792]: bound to 10.0.2.4 -- renewal in 243 seconds.
Apr 28 13:19:03 localhost dhclient[792]: DHCPREQUEST on enp0s8 to 10.0.2.3 port 67 (xid=0x148be597)
Apr 28 13:19:03 localhost dhclient[792]: DHCPACK from 10.0.2.3 (xid=0x148be597)
Apr 28 13:19:03 localhost NetworkManager[661]: <info>  [1682655543.7079] dhcp4 (enp0s8):   address 10.0.2.4
Apr 28 13:19:03 localhost NetworkManager[661]: <info>  [1682655543.7088] dhcp4 (enp0s8):   plen 24 (255.255.255.0)
Apr 28 13:19:03 localhost NetworkManager[661]: <info>  [1682655543.7088] dhcp4 (enp0s8):   gateway 10.0.2.1
Apr 28 13:19:03 localhost NetworkManager[661]: <info>  [1682655543.7089] dhcp4 (enp0s8):   lease time 600
Apr 28 13:19:03 localhost NetworkManager[661]: <info>  [1682655543.7090] dhcp4 (enp0s8):   nameserver '10.0.2.1'
Apr 28 13:19:03 localhost NetworkManager[661]: <info>  [1682655543.7090] dhcp4 (enp0s8): state changed bound -> bound
Apr 28 13:19:03 localhost dbus[591]: [system] Activating via systemd: service name='org.freedesktop.nm_dispatcher' unit='dbus-org.freedesktop.nm-dispatcher.service'
Apr 28 13:19:03 localhost systemd: Starting Network Manager Script Dispatcher Service...
Apr 28 13:19:03 localhost dhclient[792]: bound to 10.0.2.4 -- renewal in 271 seconds.
Apr 28 13:19:03 localhost dbus[591]: [system] Successfully activated service 'org.freedesktop.nm_dispatcher'
Apr 28 13:19:03 localhost systemd: Started Network Manager Script Dispatcher Service.
Apr 28 13:19:03 localhost nm-dispatcher: req:1 'dhcp4-change' [enp0s8]: new request (4 scripts)
Apr 28 13:19:03 localhost nm-dispatcher: req:1 'dhcp4-change' [enp0s8]: start running ordered scripts...
Apr 28 13:19:26 localhost dhclient[790]: DHCPREQUEST on enp0s3 to 192.168.56.100 port 67 (xid=0x1c417b01)
Apr 28 13:19:26 localhost dhclient[790]: DHCPACK from 192.168.56.100 (xid=0x1c417b01)
Apr 28 13:19:26 localhost NetworkManager[661]: <info>  [1682655566.7229] dhcp4 (enp0s3):   address 192.168.56.101
Apr 28 13:19:26 localhost NetworkManager[661]: <info>  [1682655566.7229] dhcp4 (enp0s3):   plen 24 (255.255.255.0)
Apr 28 13:19:26 localhost NetworkManager[661]: <info>  [1682655566.7229] dhcp4 (enp0s3):   lease time 600
Apr 28 13:19:26 localhost NetworkManager[661]: <info>  [1682655566.7229] dhcp4 (enp0s3): state changed bound -> bound
Apr 28 13:19:26 localhost dbus[591]: [system] Activating via systemd: service name='org.freedesktop.nm_dispatcher' unit='dbus-org.freedesktop.nm-dispatcher.service'
Apr 28 13:19:26 localhost systemd: Starting Network Manager Script Dispatcher Service...
Apr 28 13:19:26 localhost dhclient[790]: bound to 192.168.56.101 -- renewal in 230 seconds.
Apr 28 13:19:26 localhost dbus[591]: [system] Successfully activated service 'org.freedesktop.nm_dispatcher'
Apr 28 13:19:26 localhost systemd: Started Network Manager Script Dispatcher Service.
Apr 28 13:19:26 localhost nm-dispatcher: req:1 'dhcp4-change' [enp0s3]: new request (4 scripts)
Apr 28 13:19:26 localhost nm-dispatcher: req:1 'dhcp4-change' [enp0s3]: start running ordered scripts...
Apr 28 13:20:01 localhost systemd: Started Session 31 of user root.
Apr 28 13:23:16 localhost dhclient[790]: DHCPREQUEST on enp0s3 to 192.168.56.100 port 67 (xid=0x1c417b01)
Apr 28 13:23:16 localhost dhclient[790]: DHCPACK from 192.168.56.100 (xid=0x1c417b01)
Apr 28 13:23:16 localhost NetworkManager[661]: <info>  [1682655796.4029] dhcp4 (enp0s3):   address 192.168.56.101
Apr 28 13:23:16 localhost NetworkManager[661]: <info>  [1682655796.4035] dhcp4 (enp0s3):   plen 24 (255.255.255.0)
Apr 28 13:23:16 localhost NetworkManager[661]: <info>  [1682655796.4035] dhcp4 (enp0s3):   lease time 600
Apr 28 13:23:16 localhost NetworkManager[661]: <info>  [1682655796.4036] dhcp4 (enp0s3): state changed bound -> bound
Apr 28 13:23:16 localhost dbus[591]: [system] Activating via systemd: service name='org.freedesktop.nm_dispatcher' unit='dbus-org.freedesktop.nm-dispatcher.service'
Apr 28 13:23:16 localhost systemd: Starting Network Manager Script Dispatcher Service...
Apr 28 13:23:16 localhost dhclient[790]: bound to 192.168.56.101 -- renewal in 265 seconds.
Apr 28 13:23:16 localhost dbus[591]: [system] Successfully activated service 'org.freedesktop.nm_dispatcher'
Apr 28 13:23:16 localhost systemd: Started Network Manager Script Dispatcher Service.
Apr 28 13:23:16 localhost nm-dispatcher: req:1 'dhcp4-change' [enp0s3]: new request (4 scripts)
Apr 28 13:23:16 localhost nm-dispatcher: req:1 'dhcp4-change' [enp0s3]: start running ordered scripts...
Apr 28 13:23:34 localhost dhclient[792]: DHCPREQUEST on enp0s8 to 10.0.2.3 port 67 (xid=0x148be597)
Apr 28 13:23:34 localhost dhclient[792]: DHCPACK from 10.0.2.3 (xid=0x148be597)
Apr 28 13:23:34 localhost NetworkManager[661]: <info>  [1682655814.7309] dhcp4 (enp0s8):   address 10.0.2.4
Apr 28 13:23:34 localhost NetworkManager[661]: <info>  [1682655814.7316] dhcp4 (enp0s8):   plen 24 (255.255.255.0)
Apr 28 13:23:34 localhost NetworkManager[661]: <info>  [1682655814.7316] dhcp4 (enp0s8):   gateway 10.0.2.1
Apr 28 13:23:34 localhost NetworkManager[661]: <info>  [1682655814.7317] dhcp4 (enp0s8):   lease time 600
Apr 28 13:23:34 localhost NetworkManager[661]: <info>  [1682655814.7317] dhcp4 (enp0s8):   nameserver '10.0.2.1'
Apr 28 13:23:34 localhost NetworkManager[661]: <info>  [1682655814.7317] dhcp4 (enp0s8): state changed bound -> bound
Apr 28 13:23:34 localhost dbus[591]: [system] Activating via systemd: service name='org.freedesktop.nm_dispatcher' unit='dbus-org.freedesktop.nm-dispatcher.service'
Apr 28 13:23:34 localhost systemd: Starting Network Manager Script Dispatcher Service...
Apr 28 13:23:34 localhost dhclient[792]: bound to 10.0.2.4 -- renewal in 243 seconds.
Apr 28 13:23:34 localhost dbus[591]: [system] Successfully activated service 'org.freedesktop.nm_dispatcher'
Apr 28 13:23:34 localhost systemd: Started Network Manager Script Dispatcher Service.
Apr 28 13:23:34 localhost nm-dispatcher: req:1 'dhcp4-change' [enp0s8]: new request (4 scripts)
Apr 28 13:23:34 localhost nm-dispatcher: req:1 'dhcp4-change' [enp0s8]: start running ordered scripts...
Apr 28 13:27:37 localhost dhclient[792]: DHCPREQUEST on enp0s8 to 10.0.2.3 port 67 (xid=0x148be597)
Apr 28 13:27:37 localhost dhclient[792]: DHCPACK from 10.0.2.3 (xid=0x148be597)
Apr 28 13:27:37 localhost NetworkManager[661]: <info>  [1682656057.5993] dhcp4 (enp0s8):   address 10.0.2.4
Apr 28 13:27:37 localhost NetworkManager[661]: <info>  [1682656057.5994] dhcp4 (enp0s8):   plen 24 (255.255.255.0)
Apr 28 13:27:37 localhost NetworkManager[661]: <info>  [1682656057.5994] dhcp4 (enp0s8):   gateway 10.0.2.1
Apr 28 13:27:37 localhost NetworkManager[661]: <info>  [1682656057.5995] dhcp4 (enp0s8):   lease time 600
Apr 28 13:27:37 localhost NetworkManager[661]: <info>  [1682656057.5995] dhcp4 (enp0s8):   nameserver '10.0.2.1'
Apr 28 13:27:37 localhost NetworkManager[661]: <info>  [1682656057.5996] dhcp4 (enp0s8): state changed bound -> bound
Apr 28 13:27:37 localhost dbus[591]: [system] Activating via systemd: service name='org.freedesktop.nm_dispatcher' unit='dbus-org.freedesktop.nm-dispatcher.service'
Apr 28 13:27:37 localhost systemd: Starting Network Manager Script Dispatcher Service...
Apr 28 13:27:37 localhost dhclient[792]: bound to 10.0.2.4 -- renewal in 258 seconds.
Apr 28 13:27:37 localhost dbus[591]: [system] Successfully activated service 'org.freedesktop.nm_dispatcher'
Apr 28 13:27:37 localhost systemd: Started Network Manager Script Dispatcher Service.
Apr 28 13:27:37 localhost nm-dispatcher: req:1 'dhcp4-change' [enp0s8]: new request (4 scripts)
Apr 28 13:27:37 localhost nm-dispatcher: req:1 'dhcp4-change' [enp0s8]: start running ordered scripts...
Apr 28 13:27:41 localhost dhclient[790]: DHCPREQUEST on enp0s3 to 192.168.56.100 port 67 (xid=0x1c417b01)
Apr 28 13:27:41 localhost dhclient[790]: DHCPACK from 192.168.56.100 (xid=0x1c417b01)
Apr 28 13:27:41 localhost NetworkManager[661]: <info>  [1682656061.7103] dhcp4 (enp0s3):   address 192.168.56.101
Apr 28 13:27:41 localhost NetworkManager[661]: <info>  [1682656061.7103] dhcp4 (enp0s3):   plen 24 (255.255.255.0)
Apr 28 13:27:41 localhost NetworkManager[661]: <info>  [1682656061.7103] dhcp4 (enp0s3):   lease time 600
Apr 28 13:27:41 localhost NetworkManager[661]: <info>  [1682656061.7103] dhcp4 (enp0s3): state changed bound -> bound
Apr 28 13:27:41 localhost nm-dispatcher: req:2 'dhcp4-change' [enp0s3]: new request (4 scripts)
Apr 28 13:27:41 localhost nm-dispatcher: req:2 'dhcp4-change' [enp0s3]: start running ordered scripts...
Apr 28 13:27:41 localhost dhclient[790]: bound to 192.168.56.101 -- renewal in 284 seconds.
Apr 28 13:30:01 localhost systemd: Started Session 32 of user root.
Apr 28 13:31:23 localhost systemd-logind: Removed session 5.
Apr 28 13:31:31 localhost systemd: Started Session 33 of user root.
Apr 28 13:31:31 localhost systemd-logind: New session 33 of user root.
Apr 28 13:31:38 localhost dbus[591]: [system] Activating service name='org.freedesktop.problems' (using servicehelper)
Apr 28 13:31:39 localhost dbus[591]: [system] Successfully activated service 'org.freedesktop.problems'
Apr 28 13:31:55 localhost dhclient[792]: DHCPREQUEST on enp0s8 to 10.0.2.3 port 67 (xid=0x148be597)
Apr 28 13:31:55 localhost dhclient[792]: DHCPACK from 10.0.2.3 (xid=0x148be597)
Apr 28 13:31:55 localhost NetworkManager[661]: <info>  [1682656315.1620] dhcp4 (enp0s8):   address 10.0.2.4
Apr 28 13:31:55 localhost NetworkManager[661]: <info>  [1682656315.1625] dhcp4 (enp0s8):   plen 24 (255.255.255.0)
Apr 28 13:31:55 localhost NetworkManager[661]: <info>  [1682656315.1625] dhcp4 (enp0s8):   gateway 10.0.2.1
Apr 28 13:31:55 localhost NetworkManager[661]: <info>  [1682656315.1625] dhcp4 (enp0s8):   lease time 600
Apr 28 13:31:55 localhost NetworkManager[661]: <info>  [1682656315.1626] dhcp4 (enp0s8):   nameserver '10.0.2.1'
Apr 28 13:31:55 localhost NetworkManager[661]: <info>  [1682656315.1626] dhcp4 (enp0s8): state changed bound -> bound
Apr 28 13:31:55 localhost dbus[591]: [system] Activating via systemd: service name='org.freedesktop.nm_dispatcher' unit='dbus-org.freedesktop.nm-dispatcher.service'
Apr 28 13:31:55 localhost systemd: Starting Network Manager Script Dispatcher Service...
Apr 28 13:31:55 localhost dhclient[792]: bound to 10.0.2.4 -- renewal in 250 seconds.
Apr 28 13:31:55 localhost dbus[591]: [system] Successfully activated service 'org.freedesktop.nm_dispatcher'
Apr 28 13:31:55 localhost systemd: Started Network Manager Script Dispatcher Service.
Apr 28 13:31:55 localhost nm-dispatcher: req:1 'dhcp4-change' [enp0s8]: new request (4 scripts)
Apr 28 13:31:55 localhost nm-dispatcher: req:1 'dhcp4-change' [enp0s8]: start running ordered scripts...
Apr 28 13:32:25 localhost dhclient[790]: DHCPREQUEST on enp0s3 to 192.168.56.100 port 67 (xid=0x1c417b01)
Apr 28 13:32:25 localhost dhclient[790]: DHCPACK from 192.168.56.100 (xid=0x1c417b01)
Apr 28 13:32:25 localhost NetworkManager[661]: <info>  [1682656345.2648] dhcp4 (enp0s3):   address 192.168.56.101
Apr 28 13:32:25 localhost NetworkManager[661]: <info>  [1682656345.2653] dhcp4 (enp0s3):   plen 24 (255.255.255.0)
Apr 28 13:32:25 localhost NetworkManager[661]: <info>  [1682656345.2653] dhcp4 (enp0s3):   lease time 600
Apr 28 13:32:25 localhost NetworkManager[661]: <info>  [1682656345.2653] dhcp4 (enp0s3): state changed bound -> bound
Apr 28 13:32:25 localhost dbus[591]: [system] Activating via systemd: service name='org.freedesktop.nm_dispatcher' unit='dbus-org.freedesktop.nm-dispatcher.service'
Apr 28 13:32:25 localhost systemd: Starting Network Manager Script Dispatcher Service...
Apr 28 13:32:25 localhost dhclient[790]: bound to 192.168.56.101 -- renewal in 239 seconds.
Apr 28 13:32:25 localhost dbus[591]: [system] Successfully activated service 'org.freedesktop.nm_dispatcher'
Apr 28 13:32:25 localhost systemd: Started Network Manager Script Dispatcher Service.
Apr 28 13:32:25 localhost nm-dispatcher: req:1 'dhcp4-change' [enp0s3]: new request (4 scripts)
Apr 28 13:32:25 localhost nm-dispatcher: req:1 'dhcp4-change' [enp0s3]: start running ordered scripts...
Apr 28 13:36:05 localhost dhclient[792]: DHCPREQUEST on enp0s8 to 10.0.2.3 port 67 (xid=0x148be597)
Apr 28 13:36:05 localhost dhclient[792]: DHCPACK from 10.0.2.3 (xid=0x148be597)
Apr 28 13:36:05 localhost NetworkManager[661]: <info>  [1682656565.7114] dhcp4 (enp0s8):   address 10.0.2.4
Apr 28 13:36:05 localhost NetworkManager[661]: <info>  [1682656565.7114] dhcp4 (enp0s8):   plen 24 (255.255.255.0)
Apr 28 13:36:05 localhost NetworkManager[661]: <info>  [1682656565.7114] dhcp4 (enp0s8):   gateway 10.0.2.1
Apr 28 13:36:05 localhost NetworkManager[661]: <info>  [1682656565.7115] dhcp4 (enp0s8):   lease time 600
Apr 28 13:36:05 localhost NetworkManager[661]: <info>  [1682656565.7115] dhcp4 (enp0s8):   nameserver '10.0.2.1'
Apr 28 13:36:05 localhost NetworkManager[661]: <info>  [1682656565.7115] dhcp4 (enp0s8): state changed bound -> bound
Apr 28 13:36:05 localhost dbus[591]: [system] Activating via systemd: service name='org.freedesktop.nm_dispatcher' unit='dbus-org.freedesktop.nm-dispatcher.service'
Apr 28 13:36:05 localhost systemd: Starting Network Manager Script Dispatcher Service...
Apr 28 13:36:05 localhost dhclient[792]: bound to 10.0.2.4 -- renewal in 255 seconds.
Apr 28 13:36:05 localhost dbus[591]: [system] Successfully activated service 'org.freedesktop.nm_dispatcher'
Apr 28 13:36:05 localhost systemd: Started Network Manager Script Dispatcher Service.
Apr 28 13:36:05 localhost nm-dispatcher: req:1 'dhcp4-change' [enp0s8]: new request (4 scripts)
Apr 28 13:36:05 localhost nm-dispatcher: req:1 'dhcp4-change' [enp0s8]: start running ordered scripts...
Apr 28 13:36:24 localhost dhclient[790]: DHCPREQUEST on enp0s3 to 192.168.56.100 port 67 (xid=0x1c417b01)
Apr 28 13:36:24 localhost dhclient[790]: DHCPACK from 192.168.56.100 (xid=0x1c417b01)
Apr 28 13:36:24 localhost NetworkManager[661]: <info>  [1682656584.0935] dhcp4 (enp0s3):   address 192.168.56.101
Apr 28 13:36:24 localhost NetworkManager[661]: <info>  [1682656584.0938] dhcp4 (enp0s3):   plen 24 (255.255.255.0)
Apr 28 13:36:24 localhost NetworkManager[661]: <info>  [1682656584.0938] dhcp4 (enp0s3):   lease time 600
Apr 28 13:36:24 localhost NetworkManager[661]: <info>  [1682656584.0938] dhcp4 (enp0s3): state changed bound -> bound
Apr 28 13:36:24 localhost dbus[591]: [system] Activating via systemd: service name='org.freedesktop.nm_dispatcher' unit='dbus-org.freedesktop.nm-dispatcher.service'
Apr 28 13:36:24 localhost systemd: Starting Network Manager Script Dispatcher Service...
Apr 28 13:36:24 localhost dhclient[790]: bound to 192.168.56.101 -- renewal in 259 seconds.
Apr 28 13:36:24 localhost dbus[591]: [system] Successfully activated service 'org.freedesktop.nm_dispatcher'
Apr 28 13:36:24 localhost systemd: Started Network Manager Script Dispatcher Service.
Apr 28 13:36:24 localhost nm-dispatcher: req:1 'dhcp4-change' [enp0s3]: new request (4 scripts)
Apr 28 13:36:24 localhost nm-dispatcher: req:1 'dhcp4-change' [enp0s3]: start running ordered scripts...
Apr 28 13:40:01 localhost systemd: Started Session 34 of user root.
Apr 28 13:40:20 localhost dhclient[792]: DHCPREQUEST on enp0s8 to 10.0.2.3 port 67 (xid=0x148be597)
Apr 28 13:40:20 localhost dhclient[792]: DHCPACK from 10.0.2.3 (xid=0x148be597)
Apr 28 13:40:20 localhost NetworkManager[661]: <info>  [1682656820.4181] dhcp4 (enp0s8):   address 10.0.2.4
Apr 28 13:40:20 localhost NetworkManager[661]: <info>  [1682656820.4181] dhcp4 (enp0s8):   plen 24 (255.255.255.0)
Apr 28 13:40:20 localhost NetworkManager[661]: <info>  [1682656820.4182] dhcp4 (enp0s8):   gateway 10.0.2.1
Apr 28 13:40:20 localhost NetworkManager[661]: <info>  [1682656820.4182] dhcp4 (enp0s8):   lease time 600
Apr 28 13:40:20 localhost NetworkManager[661]: <info>  [1682656820.4182] dhcp4 (enp0s8):   nameserver '10.0.2.1'
Apr 28 13:40:20 localhost NetworkManager[661]: <info>  [1682656820.4182] dhcp4 (enp0s8): state changed bound -> bound
Apr 28 13:40:20 localhost dbus[591]: [system] Activating via systemd: service name='org.freedesktop.nm_dispatcher' unit='dbus-org.freedesktop.nm-dispatcher.service'
Apr 28 13:40:20 localhost systemd: Starting Network Manager Script Dispatcher Service...
Apr 28 13:40:20 localhost dhclient[792]: bound to 10.0.2.4 -- renewal in 278 seconds.
Apr 28 13:40:20 localhost dbus[591]: [system] Successfully activated service 'org.freedesktop.nm_dispatcher'
Apr 28 13:40:20 localhost systemd: Started Network Manager Script Dispatcher Service.
Apr 28 13:40:20 localhost nm-dispatcher: req:1 'dhcp4-change' [enp0s8]: new request (4 scripts)
Apr 28 13:40:20 localhost nm-dispatcher: req:1 'dhcp4-change' [enp0s8]: start running ordered scripts...
Apr 28 13:40:43 localhost dhclient[790]: DHCPREQUEST on enp0s3 to 192.168.56.100 port 67 (xid=0x1c417b01)
Apr 28 13:40:43 localhost dhclient[790]: DHCPACK from 192.168.56.100 (xid=0x1c417b01)
Apr 28 13:40:43 localhost NetworkManager[661]: <info>  [1682656843.4626] dhcp4 (enp0s3):   address 192.168.56.101
Apr 28 13:40:43 localhost NetworkManager[661]: <info>  [1682656843.4636] dhcp4 (enp0s3):   plen 24 (255.255.255.0)
Apr 28 13:40:43 localhost NetworkManager[661]: <info>  [1682656843.4636] dhcp4 (enp0s3):   lease time 600
Apr 28 13:40:43 localhost NetworkManager[661]: <info>  [1682656843.4637] dhcp4 (enp0s3): state changed bound -> bound
Apr 28 13:40:43 localhost dbus[591]: [system] Activating via systemd: service name='org.freedesktop.nm_dispatcher' unit='dbus-org.freedesktop.nm-dispatcher.service'
Apr 28 13:40:43 localhost systemd: Starting Network Manager Script Dispatcher Service...
Apr 28 13:40:43 localhost dhclient[790]: bound to 192.168.56.101 -- renewal in 283 seconds.
Apr 28 13:40:43 localhost dbus[591]: [system] Successfully activated service 'org.freedesktop.nm_dispatcher'
Apr 28 13:40:43 localhost systemd: Started Network Manager Script Dispatcher Service.
Apr 28 13:40:43 localhost nm-dispatcher: req:1 'dhcp4-change' [enp0s3]: new request (4 scripts)
Apr 28 13:40:43 localhost nm-dispatcher: req:1 'dhcp4-change' [enp0s3]: start running ordered scripts...
Apr 28 13:44:58 localhost dhclient[792]: DHCPREQUEST on enp0s8 to 10.0.2.3 port 67 (xid=0x148be597)
Apr 28 13:44:58 localhost dhclient[792]: DHCPACK from 10.0.2.3 (xid=0x148be597)
Apr 28 13:44:58 localhost NetworkManager[661]: <info>  [1682657098.1364] dhcp4 (enp0s8):   address 10.0.2.4
Apr 28 13:44:58 localhost NetworkManager[661]: <info>  [1682657098.1365] dhcp4 (enp0s8):   plen 24 (255.255.255.0)
Apr 28 13:44:58 localhost NetworkManager[661]: <info>  [1682657098.1365] dhcp4 (enp0s8):   gateway 10.0.2.1
Apr 28 13:44:58 localhost NetworkManager[661]: <info>  [1682657098.1365] dhcp4 (enp0s8):   lease time 600
Apr 28 13:44:58 localhost NetworkManager[661]: <info>  [1682657098.1366] dhcp4 (enp0s8):   nameserver '10.0.2.1'
Apr 28 13:44:58 localhost NetworkManager[661]: <info>  [1682657098.1366] dhcp4 (enp0s8): state changed bound -> bound
Apr 28 13:44:58 localhost dbus[591]: [system] Activating via systemd: service name='org.freedesktop.nm_dispatcher' unit='dbus-org.freedesktop.nm-dispatcher.service'
Apr 28 13:44:58 localhost systemd: Starting Network Manager Script Dispatcher Service...
Apr 28 13:44:58 localhost dhclient[792]: bound to 10.0.2.4 -- renewal in 246 seconds.
Apr 28 13:44:58 localhost dbus[591]: [system] Successfully activated service 'org.freedesktop.nm_dispatcher'
Apr 28 13:44:58 localhost systemd: Started Network Manager Script Dispatcher Service.
Apr 28 13:44:58 localhost nm-dispatcher: req:1 'dhcp4-change' [enp0s8]: new request (4 scripts)
Apr 28 13:44:58 localhost nm-dispatcher: req:1 'dhcp4-change' [enp0s8]: start running ordered scripts...
Apr 28 13:45:18 localhost dbus[591]: [system] Activating service name='org.freedesktop.problems' (using servicehelper)
Apr 28 13:45:18 localhost dbus[591]: [system] Successfully activated service 'org.freedesktop.problems'
Apr 28 13:45:26 localhost dhclient[790]: DHCPREQUEST on enp0s3 to 192.168.56.100 port 67 (xid=0x1c417b01)
Apr 28 13:45:26 localhost dhclient[790]: DHCPACK from 192.168.56.100 (xid=0x1c417b01)
Apr 28 13:45:26 localhost NetworkManager[661]: <info>  [1682657126.9061] dhcp4 (enp0s3):   address 192.168.56.101
Apr 28 13:45:26 localhost NetworkManager[661]: <info>  [1682657126.9065] dhcp4 (enp0s3):   plen 24 (255.255.255.0)
Apr 28 13:45:26 localhost NetworkManager[661]: <info>  [1682657126.9065] dhcp4 (enp0s3):   lease time 600
Apr 28 13:45:26 localhost NetworkManager[661]: <info>  [1682657126.9065] dhcp4 (enp0s3): state changed bound -> bound
Apr 28 13:45:26 localhost dbus[591]: [system] Activating via systemd: service name='org.freedesktop.nm_dispatcher' unit='dbus-org.freedesktop.nm-dispatcher.service'
Apr 28 13:45:26 localhost systemd: Starting Network Manager Script Dispatcher Service...
Apr 28 13:45:26 localhost dhclient[790]: bound to 192.168.56.101 -- renewal in 234 seconds.
Apr 28 13:45:26 localhost dbus[591]: [system] Successfully activated service 'org.freedesktop.nm_dispatcher'
Apr 28 13:45:26 localhost systemd: Started Network Manager Script Dispatcher Service.
Apr 28 13:45:26 localhost nm-dispatcher: req:1 'dhcp4-change' [enp0s3]: new request (4 scripts)
Apr 28 13:45:26 localhost nm-dispatcher: req:1 'dhcp4-change' [enp0s3]: start running ordered scripts...
Apr 28 13:49:04 localhost dhclient[792]: DHCPREQUEST on enp0s8 to 10.0.2.3 port 67 (xid=0x148be597)
Apr 28 13:49:04 localhost dhclient[792]: DHCPACK from 10.0.2.3 (xid=0x148be597)
Apr 28 13:49:04 localhost NetworkManager[661]: <info>  [1682657344.4302] dhcp4 (enp0s8):   address 10.0.2.4
Apr 28 13:49:04 localhost NetworkManager[661]: <info>  [1682657344.4307] dhcp4 (enp0s8):   plen 24 (255.255.255.0)
Apr 28 13:49:04 localhost NetworkManager[661]: <info>  [1682657344.4307] dhcp4 (enp0s8):   gateway 10.0.2.1
Apr 28 13:49:04 localhost NetworkManager[661]: <info>  [1682657344.4307] dhcp4 (enp0s8):   lease time 600
Apr 28 13:49:04 localhost NetworkManager[661]: <info>  [1682657344.4307] dhcp4 (enp0s8):   nameserver '10.0.2.1'
Apr 28 13:49:04 localhost NetworkManager[661]: <info>  [1682657344.4308] dhcp4 (enp0s8): state changed bound -> bound
Apr 28 13:49:04 localhost dbus[591]: [system] Activating via systemd: service name='org.freedesktop.nm_dispatcher' unit='dbus-org.freedesktop.nm-dispatcher.service'
Apr 28 13:49:04 localhost systemd: Starting Network Manager Script Dispatcher Service...
Apr 28 13:49:04 localhost dhclient[792]: bound to 10.0.2.4 -- renewal in 269 seconds.
Apr 28 13:49:04 localhost dbus[591]: [system] Successfully activated service 'org.freedesktop.nm_dispatcher'
Apr 28 13:49:04 localhost systemd: Started Network Manager Script Dispatcher Service.
Apr 28 13:49:04 localhost nm-dispatcher: req:1 'dhcp4-change' [enp0s8]: new request (4 scripts)
Apr 28 13:49:04 localhost nm-dispatcher: req:1 'dhcp4-change' [enp0s8]: start running ordered scripts...
Apr 28 13:49:20 localhost dhclient[790]: DHCPREQUEST on enp0s3 to 192.168.56.100 port 67 (xid=0x1c417b01)
Apr 28 13:49:20 localhost dhclient[790]: DHCPACK from 192.168.56.100 (xid=0x1c417b01)
Apr 28 13:49:20 localhost NetworkManager[661]: <info>  [1682657360.1310] dhcp4 (enp0s3):   address 192.168.56.101
Apr 28 13:49:20 localhost NetworkManager[661]: <info>  [1682657360.1311] dhcp4 (enp0s3):   plen 24 (255.255.255.0)
Apr 28 13:49:20 localhost NetworkManager[661]: <info>  [1682657360.1311] dhcp4 (enp0s3):   lease time 600
Apr 28 13:49:20 localhost NetworkManager[661]: <info>  [1682657360.1311] dhcp4 (enp0s3): state changed bound -> bound
Apr 28 13:49:20 localhost dbus[591]: [system] Activating via systemd: service name='org.freedesktop.nm_dispatcher' unit='dbus-org.freedesktop.nm-dispatcher.service'
Apr 28 13:49:20 localhost systemd: Starting Network Manager Script Dispatcher Service...
Apr 28 13:49:20 localhost dhclient[790]: bound to 192.168.56.101 -- renewal in 265 seconds.
Apr 28 13:49:20 localhost dbus[591]: [system] Successfully activated service 'org.freedesktop.nm_dispatcher'
Apr 28 13:49:20 localhost systemd: Started Network Manager Script Dispatcher Service.
Apr 28 13:49:20 localhost nm-dispatcher: req:1 'dhcp4-change' [enp0s3]: new request (4 scripts)
Apr 28 13:49:20 localhost nm-dispatcher: req:1 'dhcp4-change' [enp0s3]: start running ordered scripts...
Apr 28 13:50:01 localhost systemd: Started Session 35 of user root.
Apr 28 13:53:33 localhost dhclient[792]: DHCPREQUEST on enp0s8 to 10.0.2.3 port 67 (xid=0x148be597)
Apr 28 13:53:33 localhost dhclient[792]: DHCPACK from 10.0.2.3 (xid=0x148be597)
Apr 28 13:53:33 localhost NetworkManager[661]: <info>  [1682657613.2771] dhcp4 (enp0s8):   address 10.0.2.4
Apr 28 13:53:33 localhost NetworkManager[661]: <info>  [1682657613.2776] dhcp4 (enp0s8):   plen 24 (255.255.255.0)
Apr 28 13:53:33 localhost NetworkManager[661]: <info>  [1682657613.2776] dhcp4 (enp0s8):   gateway 10.0.2.1
Apr 28 13:53:33 localhost NetworkManager[661]: <info>  [1682657613.2776] dhcp4 (enp0s8):   lease time 600
Apr 28 13:53:33 localhost NetworkManager[661]: <info>  [1682657613.2776] dhcp4 (enp0s8):   nameserver '10.0.2.1'
Apr 28 13:53:33 localhost NetworkManager[661]: <info>  [1682657613.2777] dhcp4 (enp0s8): state changed bound -> bound
Apr 28 13:53:33 localhost dbus[591]: [system] Activating via systemd: service name='org.freedesktop.nm_dispatcher' unit='dbus-org.freedesktop.nm-dispatcher.service'
Apr 28 13:53:33 localhost systemd: Starting Network Manager Script Dispatcher Service...
Apr 28 13:53:33 localhost dhclient[792]: bound to 10.0.2.4 -- renewal in 281 seconds.
Apr 28 13:53:33 localhost dbus[591]: [system] Successfully activated service 'org.freedesktop.nm_dispatcher'
Apr 28 13:53:33 localhost systemd: Started Network Manager Script Dispatcher Service.
Apr 28 13:53:33 localhost nm-dispatcher: req:1 'dhcp4-change' [enp0s8]: new request (4 scripts)
Apr 28 13:53:33 localhost nm-dispatcher: req:1 'dhcp4-change' [enp0s8]: start running ordered scripts...
Apr 28 13:53:45 localhost dhclient[790]: DHCPREQUEST on enp0s3 to 192.168.56.100 port 67 (xid=0x1c417b01)
Apr 28 13:53:45 localhost dhclient[790]: DHCPACK from 192.168.56.100 (xid=0x1c417b01)
Apr 28 13:53:45 localhost NetworkManager[661]: <info>  [1682657625.3481] dhcp4 (enp0s3):   address 192.168.56.101
Apr 28 13:53:45 localhost NetworkManager[661]: <info>  [1682657625.3486] dhcp4 (enp0s3):   plen 24 (255.255.255.0)
Apr 28 13:53:45 localhost NetworkManager[661]: <info>  [1682657625.3487] dhcp4 (enp0s3):   lease time 600
Apr 28 13:53:45 localhost NetworkManager[661]: <info>  [1682657625.3487] dhcp4 (enp0s3): state changed bound -> bound
Apr 28 13:53:45 localhost dbus[591]: [system] Activating via systemd: service name='org.freedesktop.nm_dispatcher' unit='dbus-org.freedesktop.nm-dispatcher.service'
Apr 28 13:53:45 localhost systemd: Starting Network Manager Script Dispatcher Service...
Apr 28 13:53:45 localhost dhclient[790]: bound to 192.168.56.101 -- renewal in 290 seconds.
Apr 28 13:53:45 localhost dbus[591]: [system] Successfully activated service 'org.freedesktop.nm_dispatcher'
Apr 28 13:53:45 localhost systemd: Started Network Manager Script Dispatcher Service.
Apr 28 13:53:45 localhost nm-dispatcher: req:1 'dhcp4-change' [enp0s3]: new request (4 scripts)
Apr 28 13:53:45 localhost nm-dispatcher: req:1 'dhcp4-change' [enp0s3]: start running ordered scripts...
Apr 28 13:58:14 localhost dhclient[792]: DHCPREQUEST on enp0s8 to 10.0.2.3 port 67 (xid=0x148be597)
Apr 28 13:58:14 localhost dhclient[792]: DHCPACK from 10.0.2.3 (xid=0x148be597)
Apr 28 13:58:14 localhost NetworkManager[661]: <info>  [1682657894.7032] dhcp4 (enp0s8):   address 10.0.2.4
Apr 28 13:58:14 localhost NetworkManager[661]: <info>  [1682657894.7038] dhcp4 (enp0s8):   plen 24 (255.255.255.0)
Apr 28 13:58:14 localhost NetworkManager[661]: <info>  [1682657894.7038] dhcp4 (enp0s8):   gateway 10.0.2.1
Apr 28 13:58:14 localhost NetworkManager[661]: <info>  [1682657894.7039] dhcp4 (enp0s8):   lease time 600
Apr 28 13:58:14 localhost NetworkManager[661]: <info>  [1682657894.7039] dhcp4 (enp0s8):   nameserver '10.0.2.1'
Apr 28 13:58:14 localhost NetworkManager[661]: <info>  [1682657894.7039] dhcp4 (enp0s8): state changed bound -> bound
Apr 28 13:58:14 localhost dbus[591]: [system] Activating via systemd: service name='org.freedesktop.nm_dispatcher' unit='dbus-org.freedesktop.nm-dispatcher.service'
Apr 28 13:58:14 localhost systemd: Starting Network Manager Script Dispatcher Service...
Apr 28 13:58:14 localhost dhclient[792]: bound to 10.0.2.4 -- renewal in 262 seconds.
Apr 28 13:58:14 localhost dbus[591]: [system] Successfully activated service 'org.freedesktop.nm_dispatcher'
Apr 28 13:58:14 localhost systemd: Started Network Manager Script Dispatcher Service.
Apr 28 13:58:14 localhost nm-dispatcher: req:1 'dhcp4-change' [enp0s8]: new request (4 scripts)
Apr 28 13:58:14 localhost nm-dispatcher: req:1 'dhcp4-change' [enp0s8]: start running ordered scripts...
Apr 28 13:58:35 localhost dhclient[790]: DHCPREQUEST on enp0s3 to 192.168.56.100 port 67 (xid=0x1c417b01)
Apr 28 13:58:35 localhost dhclient[790]: DHCPACK from 192.168.56.100 (xid=0x1c417b01)
Apr 28 13:58:35 localhost NetworkManager[661]: <info>  [1682657915.3954] dhcp4 (enp0s3):   address 192.168.56.101
Apr 28 13:58:35 localhost NetworkManager[661]: <info>  [1682657915.3954] dhcp4 (enp0s3):   plen 24 (255.255.255.0)
Apr 28 13:58:35 localhost NetworkManager[661]: <info>  [1682657915.3954] dhcp4 (enp0s3):   lease time 600
Apr 28 13:58:35 localhost NetworkManager[661]: <info>  [1682657915.3955] dhcp4 (enp0s3): state changed bound -> bound
Apr 28 13:58:35 localhost dbus[591]: [system] Activating via systemd: service name='org.freedesktop.nm_dispatcher' unit='dbus-org.freedesktop.nm-dispatcher.service'
Apr 28 13:58:35 localhost systemd: Starting Network Manager Script Dispatcher Service...
Apr 28 13:58:35 localhost dhclient[790]: bound to 192.168.56.101 -- renewal in 231 seconds.
Apr 28 13:58:35 localhost dbus[591]: [system] Successfully activated service 'org.freedesktop.nm_dispatcher'
Apr 28 13:58:35 localhost systemd: Started Network Manager Script Dispatcher Service.
Apr 28 13:58:35 localhost nm-dispatcher: req:1 'dhcp4-change' [enp0s3]: new request (4 scripts)
Apr 28 13:58:35 localhost nm-dispatcher: req:1 'dhcp4-change' [enp0s3]: start running ordered scripts...
Apr 28 14:00:01 localhost systemd: Started Session 36 of user root.
Apr 28 14:01:01 localhost systemd: Started Session 37 of user root.
Apr 28 14:02:26 localhost dhclient[790]: DHCPREQUEST on enp0s3 to 192.168.56.100 port 67 (xid=0x1c417b01)
Apr 28 14:02:26 localhost dhclient[790]: DHCPACK from 192.168.56.100 (xid=0x1c417b01)
Apr 28 14:02:26 localhost NetworkManager[661]: <info>  [1682658146.8094] dhcp4 (enp0s3):   address 192.168.56.101
Apr 28 14:02:26 localhost NetworkManager[661]: <info>  [1682658146.8100] dhcp4 (enp0s3):   plen 24 (255.255.255.0)
Apr 28 14:02:26 localhost NetworkManager[661]: <info>  [1682658146.8101] dhcp4 (enp0s3):   lease time 600
Apr 28 14:02:26 localhost NetworkManager[661]: <info>  [1682658146.8101] dhcp4 (enp0s3): state changed bound -> bound
Apr 28 14:02:26 localhost dbus[591]: [system] Activating via systemd: service name='org.freedesktop.nm_dispatcher' unit='dbus-org.freedesktop.nm-dispatcher.service'
Apr 28 14:02:26 localhost systemd: Starting Network Manager Script Dispatcher Service...
Apr 28 14:02:26 localhost dhclient[790]: bound to 192.168.56.101 -- renewal in 258 seconds.
Apr 28 14:02:26 localhost dbus[591]: [system] Successfully activated service 'org.freedesktop.nm_dispatcher'
Apr 28 14:02:26 localhost systemd: Started Network Manager Script Dispatcher Service.
Apr 28 14:02:26 localhost nm-dispatcher: req:1 'dhcp4-change' [enp0s3]: new request (4 scripts)
Apr 28 14:02:26 localhost nm-dispatcher: req:1 'dhcp4-change' [enp0s3]: start running ordered scripts...
Apr 28 14:02:36 localhost dhclient[792]: DHCPREQUEST on enp0s8 to 10.0.2.3 port 67 (xid=0x148be597)
Apr 28 14:02:36 localhost dhclient[792]: DHCPACK from 10.0.2.3 (xid=0x148be597)
Apr 28 14:02:36 localhost NetworkManager[661]: <info>  [1682658156.5819] dhcp4 (enp0s8):   address 10.0.2.4
Apr 28 14:02:36 localhost NetworkManager[661]: <info>  [1682658156.5820] dhcp4 (enp0s8):   plen 24 (255.255.255.0)
Apr 28 14:02:36 localhost NetworkManager[661]: <info>  [1682658156.5820] dhcp4 (enp0s8):   gateway 10.0.2.1
Apr 28 14:02:36 localhost NetworkManager[661]: <info>  [1682658156.5820] dhcp4 (enp0s8):   lease time 600
Apr 28 14:02:36 localhost NetworkManager[661]: <info>  [1682658156.5820] dhcp4 (enp0s8):   nameserver '10.0.2.1'
Apr 28 14:02:36 localhost NetworkManager[661]: <info>  [1682658156.5821] dhcp4 (enp0s8): state changed bound -> bound
Apr 28 14:02:36 localhost nm-dispatcher: req:2 'dhcp4-change' [enp0s8]: new request (4 scripts)
Apr 28 14:02:36 localhost nm-dispatcher: req:2 'dhcp4-change' [enp0s8]: start running ordered scripts...
Apr 28 14:02:36 localhost dhclient[792]: bound to 10.0.2.4 -- renewal in 301 seconds.
Apr 28 14:06:44 localhost dhclient[790]: DHCPREQUEST on enp0s3 to 192.168.56.100 port 67 (xid=0x1c417b01)
Apr 28 14:06:44 localhost dhclient[790]: DHCPACK from 192.168.56.100 (xid=0x1c417b01)
Apr 28 14:06:44 localhost NetworkManager[661]: <info>  [1682658404.6599] dhcp4 (enp0s3):   address 192.168.56.101
Apr 28 14:06:44 localhost NetworkManager[661]: <info>  [1682658404.6599] dhcp4 (enp0s3):   plen 24 (255.255.255.0)
Apr 28 14:06:44 localhost NetworkManager[661]: <info>  [1682658404.6600] dhcp4 (enp0s3):   lease time 600
Apr 28 14:06:44 localhost NetworkManager[661]: <info>  [1682658404.6600] dhcp4 (enp0s3): state changed bound -> bound
Apr 28 14:06:44 localhost dbus[591]: [system] Activating via systemd: service name='org.freedesktop.nm_dispatcher' unit='dbus-org.freedesktop.nm-dispatcher.service'
Apr 28 14:06:44 localhost systemd: Starting Network Manager Script Dispatcher Service...
Apr 28 14:06:44 localhost dhclient[790]: bound to 192.168.56.101 -- renewal in 279 seconds.
Apr 28 14:06:44 localhost dbus[591]: [system] Successfully activated service 'org.freedesktop.nm_dispatcher'
Apr 28 14:06:44 localhost systemd: Started Network Manager Script Dispatcher Service.
Apr 28 14:06:44 localhost nm-dispatcher: req:1 'dhcp4-change' [enp0s3]: new request (4 scripts)
Apr 28 14:06:44 localhost nm-dispatcher: req:1 'dhcp4-change' [enp0s3]: start running ordered scripts...
Apr 28 14:07:37 localhost dhclient[792]: DHCPREQUEST on enp0s8 to 10.0.2.3 port 67 (xid=0x148be597)
Apr 28 14:07:37 localhost dhclient[792]: DHCPACK from 10.0.2.3 (xid=0x148be597)
Apr 28 14:07:37 localhost NetworkManager[661]: <info>  [1682658457.9258] dhcp4 (enp0s8):   address 10.0.2.4
Apr 28 14:07:37 localhost NetworkManager[661]: <info>  [1682658457.9263] dhcp4 (enp0s8):   plen 24 (255.255.255.0)
Apr 28 14:07:37 localhost NetworkManager[661]: <info>  [1682658457.9264] dhcp4 (enp0s8):   gateway 10.0.2.1
Apr 28 14:07:37 localhost NetworkManager[661]: <info>  [1682658457.9264] dhcp4 (enp0s8):   lease time 600
Apr 28 14:07:37 localhost NetworkManager[661]: <info>  [1682658457.9264] dhcp4 (enp0s8):   nameserver '10.0.2.1'
Apr 28 14:07:37 localhost NetworkManager[661]: <info>  [1682658457.9264] dhcp4 (enp0s8): state changed bound -> bound
Apr 28 14:07:37 localhost dbus[591]: [system] Activating via systemd: service name='org.freedesktop.nm_dispatcher' unit='dbus-org.freedesktop.nm-dispatcher.service'
Apr 28 14:07:37 localhost systemd: Starting Network Manager Script Dispatcher Service...
Apr 28 14:07:37 localhost dhclient[792]: bound to 10.0.2.4 -- renewal in 250 seconds.
Apr 28 14:07:37 localhost dbus[591]: [system] Successfully activated service 'org.freedesktop.nm_dispatcher'
Apr 28 14:07:37 localhost systemd: Started Network Manager Script Dispatcher Service.
Apr 28 14:07:37 localhost nm-dispatcher: req:1 'dhcp4-change' [enp0s8]: new request (4 scripts)
Apr 28 14:07:37 localhost nm-dispatcher: req:1 'dhcp4-change' [enp0s8]: start running ordered scripts...
Apr 28 14:10:01 localhost systemd: Started Session 38 of user root.
Apr 28 14:11:23 localhost dhclient[790]: DHCPREQUEST on enp0s3 to 192.168.56.100 port 67 (xid=0x1c417b01)
Apr 28 14:11:23 localhost dhclient[790]: DHCPACK from 192.168.56.100 (xid=0x1c417b01)
Apr 28 14:11:23 localhost NetworkManager[661]: <info>  [1682658683.1669] dhcp4 (enp0s3):   address 192.168.56.101
Apr 28 14:11:23 localhost NetworkManager[661]: <info>  [1682658683.1674] dhcp4 (enp0s3):   plen 24 (255.255.255.0)
Apr 28 14:11:23 localhost NetworkManager[661]: <info>  [1682658683.1674] dhcp4 (enp0s3):   lease time 600
Apr 28 14:11:23 localhost NetworkManager[661]: <info>  [1682658683.1674] dhcp4 (enp0s3): state changed bound -> bound
Apr 28 14:11:23 localhost dbus[591]: [system] Activating via systemd: service name='org.freedesktop.nm_dispatcher' unit='dbus-org.freedesktop.nm-dispatcher.service'
Apr 28 14:11:23 localhost systemd: Starting Network Manager Script Dispatcher Service...
Apr 28 14:11:23 localhost dhclient[790]: bound to 192.168.56.101 -- renewal in 281 seconds.
Apr 28 14:11:23 localhost dbus[591]: [system] Successfully activated service 'org.freedesktop.nm_dispatcher'
Apr 28 14:11:23 localhost systemd: Started Network Manager Script Dispatcher Service.
Apr 28 14:11:23 localhost nm-dispatcher: req:1 'dhcp4-change' [enp0s3]: new request (4 scripts)
Apr 28 14:11:23 localhost nm-dispatcher: req:1 'dhcp4-change' [enp0s3]: start running ordered scripts...
Apr 28 14:11:47 localhost dhclient[792]: DHCPREQUEST on enp0s8 to 10.0.2.3 port 67 (xid=0x148be597)
Apr 28 14:11:47 localhost dhclient[792]: DHCPACK from 10.0.2.3 (xid=0x148be597)
Apr 28 14:11:47 localhost NetworkManager[661]: <info>  [1682658707.4097] dhcp4 (enp0s8):   address 10.0.2.4
Apr 28 14:11:47 localhost NetworkManager[661]: <info>  [1682658707.4098] dhcp4 (enp0s8):   plen 24 (255.255.255.0)
Apr 28 14:11:47 localhost NetworkManager[661]: <info>  [1682658707.4098] dhcp4 (enp0s8):   gateway 10.0.2.1
Apr 28 14:11:47 localhost NetworkManager[661]: <info>  [1682658707.4099] dhcp4 (enp0s8):   lease time 600
Apr 28 14:11:47 localhost NetworkManager[661]: <info>  [1682658707.4099] dhcp4 (enp0s8):   nameserver '10.0.2.1'
