Apr 28 11:43:25 localhost systemd: Starting Network Manager Script Dispatcher Service...
Apr 28 11:43:25 localhost dhclient[792]: bound to 10.0.2.4 -- renewal in 292 seconds.
Apr 28 11:43:25 localhost dbus[591]: [system] Successfully activated service 'org.freedesktop.nm_dispatcher'
Apr 28 11:43:25 localhost systemd: Started Network Manager Script Dispatcher Service.
Apr 28 11:43:25 localhost nm-dispatcher: req:1 'dhcp4-change' [enp0s8]: new request (4 scripts)
Apr 28 11:43:25 localhost nm-dispatcher: req:1 'dhcp4-change' [enp0s8]: start running ordered scripts...
Apr 28 11:46:58 localhost dhclient[790]: DHCPREQUEST on enp0s3 to 192.168.56.100 port 67 (xid=0x1c417b01)
Apr 28 11:46:58 localhost dhclient[790]: DHCPACK from 192.168.56.100 (xid=0x1c417b01)
Apr 28 11:46:58 localhost NetworkManager[661]: <info>  [1682650018.9029] dhcp4 (enp0s3):   address 192.168.56.101
Apr 28 11:46:58 localhost NetworkManager[661]: <info>  [1682650018.9030] dhcp4 (enp0s3):   plen 24 (255.255.255.0)
Apr 28 11:46:58 localhost NetworkManager[661]: <info>  [1682650018.9030] dhcp4 (enp0s3):   lease time 600
Apr 28 11:46:58 localhost NetworkManager[661]: <info>  [1682650018.9031] dhcp4 (enp0s3): state changed bound -> bound
Apr 28 11:46:58 localhost dbus[591]: [system] Activating via systemd: service name='org.freedesktop.nm_dispatcher' unit='dbus-org.freedesktop.nm-dispatcher.service'
Apr 28 11:46:58 localhost systemd: Starting Network Manager Script Dispatcher Service...
Apr 28 11:46:58 localhost dhclient[790]: bound to 192.168.56.101 -- renewal in 280 seconds.
Apr 28 11:46:58 localhost dbus[591]: [system] Successfully activated service 'org.freedesktop.nm_dispatcher'
Apr 28 11:46:58 localhost systemd: Started Network Manager Script Dispatcher Service.
Apr 28 11:46:58 localhost nm-dispatcher: req:1 'dhcp4-change' [enp0s3]: new request (4 scripts)
Apr 28 11:46:58 localhost nm-dispatcher: req:1 'dhcp4-change' [enp0s3]: start running ordered scripts...
Apr 28 11:48:17 localhost dhclient[792]: DHCPREQUEST on enp0s8 to 10.0.2.3 port 67 (xid=0x148be597)
Apr 28 11:48:17 localhost dhclient[792]: DHCPACK from 10.0.2.3 (xid=0x148be597)
Apr 28 11:48:17 localhost NetworkManager[661]: <info>  [1682650097.7468] dhcp4 (enp0s8):   address 10.0.2.4
Apr 28 11:48:17 localhost NetworkManager[661]: <info>  [1682650097.7472] dhcp4 (enp0s8):   plen 24 (255.255.255.0)
Apr 28 11:48:17 localhost NetworkManager[661]: <info>  [1682650097.7472] dhcp4 (enp0s8):   gateway 10.0.2.1
Apr 28 11:48:17 localhost NetworkManager[661]: <info>  [1682650097.7472] dhcp4 (enp0s8):   lease time 600
Apr 28 11:48:17 localhost NetworkManager[661]: <info>  [1682650097.7472] dhcp4 (enp0s8):   nameserver '10.0.2.1'
Apr 28 11:48:17 localhost NetworkManager[661]: <info>  [1682650097.7472] dhcp4 (enp0s8): state changed bound -> bound
Apr 28 11:48:17 localhost dbus[591]: [system] Activating via systemd: service name='org.freedesktop.nm_dispatcher' unit='dbus-org.freedesktop.nm-dispatcher.service'
Apr 28 11:48:17 localhost systemd: Starting Network Manager Script Dispatcher Service...
Apr 28 11:48:17 localhost dhclient[792]: bound to 10.0.2.4 -- renewal in 236 seconds.
Apr 28 11:48:17 localhost dbus[591]: [system] Successfully activated service 'org.freedesktop.nm_dispatcher'
Apr 28 11:48:17 localhost systemd: Started Network Manager Script Dispatcher Service.
Apr 28 11:48:17 localhost nm-dispatcher: req:1 'dhcp4-change' [enp0s8]: new request (4 scripts)
Apr 28 11:48:17 localhost nm-dispatcher: req:1 'dhcp4-change' [enp0s8]: start running ordered scripts...
Apr 28 11:50:01 localhost systemd: Started Session 20 of user root.
Apr 28 11:51:38 localhost dhclient[790]: DHCPREQUEST on enp0s3 to 192.168.56.100 port 67 (xid=0x1c417b01)
Apr 28 11:51:38 localhost dhclient[790]: DHCPACK from 192.168.56.100 (xid=0x1c417b01)
Apr 28 11:51:38 localhost NetworkManager[661]: <info>  [1682650298.6544] dhcp4 (enp0s3):   address 192.168.56.101
Apr 28 11:51:38 localhost NetworkManager[661]: <info>  [1682650298.6550] dhcp4 (enp0s3):   plen 24 (255.255.255.0)
Apr 28 11:51:38 localhost NetworkManager[661]: <info>  [1682650298.6550] dhcp4 (enp0s3):   lease time 600
Apr 28 11:51:38 localhost NetworkManager[661]: <info>  [1682650298.6551] dhcp4 (enp0s3): state changed bound -> bound
Apr 28 11:51:38 localhost dbus[591]: [system] Activating via systemd: service name='org.freedesktop.nm_dispatcher' unit='dbus-org.freedesktop.nm-dispatcher.service'
Apr 28 11:51:38 localhost systemd: Starting Network Manager Script Dispatcher Service...
Apr 28 11:51:38 localhost dhclient[790]: bound to 192.168.56.101 -- renewal in 280 seconds.
Apr 28 11:51:38 localhost dbus[591]: [system] Successfully activated service 'org.freedesktop.nm_dispatcher'
Apr 28 11:51:38 localhost systemd: Started Network Manager Script Dispatcher Service.
Apr 28 11:51:38 localhost nm-dispatcher: req:1 'dhcp4-change' [enp0s3]: new request (4 scripts)
Apr 28 11:51:38 localhost nm-dispatcher: req:1 'dhcp4-change' [enp0s3]: start running ordered scripts...
Apr 28 11:52:13 localhost dhclient[792]: DHCPREQUEST on enp0s8 to 10.0.2.3 port 67 (xid=0x148be597)
Apr 28 11:52:13 localhost dhclient[792]: DHCPACK from 10.0.2.3 (xid=0x148be597)
Apr 28 11:52:13 localhost NetworkManager[661]: <info>  [1682650333.7505] dhcp4 (enp0s8):   address 10.0.2.4
Apr 28 11:52:13 localhost NetworkManager[661]: <info>  [1682650333.7506] dhcp4 (enp0s8):   plen 24 (255.255.255.0)
Apr 28 11:52:13 localhost NetworkManager[661]: <info>  [1682650333.7506] dhcp4 (enp0s8):   gateway 10.0.2.1
Apr 28 11:52:13 localhost NetworkManager[661]: <info>  [1682650333.7506] dhcp4 (enp0s8):   lease time 600
Apr 28 11:52:13 localhost NetworkManager[661]: <info>  [1682650333.7506] dhcp4 (enp0s8):   nameserver '10.0.2.1'
Apr 28 11:52:13 localhost NetworkManager[661]: <info>  [1682650333.7506] dhcp4 (enp0s8): state changed bound -> bound
Apr 28 11:52:13 localhost dbus[591]: [system] Activating via systemd: service name='org.freedesktop.nm_dispatcher' unit='dbus-org.freedesktop.nm-dispatcher.service'
Apr 28 11:52:13 localhost systemd: Starting Network Manager Script Dispatcher Service...
Apr 28 11:52:13 localhost dhclient[792]: bound to 10.0.2.4 -- renewal in 289 seconds.
Apr 28 11:52:13 localhost dbus[591]: [system] Successfully activated service 'org.freedesktop.nm_dispatcher'
Apr 28 11:52:13 localhost systemd: Started Network Manager Script Dispatcher Service.
Apr 28 11:52:13 localhost nm-dispatcher: req:1 'dhcp4-change' [enp0s8]: new request (4 scripts)
Apr 28 11:52:13 localhost nm-dispatcher: req:1 'dhcp4-change' [enp0s8]: start running ordered scripts...
Apr 28 11:56:18 localhost dhclient[790]: DHCPREQUEST on enp0s3 to 192.168.56.100 port 67 (xid=0x1c417b01)
Apr 28 11:56:18 localhost dhclient[790]: DHCPACK from 192.168.56.100 (xid=0x1c417b01)
Apr 28 11:56:18 localhost NetworkManager[661]: <info>  [1682650578.5786] dhcp4 (enp0s3):   address 192.168.56.101
Apr 28 11:56:18 localhost NetworkManager[661]: <info>  [1682650578.5787] dhcp4 (enp0s3):   plen 24 (255.255.255.0)
Apr 28 11:56:18 localhost NetworkManager[661]: <info>  [1682650578.5787] dhcp4 (enp0s3):   lease time 600
Apr 28 11:56:18 localhost NetworkManager[661]: <info>  [1682650578.5787] dhcp4 (enp0s3): state changed bound -> bound
Apr 28 11:56:18 localhost dbus[591]: [system] Activating via systemd: service name='org.freedesktop.nm_dispatcher' unit='dbus-org.freedesktop.nm-dispatcher.service'
Apr 28 11:56:18 localhost systemd: Starting Network Manager Script Dispatcher Service...
Apr 28 11:56:18 localhost dhclient[790]: bound to 192.168.56.101 -- renewal in 291 seconds.
Apr 28 11:56:18 localhost dbus[591]: [system] Successfully activated service 'org.freedesktop.nm_dispatcher'
Apr 28 11:56:18 localhost systemd: Started Network Manager Script Dispatcher Service.
Apr 28 11:56:18 localhost nm-dispatcher: req:1 'dhcp4-change' [enp0s3]: new request (4 scripts)
Apr 28 11:56:18 localhost nm-dispatcher: req:1 'dhcp4-change' [enp0s3]: start running ordered scripts...
Apr 28 11:57:02 localhost dhclient[792]: DHCPREQUEST on enp0s8 to 10.0.2.3 port 67 (xid=0x148be597)
Apr 28 11:57:02 localhost dhclient[792]: DHCPACK from 10.0.2.3 (xid=0x148be597)
Apr 28 11:57:02 localhost NetworkManager[661]: <info>  [1682650622.3841] dhcp4 (enp0s8):   address 10.0.2.4
Apr 28 11:57:02 localhost NetworkManager[661]: <info>  [1682650622.3846] dhcp4 (enp0s8):   plen 24 (255.255.255.0)
Apr 28 11:57:02 localhost NetworkManager[661]: <info>  [1682650622.3846] dhcp4 (enp0s8):   gateway 10.0.2.1
Apr 28 11:57:02 localhost NetworkManager[661]: <info>  [1682650622.3847] dhcp4 (enp0s8):   lease time 600
Apr 28 11:57:02 localhost NetworkManager[661]: <info>  [1682650622.3847] dhcp4 (enp0s8):   nameserver '10.0.2.1'
Apr 28 11:57:02 localhost NetworkManager[661]: <info>  [1682650622.3847] dhcp4 (enp0s8): state changed bound -> bound
Apr 28 11:57:02 localhost dbus[591]: [system] Activating via systemd: service name='org.freedesktop.nm_dispatcher' unit='dbus-org.freedesktop.nm-dispatcher.service'
Apr 28 11:57:02 localhost systemd: Starting Network Manager Script Dispatcher Service...
Apr 28 11:57:02 localhost dhclient[792]: bound to 10.0.2.4 -- renewal in 248 seconds.
Apr 28 11:57:02 localhost dbus[591]: [system] Successfully activated service 'org.freedesktop.nm_dispatcher'
Apr 28 11:57:02 localhost systemd: Started Network Manager Script Dispatcher Service.
Apr 28 11:57:02 localhost nm-dispatcher: req:1 'dhcp4-change' [enp0s8]: new request (4 scripts)
Apr 28 11:57:02 localhost nm-dispatcher: req:1 'dhcp4-change' [enp0s8]: start running ordered scripts...
Apr 28 12:00:01 localhost systemd: Started Session 21 of user root.
Apr 28 12:01:01 localhost systemd: Started Session 22 of user root.
Apr 28 12:01:09 localhost dhclient[790]: DHCPREQUEST on enp0s3 to 192.168.56.100 port 67 (xid=0x1c417b01)
Apr 28 12:01:09 localhost dhclient[790]: DHCPACK from 192.168.56.100 (xid=0x1c417b01)
Apr 28 12:01:09 localhost NetworkManager[661]: <info>  [1682650869.1479] dhcp4 (enp0s3):   address 192.168.56.101
Apr 28 12:01:09 localhost NetworkManager[661]: <info>  [1682650869.1483] dhcp4 (enp0s3):   plen 24 (255.255.255.0)
Apr 28 12:01:09 localhost NetworkManager[661]: <info>  [1682650869.1483] dhcp4 (enp0s3):   lease time 600
Apr 28 12:01:09 localhost NetworkManager[661]: <info>  [1682650869.1483] dhcp4 (enp0s3): state changed bound -> bound
Apr 28 12:01:09 localhost dbus[591]: [system] Activating via systemd: service name='org.freedesktop.nm_dispatcher' unit='dbus-org.freedesktop.nm-dispatcher.service'
Apr 28 12:01:09 localhost systemd: Starting Network Manager Script Dispatcher Service...
Apr 28 12:01:09 localhost dhclient[790]: bound to 192.168.56.101 -- renewal in 265 seconds.
Apr 28 12:01:09 localhost dbus[591]: [system] Successfully activated service 'org.freedesktop.nm_dispatcher'
Apr 28 12:01:09 localhost systemd: Started Network Manager Script Dispatcher Service.
Apr 28 12:01:09 localhost nm-dispatcher: req:1 'dhcp4-change' [enp0s3]: new request (4 scripts)
Apr 28 12:01:09 localhost nm-dispatcher: req:1 'dhcp4-change' [enp0s3]: start running ordered scripts...
Apr 28 12:01:10 localhost dhclient[792]: DHCPREQUEST on enp0s8 to 10.0.2.3 port 67 (xid=0x148be597)
Apr 28 12:01:10 localhost dhclient[792]: DHCPACK from 10.0.2.3 (xid=0x148be597)
Apr 28 12:01:10 localhost NetworkManager[661]: <info>  [1682650870.5200] dhcp4 (enp0s8):   address 10.0.2.4
Apr 28 12:01:10 localhost NetworkManager[661]: <info>  [1682650870.5201] dhcp4 (enp0s8):   plen 24 (255.255.255.0)
Apr 28 12:01:10 localhost NetworkManager[661]: <info>  [1682650870.5201] dhcp4 (enp0s8):   gateway 10.0.2.1
Apr 28 12:01:10 localhost NetworkManager[661]: <info>  [1682650870.5201] dhcp4 (enp0s8):   lease time 600
Apr 28 12:01:10 localhost NetworkManager[661]: <info>  [1682650870.5202] dhcp4 (enp0s8):   nameserver '10.0.2.1'
Apr 28 12:01:10 localhost NetworkManager[661]: <info>  [1682650870.5202] dhcp4 (enp0s8): state changed bound -> bound
Apr 28 12:01:10 localhost nm-dispatcher: req:2 'dhcp4-change' [enp0s8]: new request (4 scripts)
Apr 28 12:01:10 localhost nm-dispatcher: req:2 'dhcp4-change' [enp0s8]: start running ordered scripts...
Apr 28 12:01:10 localhost dhclient[792]: bound to 10.0.2.4 -- renewal in 242 seconds.
Apr 28 12:05:12 localhost dhclient[792]: DHCPREQUEST on enp0s8 to 10.0.2.3 port 67 (xid=0x148be597)
Apr 28 12:05:12 localhost dhclient[792]: DHCPACK from 10.0.2.3 (xid=0x148be597)
Apr 28 12:05:12 localhost NetworkManager[661]: <info>  [1682651112.8226] dhcp4 (enp0s8):   address 10.0.2.4
Apr 28 12:05:12 localhost NetworkManager[661]: <info>  [1682651112.8234] dhcp4 (enp0s8):   plen 24 (255.255.255.0)
Apr 28 12:05:12 localhost NetworkManager[661]: <info>  [1682651112.8235] dhcp4 (enp0s8):   gateway 10.0.2.1
Apr 28 12:05:12 localhost NetworkManager[661]: <info>  [1682651112.8235] dhcp4 (enp0s8):   lease time 600
Apr 28 12:05:12 localhost NetworkManager[661]: <info>  [1682651112.8235] dhcp4 (enp0s8):   nameserver '10.0.2.1'
Apr 28 12:05:12 localhost NetworkManager[661]: <info>  [1682651112.8236] dhcp4 (enp0s8): state changed bound -> bound
Apr 28 12:05:12 localhost dbus[591]: [system] Activating via systemd: service name='org.freedesktop.nm_dispatcher' unit='dbus-org.freedesktop.nm-dispatcher.service'
Apr 28 12:05:12 localhost systemd: Starting Network Manager Script Dispatcher Service...
Apr 28 12:05:12 localhost dhclient[792]: bound to 10.0.2.4 -- renewal in 281 seconds.
Apr 28 12:05:12 localhost dbus[591]: [system] Successfully activated service 'org.freedesktop.nm_dispatcher'
Apr 28 12:05:12 localhost systemd: Started Network Manager Script Dispatcher Service.
Apr 28 12:05:12 localhost nm-dispatcher: req:1 'dhcp4-change' [enp0s8]: new request (4 scripts)
Apr 28 12:05:12 localhost nm-dispatcher: req:1 'dhcp4-change' [enp0s8]: start running ordered scripts...
Apr 28 12:05:34 localhost dhclient[790]: DHCPREQUEST on enp0s3 to 192.168.56.100 port 67 (xid=0x1c417b01)
Apr 28 12:05:34 localhost dhclient[790]: DHCPACK from 192.168.56.100 (xid=0x1c417b01)
Apr 28 12:05:35 localhost NetworkManager[661]: <info>  [1682651135.0053] dhcp4 (enp0s3):   address 192.168.56.101
Apr 28 12:05:35 localhost NetworkManager[661]: <info>  [1682651135.0054] dhcp4 (enp0s3):   plen 24 (255.255.255.0)
Apr 28 12:05:35 localhost NetworkManager[661]: <info>  [1682651135.0054] dhcp4 (enp0s3):   lease time 600
Apr 28 12:05:35 localhost NetworkManager[661]: <info>  [1682651135.0055] dhcp4 (enp0s3): state changed bound -> bound
Apr 28 12:05:35 localhost dbus[591]: [system] Activating via systemd: service name='org.freedesktop.nm_dispatcher' unit='dbus-org.freedesktop.nm-dispatcher.service'
Apr 28 12:05:35 localhost systemd: Starting Network Manager Script Dispatcher Service...
Apr 28 12:05:35 localhost dhclient[790]: bound to 192.168.56.101 -- renewal in 259 seconds.
Apr 28 12:05:35 localhost dbus[591]: [system] Successfully activated service 'org.freedesktop.nm_dispatcher'
Apr 28 12:05:35 localhost systemd: Started Network Manager Script Dispatcher Service.
Apr 28 12:05:35 localhost nm-dispatcher: req:1 'dhcp4-change' [enp0s3]: new request (4 scripts)
Apr 28 12:05:35 localhost nm-dispatcher: req:1 'dhcp4-change' [enp0s3]: start running ordered scripts...
Apr 28 12:09:54 localhost dhclient[792]: DHCPREQUEST on enp0s8 to 10.0.2.3 port 67 (xid=0x148be597)
Apr 28 12:09:54 localhost dhclient[792]: DHCPACK from 10.0.2.3 (xid=0x148be597)
Apr 28 12:09:54 localhost NetworkManager[661]: <info>  [1682651394.0896] dhcp4 (enp0s8):   address 10.0.2.4
Apr 28 12:09:54 localhost NetworkManager[661]: <info>  [1682651394.0906] dhcp4 (enp0s8):   plen 24 (255.255.255.0)
Apr 28 12:09:54 localhost NetworkManager[661]: <info>  [1682651394.0906] dhcp4 (enp0s8):   gateway 10.0.2.1
Apr 28 12:09:54 localhost NetworkManager[661]: <info>  [1682651394.0907] dhcp4 (enp0s8):   lease time 600
Apr 28 12:09:54 localhost NetworkManager[661]: <info>  [1682651394.0907] dhcp4 (enp0s8):   nameserver '10.0.2.1'
Apr 28 12:09:54 localhost NetworkManager[661]: <info>  [1682651394.0908] dhcp4 (enp0s8): state changed bound -> bound
Apr 28 12:09:54 localhost dbus[591]: [system] Activating via systemd: service name='org.freedesktop.nm_dispatcher' unit='dbus-org.freedesktop.nm-dispatcher.service'
Apr 28 12:09:54 localhost systemd: Starting Network Manager Script Dispatcher Service...
Apr 28 12:09:54 localhost dhclient[792]: bound to 10.0.2.4 -- renewal in 276 seconds.
Apr 28 12:09:54 localhost dbus[591]: [system] Successfully activated service 'org.freedesktop.nm_dispatcher'
Apr 28 12:09:54 localhost systemd: Started Network Manager Script Dispatcher Service.
Apr 28 12:09:54 localhost nm-dispatcher: req:1 'dhcp4-change' [enp0s8]: new request (4 scripts)
Apr 28 12:09:54 localhost nm-dispatcher: req:1 'dhcp4-change' [enp0s8]: start running ordered scripts...
Apr 28 12:09:54 localhost dhclient[790]: DHCPREQUEST on enp0s3 to 192.168.56.100 port 67 (xid=0x1c417b01)
Apr 28 12:09:54 localhost dhclient[790]: DHCPACK from 192.168.56.100 (xid=0x1c417b01)
Apr 28 12:09:54 localhost NetworkManager[661]: <info>  [1682651394.2679] dhcp4 (enp0s3):   address 192.168.56.101
Apr 28 12:09:54 localhost NetworkManager[661]: <info>  [1682651394.2680] dhcp4 (enp0s3):   plen 24 (255.255.255.0)
Apr 28 12:09:54 localhost NetworkManager[661]: <info>  [1682651394.2680] dhcp4 (enp0s3):   lease time 600
Apr 28 12:09:54 localhost NetworkManager[661]: <info>  [1682651394.2680] dhcp4 (enp0s3): state changed bound -> bound
Apr 28 12:09:54 localhost nm-dispatcher: req:2 'dhcp4-change' [enp0s3]: new request (4 scripts)
Apr 28 12:09:54 localhost nm-dispatcher: req:2 'dhcp4-change' [enp0s3]: start running ordered scripts...
Apr 28 12:09:54 localhost dhclient[790]: bound to 192.168.56.101 -- renewal in 292 seconds.
Apr 28 12:10:01 localhost systemd: Started Session 23 of user root.
Apr 28 12:14:30 localhost dhclient[792]: DHCPREQUEST on enp0s8 to 10.0.2.3 port 67 (xid=0x148be597)
Apr 28 12:14:30 localhost dhclient[792]: DHCPACK from 10.0.2.3 (xid=0x148be597)
Apr 28 12:14:30 localhost NetworkManager[661]: <info>  [1682651670.3413] dhcp4 (enp0s8):   address 10.0.2.4
Apr 28 12:14:30 localhost NetworkManager[661]: <info>  [1682651670.3416] dhcp4 (enp0s8):   plen 24 (255.255.255.0)
Apr 28 12:14:30 localhost NetworkManager[661]: <info>  [1682651670.3417] dhcp4 (enp0s8):   gateway 10.0.2.1
Apr 28 12:14:30 localhost NetworkManager[661]: <info>  [1682651670.3417] dhcp4 (enp0s8):   lease time 600
Apr 28 12:14:30 localhost NetworkManager[661]: <info>  [1682651670.3417] dhcp4 (enp0s8):   nameserver '10.0.2.1'
Apr 28 12:14:30 localhost NetworkManager[661]: <info>  [1682651670.3417] dhcp4 (enp0s8): state changed bound -> bound
Apr 28 12:14:30 localhost dbus[591]: [system] Activating via systemd: service name='org.freedesktop.nm_dispatcher' unit='dbus-org.freedesktop.nm-dispatcher.service'
Apr 28 12:14:30 localhost systemd: Starting Network Manager Script Dispatcher Service...
Apr 28 12:14:30 localhost dhclient[792]: bound to 10.0.2.4 -- renewal in 232 seconds.
Apr 28 12:14:30 localhost dbus[591]: [system] Successfully activated service 'org.freedesktop.nm_dispatcher'
Apr 28 12:14:30 localhost systemd: Started Network Manager Script Dispatcher Service.
Apr 28 12:14:30 localhost nm-dispatcher: req:1 'dhcp4-change' [enp0s8]: new request (4 scripts)
Apr 28 12:14:30 localhost nm-dispatcher: req:1 'dhcp4-change' [enp0s8]: start running ordered scripts...
Apr 28 12:14:46 localhost dhclient[790]: DHCPREQUEST on enp0s3 to 192.168.56.100 port 67 (xid=0x1c417b01)
Apr 28 12:14:46 localhost dhclient[790]: DHCPACK from 192.168.56.100 (xid=0x1c417b01)
Apr 28 12:14:46 localhost NetworkManager[661]: <info>  [1682651686.5133] dhcp4 (enp0s3):   address 192.168.56.101
Apr 28 12:14:46 localhost NetworkManager[661]: <info>  [1682651686.5134] dhcp4 (enp0s3):   plen 24 (255.255.255.0)
Apr 28 12:14:46 localhost NetworkManager[661]: <info>  [1682651686.5134] dhcp4 (enp0s3):   lease time 600
Apr 28 12:14:46 localhost NetworkManager[661]: <info>  [1682651686.5134] dhcp4 (enp0s3): state changed bound -> bound
Apr 28 12:14:46 localhost dbus[591]: [system] Activating via systemd: service name='org.freedesktop.nm_dispatcher' unit='dbus-org.freedesktop.nm-dispatcher.service'
Apr 28 12:14:46 localhost systemd: Starting Network Manager Script Dispatcher Service...
Apr 28 12:14:46 localhost dhclient[790]: bound to 192.168.56.101 -- renewal in 275 seconds.
Apr 28 12:14:46 localhost dbus[591]: [system] Successfully activated service 'org.freedesktop.nm_dispatcher'
Apr 28 12:14:46 localhost systemd: Started Network Manager Script Dispatcher Service.
Apr 28 12:14:46 localhost nm-dispatcher: req:1 'dhcp4-change' [enp0s3]: new request (4 scripts)
Apr 28 12:14:46 localhost nm-dispatcher: req:1 'dhcp4-change' [enp0s3]: start running ordered scripts...
Apr 28 12:18:22 localhost dhclient[792]: DHCPREQUEST on enp0s8 to 10.0.2.3 port 67 (xid=0x148be597)
Apr 28 12:18:22 localhost dhclient[792]: DHCPACK from 10.0.2.3 (xid=0x148be597)
Apr 28 12:18:22 localhost NetworkManager[661]: <info>  [1682651902.9830] dhcp4 (enp0s8):   address 10.0.2.4
Apr 28 12:18:22 localhost NetworkManager[661]: <info>  [1682651902.9836] dhcp4 (enp0s8):   plen 24 (255.255.255.0)
Apr 28 12:18:22 localhost NetworkManager[661]: <info>  [1682651902.9837] dhcp4 (enp0s8):   gateway 10.0.2.1
Apr 28 12:18:22 localhost NetworkManager[661]: <info>  [1682651902.9837] dhcp4 (enp0s8):   lease time 600
Apr 28 12:18:22 localhost NetworkManager[661]: <info>  [1682651902.9837] dhcp4 (enp0s8):   nameserver '10.0.2.1'
Apr 28 12:18:22 localhost NetworkManager[661]: <info>  [1682651902.9838] dhcp4 (enp0s8): state changed bound -> bound
Apr 28 12:18:23 localhost dbus[591]: [system] Activating via systemd: service name='org.freedesktop.nm_dispatcher' unit='dbus-org.freedesktop.nm-dispatcher.service'
Apr 28 12:18:23 localhost systemd: Starting Network Manager Script Dispatcher Service...
Apr 28 12:18:23 localhost dhclient[792]: bound to 10.0.2.4 -- renewal in 261 seconds.
Apr 28 12:18:23 localhost dbus[591]: [system] Successfully activated service 'org.freedesktop.nm_dispatcher'
Apr 28 12:18:23 localhost systemd: Started Network Manager Script Dispatcher Service.
Apr 28 12:18:23 localhost nm-dispatcher: req:1 'dhcp4-change' [enp0s8]: new request (4 scripts)
Apr 28 12:18:23 localhost nm-dispatcher: req:1 'dhcp4-change' [enp0s8]: start running ordered scripts...
Apr 28 12:19:21 localhost dhclient[790]: DHCPREQUEST on enp0s3 to 192.168.56.100 port 67 (xid=0x1c417b01)
Apr 28 12:19:21 localhost dhclient[790]: DHCPACK from 192.168.56.100 (xid=0x1c417b01)
Apr 28 12:19:21 localhost NetworkManager[661]: <info>  [1682651961.7864] dhcp4 (enp0s3):   address 192.168.56.101
Apr 28 12:19:21 localhost NetworkManager[661]: <info>  [1682651961.7865] dhcp4 (enp0s3):   plen 24 (255.255.255.0)
Apr 28 12:19:21 localhost NetworkManager[661]: <info>  [1682651961.7865] dhcp4 (enp0s3):   lease time 600
Apr 28 12:19:21 localhost NetworkManager[661]: <info>  [1682651961.7866] dhcp4 (enp0s3): state changed bound -> bound
Apr 28 12:19:21 localhost dbus[591]: [system] Activating via systemd: service name='org.freedesktop.nm_dispatcher' unit='dbus-org.freedesktop.nm-dispatcher.service'
Apr 28 12:19:21 localhost systemd: Starting Network Manager Script Dispatcher Service...
Apr 28 12:19:21 localhost dhclient[790]: bound to 192.168.56.101 -- renewal in 299 seconds.
Apr 28 12:19:21 localhost dbus[591]: [system] Successfully activated service 'org.freedesktop.nm_dispatcher'
Apr 28 12:19:21 localhost systemd: Started Network Manager Script Dispatcher Service.
Apr 28 12:19:21 localhost nm-dispatcher: req:1 'dhcp4-change' [enp0s3]: new request (4 scripts)
Apr 28 12:19:21 localhost nm-dispatcher: req:1 'dhcp4-change' [enp0s3]: start running ordered scripts...
Apr 28 12:20:01 localhost systemd: Started Session 24 of user root.
Apr 28 12:22:44 localhost dhclient[792]: DHCPREQUEST on enp0s8 to 10.0.2.3 port 67 (xid=0x148be597)
Apr 28 12:22:44 localhost dhclient[792]: DHCPACK from 10.0.2.3 (xid=0x148be597)
Apr 28 12:22:44 localhost NetworkManager[661]: <info>  [1682652164.5308] dhcp4 (enp0s8):   address 10.0.2.4
Apr 28 12:22:44 localhost NetworkManager[661]: <info>  [1682652164.5314] dhcp4 (enp0s8):   plen 24 (255.255.255.0)
Apr 28 12:22:44 localhost NetworkManager[661]: <info>  [1682652164.5315] dhcp4 (enp0s8):   gateway 10.0.2.1
Apr 28 12:22:44 localhost NetworkManager[661]: <info>  [1682652164.5315] dhcp4 (enp0s8):   lease time 600
Apr 28 12:22:44 localhost NetworkManager[661]: <info>  [1682652164.5315] dhcp4 (enp0s8):   nameserver '10.0.2.1'
Apr 28 12:22:44 localhost NetworkManager[661]: <info>  [1682652164.5315] dhcp4 (enp0s8): state changed bound -> bound
Apr 28 12:22:44 localhost dbus[591]: [system] Activating via systemd: service name='org.freedesktop.nm_dispatcher' unit='dbus-org.freedesktop.nm-dispatcher.service'
Apr 28 12:22:44 localhost systemd: Starting Network Manager Script Dispatcher Service...
Apr 28 12:22:44 localhost dhclient[792]: bound to 10.0.2.4 -- renewal in 237 seconds.
Apr 28 12:22:44 localhost dbus[591]: [system] Successfully activated service 'org.freedesktop.nm_dispatcher'
Apr 28 12:22:44 localhost systemd: Started Network Manager Script Dispatcher Service.
Apr 28 12:22:44 localhost nm-dispatcher: req:1 'dhcp4-change' [enp0s8]: new request (4 scripts)
Apr 28 12:22:44 localhost nm-dispatcher: req:1 'dhcp4-change' [enp0s8]: start running ordered scripts...
Apr 28 12:24:20 localhost dhclient[790]: DHCPREQUEST on enp0s3 to 192.168.56.100 port 67 (xid=0x1c417b01)
Apr 28 12:24:20 localhost dhclient[790]: DHCPACK from 192.168.56.100 (xid=0x1c417b01)
Apr 28 12:24:20 localhost NetworkManager[661]: <info>  [1682652260.5846] dhcp4 (enp0s3):   address 192.168.56.101
Apr 28 12:24:20 localhost NetworkManager[661]: <info>  [1682652260.5846] dhcp4 (enp0s3):   plen 24 (255.255.255.0)
Apr 28 12:24:20 localhost NetworkManager[661]: <info>  [1682652260.5846] dhcp4 (enp0s3):   lease time 600
Apr 28 12:24:20 localhost NetworkManager[661]: <info>  [1682652260.5846] dhcp4 (enp0s3): state changed bound -> bound
Apr 28 12:24:20 localhost dbus[591]: [system] Activating via systemd: service name='org.freedesktop.nm_dispatcher' unit='dbus-org.freedesktop.nm-dispatcher.service'
Apr 28 12:24:20 localhost systemd: Starting Network Manager Script Dispatcher Service...
Apr 28 12:24:20 localhost dhclient[790]: bound to 192.168.56.101 -- renewal in 247 seconds.
Apr 28 12:24:20 localhost dbus[591]: [system] Successfully activated service 'org.freedesktop.nm_dispatcher'
Apr 28 12:24:20 localhost systemd: Started Network Manager Script Dispatcher Service.
Apr 28 12:24:20 localhost nm-dispatcher: req:1 'dhcp4-change' [enp0s3]: new request (4 scripts)
Apr 28 12:24:20 localhost nm-dispatcher: req:1 'dhcp4-change' [enp0s3]: start running ordered scripts...
Apr 28 12:26:41 localhost dhclient[792]: DHCPREQUEST on enp0s8 to 10.0.2.3 port 67 (xid=0x148be597)
Apr 28 12:26:41 localhost dhclient[792]: DHCPACK from 10.0.2.3 (xid=0x148be597)
Apr 28 12:26:41 localhost NetworkManager[661]: <info>  [1682652401.2983] dhcp4 (enp0s8):   address 10.0.2.4
Apr 28 12:26:41 localhost NetworkManager[661]: <info>  [1682652401.2989] dhcp4 (enp0s8):   plen 24 (255.255.255.0)
Apr 28 12:26:41 localhost NetworkManager[661]: <info>  [1682652401.2989] dhcp4 (enp0s8):   gateway 10.0.2.1
Apr 28 12:26:41 localhost NetworkManager[661]: <info>  [1682652401.2989] dhcp4 (enp0s8):   lease time 600
Apr 28 12:26:41 localhost NetworkManager[661]: <info>  [1682652401.2989] dhcp4 (enp0s8):   nameserver '10.0.2.1'
Apr 28 12:26:41 localhost NetworkManager[661]: <info>  [1682652401.2990] dhcp4 (enp0s8): state changed bound -> bound
Apr 28 12:26:41 localhost dbus[591]: [system] Activating via systemd: service name='org.freedesktop.nm_dispatcher' unit='dbus-org.freedesktop.nm-dispatcher.service'
Apr 28 12:26:41 localhost systemd: Starting Network Manager Script Dispatcher Service...
Apr 28 12:26:41 localhost dhclient[792]: bound to 10.0.2.4 -- renewal in 297 seconds.
Apr 28 12:26:41 localhost dbus[591]: [system] Successfully activated service 'org.freedesktop.nm_dispatcher'
Apr 28 12:26:41 localhost systemd: Started Network Manager Script Dispatcher Service.
Apr 28 12:26:41 localhost nm-dispatcher: req:1 'dhcp4-change' [enp0s8]: new request (4 scripts)
Apr 28 12:26:41 localhost nm-dispatcher: req:1 'dhcp4-change' [enp0s8]: start running ordered scripts...
Apr 28 12:28:27 localhost dhclient[790]: DHCPREQUEST on enp0s3 to 192.168.56.100 port 67 (xid=0x1c417b01)
Apr 28 12:28:27 localhost dhclient[790]: DHCPACK from 192.168.56.100 (xid=0x1c417b01)
Apr 28 12:28:27 localhost NetworkManager[661]: <info>  [1682652507.2471] dhcp4 (enp0s3):   address 192.168.56.101
Apr 28 12:28:27 localhost NetworkManager[661]: <info>  [1682652507.2471] dhcp4 (enp0s3):   plen 24 (255.255.255.0)
Apr 28 12:28:27 localhost NetworkManager[661]: <info>  [1682652507.2471] dhcp4 (enp0s3):   lease time 600
Apr 28 12:28:27 localhost NetworkManager[661]: <info>  [1682652507.2472] dhcp4 (enp0s3): state changed bound -> bound
Apr 28 12:28:27 localhost dbus[591]: [system] Activating via systemd: service name='org.freedesktop.nm_dispatcher' unit='dbus-org.freedesktop.nm-dispatcher.service'
Apr 28 12:28:27 localhost systemd: Starting Network Manager Script Dispatcher Service...
Apr 28 12:28:27 localhost dhclient[790]: bound to 192.168.56.101 -- renewal in 291 seconds.
Apr 28 12:28:27 localhost dbus[591]: [system] Successfully activated service 'org.freedesktop.nm_dispatcher'
Apr 28 12:28:27 localhost systemd: Started Network Manager Script Dispatcher Service.
Apr 28 12:28:27 localhost nm-dispatcher: req:1 'dhcp4-change' [enp0s3]: new request (4 scripts)
Apr 28 12:28:27 localhost nm-dispatcher: req:1 'dhcp4-change' [enp0s3]: start running ordered scripts...
Apr 28 12:30:02 localhost systemd: Started Session 25 of user root.
Apr 28 12:31:38 localhost dhclient[792]: DHCPREQUEST on enp0s8 to 10.0.2.3 port 67 (xid=0x148be597)
Apr 28 12:31:38 localhost dhclient[792]: DHCPACK from 10.0.2.3 (xid=0x148be597)
Apr 28 12:31:38 localhost NetworkManager[661]: <info>  [1682652698.8864] dhcp4 (enp0s8):   address 10.0.2.4
Apr 28 12:31:38 localhost NetworkManager[661]: <info>  [1682652698.8869] dhcp4 (enp0s8):   plen 24 (255.255.255.0)
Apr 28 12:31:38 localhost NetworkManager[661]: <info>  [1682652698.8869] dhcp4 (enp0s8):   gateway 10.0.2.1
Apr 28 12:31:38 localhost NetworkManager[661]: <info>  [1682652698.8870] dhcp4 (enp0s8):   lease time 600
Apr 28 12:31:38 localhost NetworkManager[661]: <info>  [1682652698.8870] dhcp4 (enp0s8):   nameserver '10.0.2.1'
Apr 28 12:31:38 localhost NetworkManager[661]: <info>  [1682652698.8870] dhcp4 (enp0s8): state changed bound -> bound
Apr 28 12:31:38 localhost dbus[591]: [system] Activating via systemd: service name='org.freedesktop.nm_dispatcher' unit='dbus-org.freedesktop.nm-dispatcher.service'
Apr 28 12:31:38 localhost systemd: Starting Network Manager Script Dispatcher Service...
Apr 28 12:31:38 localhost dhclient[792]: bound to 10.0.2.4 -- renewal in 264 seconds.
Apr 28 12:31:38 localhost dbus[591]: [system] Successfully activated service 'org.freedesktop.nm_dispatcher'
Apr 28 12:31:38 localhost systemd: Started Network Manager Script Dispatcher Service.
Apr 28 12:31:38 localhost nm-dispatcher: req:1 'dhcp4-change' [enp0s8]: new request (4 scripts)
Apr 28 12:31:38 localhost nm-dispatcher: req:1 'dhcp4-change' [enp0s8]: start running ordered scripts...
Apr 28 12:33:18 localhost dhclient[790]: DHCPREQUEST on enp0s3 to 192.168.56.100 port 67 (xid=0x1c417b01)
Apr 28 12:33:18 localhost dhclient[790]: DHCPACK from 192.168.56.100 (xid=0x1c417b01)
Apr 28 12:33:18 localhost NetworkManager[661]: <info>  [1682652798.3374] dhcp4 (enp0s3):   address 192.168.56.101
Apr 28 12:33:18 localhost NetworkManager[661]: <info>  [1682652798.3381] dhcp4 (enp0s3):   plen 24 (255.255.255.0)
Apr 28 12:33:18 localhost NetworkManager[661]: <info>  [1682652798.3381] dhcp4 (enp0s3):   lease time 600
Apr 28 12:33:18 localhost NetworkManager[661]: <info>  [1682652798.3382] dhcp4 (enp0s3): state changed bound -> bound
Apr 28 12:33:18 localhost dbus[591]: [system] Activating via systemd: service name='org.freedesktop.nm_dispatcher' unit='dbus-org.freedesktop.nm-dispatcher.service'
Apr 28 12:33:18 localhost systemd: Starting Network Manager Script Dispatcher Service...
Apr 28 12:33:18 localhost dhclient[790]: bound to 192.168.56.101 -- renewal in 259 seconds.
Apr 28 12:33:18 localhost dbus[591]: [system] Successfully activated service 'org.freedesktop.nm_dispatcher'
Apr 28 12:33:18 localhost systemd: Started Network Manager Script Dispatcher Service.
Apr 28 12:33:18 localhost nm-dispatcher: req:1 'dhcp4-change' [enp0s3]: new request (4 scripts)
Apr 28 12:33:18 localhost nm-dispatcher: req:1 'dhcp4-change' [enp0s3]: start running ordered scripts...
Apr 28 12:36:02 localhost dhclient[792]: DHCPREQUEST on enp0s8 to 10.0.2.3 port 67 (xid=0x148be597)
Apr 28 12:36:02 localhost dhclient[792]: DHCPACK from 10.0.2.3 (xid=0x148be597)
Apr 28 12:36:02 localhost NetworkManager[661]: <info>  [1682652962.7420] dhcp4 (enp0s8):   address 10.0.2.4
Apr 28 12:36:02 localhost NetworkManager[661]: <info>  [1682652962.7425] dhcp4 (enp0s8):   plen 24 (255.255.255.0)
Apr 28 12:36:02 localhost NetworkManager[661]: <info>  [1682652962.7425] dhcp4 (enp0s8):   gateway 10.0.2.1
Apr 28 12:36:02 localhost NetworkManager[661]: <info>  [1682652962.7425] dhcp4 (enp0s8):   lease time 600
Apr 28 12:36:02 localhost NetworkManager[661]: <info>  [1682652962.7425] dhcp4 (enp0s8):   nameserver '10.0.2.1'
Apr 28 12:36:02 localhost NetworkManager[661]: <info>  [1682652962.7426] dhcp4 (enp0s8): state changed bound -> bound
Apr 28 12:36:02 localhost dbus[591]: [system] Activating via systemd: service name='org.freedesktop.nm_dispatcher' unit='dbus-org.freedesktop.nm-dispatcher.service'
Apr 28 12:36:02 localhost systemd: Starting Network Manager Script Dispatcher Service...
Apr 28 12:36:02 localhost dhclient[792]: bound to 10.0.2.4 -- renewal in 290 seconds.
Apr 28 12:36:02 localhost dbus[591]: [system] Successfully activated service 'org.freedesktop.nm_dispatcher'
Apr 28 12:36:02 localhost systemd: Started Network Manager Script Dispatcher Service.
Apr 28 12:36:02 localhost nm-dispatcher: req:1 'dhcp4-change' [enp0s8]: new request (4 scripts)
Apr 28 12:36:02 localhost nm-dispatcher: req:1 'dhcp4-change' [enp0s8]: start running ordered scripts...
Apr 28 12:37:37 localhost dhclient[790]: DHCPREQUEST on enp0s3 to 192.168.56.100 port 67 (xid=0x1c417b01)
Apr 28 12:37:37 localhost dhclient[790]: DHCPACK from 192.168.56.100 (xid=0x1c417b01)
Apr 28 12:37:37 localhost NetworkManager[661]: <info>  [1682653057.2612] dhcp4 (enp0s3):   address 192.168.56.101
Apr 28 12:37:37 localhost NetworkManager[661]: <info>  [1682653057.2612] dhcp4 (enp0s3):   plen 24 (255.255.255.0)
Apr 28 12:37:37 localhost NetworkManager[661]: <info>  [1682653057.2612] dhcp4 (enp0s3):   lease time 600
Apr 28 12:37:37 localhost NetworkManager[661]: <info>  [1682653057.2612] dhcp4 (enp0s3): state changed bound -> bound
Apr 28 12:37:37 localhost dbus[591]: [system] Activating via systemd: service name='org.freedesktop.nm_dispatcher' unit='dbus-org.freedesktop.nm-dispatcher.service'
Apr 28 12:37:37 localhost systemd: Starting Network Manager Script Dispatcher Service...
Apr 28 12:37:37 localhost dhclient[790]: bound to 192.168.56.101 -- renewal in 260 seconds.
Apr 28 12:37:37 localhost dbus[591]: [system] Successfully activated service 'org.freedesktop.nm_dispatcher'
Apr 28 12:37:37 localhost systemd: Started Network Manager Script Dispatcher Service.
Apr 28 12:37:37 localhost nm-dispatcher: req:1 'dhcp4-change' [enp0s3]: new request (4 scripts)
Apr 28 12:37:37 localhost nm-dispatcher: req:1 'dhcp4-change' [enp0s3]: start running ordered scripts...
Apr 28 12:40:01 localhost systemd: Started Session 26 of user root.
Apr 28 12:40:52 localhost dhclient[792]: DHCPREQUEST on enp0s8 to 10.0.2.3 port 67 (xid=0x148be597)
Apr 28 12:40:52 localhost dhclient[792]: DHCPACK from 10.0.2.3 (xid=0x148be597)
Apr 28 12:40:52 localhost NetworkManager[661]: <info>  [1682653252.2942] dhcp4 (enp0s8):   address 10.0.2.4
Apr 28 12:40:52 localhost NetworkManager[661]: <info>  [1682653252.2946] dhcp4 (enp0s8):   plen 24 (255.255.255.0)
Apr 28 12:40:52 localhost NetworkManager[661]: <info>  [1682653252.2947] dhcp4 (enp0s8):   gateway 10.0.2.1
Apr 28 12:40:52 localhost NetworkManager[661]: <info>  [1682653252.2947] dhcp4 (enp0s8):   lease time 600
Apr 28 12:40:52 localhost NetworkManager[661]: <info>  [1682653252.2947] dhcp4 (enp0s8):   nameserver '10.0.2.1'
Apr 28 12:40:52 localhost NetworkManager[661]: <info>  [1682653252.2947] dhcp4 (enp0s8): state changed bound -> bound
Apr 28 12:40:52 localhost dbus[591]: [system] Activating via systemd: service name='org.freedesktop.nm_dispatcher' unit='dbus-org.freedesktop.nm-dispatcher.service'
Apr 28 12:40:52 localhost systemd: Starting Network Manager Script Dispatcher Service...
Apr 28 12:40:52 localhost dhclient[792]: bound to 10.0.2.4 -- renewal in 291 seconds.
Apr 28 12:40:52 localhost dbus[591]: [system] Successfully activated service 'org.freedesktop.nm_dispatcher'
Apr 28 12:40:52 localhost systemd: Started Network Manager Script Dispatcher Service.
Apr 28 12:40:52 localhost nm-dispatcher: req:1 'dhcp4-change' [enp0s8]: new request (4 scripts)
Apr 28 12:40:52 localhost nm-dispatcher: req:1 'dhcp4-change' [enp0s8]: start running ordered scripts...
Apr 28 12:41:57 localhost dhclient[790]: DHCPREQUEST on enp0s3 to 192.168.56.100 port 67 (xid=0x1c417b01)
Apr 28 12:41:57 localhost dhclient[790]: DHCPACK from 192.168.56.100 (xid=0x1c417b01)
Apr 28 12:41:57 localhost NetworkManager[661]: <info>  [1682653317.9737] dhcp4 (enp0s3):   address 192.168.56.101
Apr 28 12:41:57 localhost NetworkManager[661]: <info>  [1682653317.9744] dhcp4 (enp0s3):   plen 24 (255.255.255.0)
Apr 28 12:41:57 localhost NetworkManager[661]: <info>  [1682653317.9744] dhcp4 (enp0s3):   lease time 600
Apr 28 12:41:57 localhost NetworkManager[661]: <info>  [1682653317.9745] dhcp4 (enp0s3): state changed bound -> bound
Apr 28 12:41:57 localhost dbus[591]: [system] Activating via systemd: service name='org.freedesktop.nm_dispatcher' unit='dbus-org.freedesktop.nm-dispatcher.service'
Apr 28 12:41:57 localhost systemd: Starting Network Manager Script Dispatcher Service...
Apr 28 12:41:58 localhost dhclient[790]: bound to 192.168.56.101 -- renewal in 226 seconds.
Apr 28 12:41:58 localhost dbus[591]: [system] Successfully activated service 'org.freedesktop.nm_dispatcher'
Apr 28 12:41:58 localhost systemd: Started Network Manager Script Dispatcher Service.
Apr 28 12:41:58 localhost nm-dispatcher: req:1 'dhcp4-change' [enp0s3]: new request (4 scripts)
Apr 28 12:41:58 localhost nm-dispatcher: req:1 'dhcp4-change' [enp0s3]: start running ordered scripts...
Apr 28 12:45:43 localhost dhclient[792]: DHCPREQUEST on enp0s8 to 10.0.2.3 port 67 (xid=0x148be597)
Apr 28 12:45:43 localhost dhclient[792]: DHCPACK from 10.0.2.3 (xid=0x148be597)
Apr 28 12:45:43 localhost NetworkManager[661]: <info>  [1682653543.2739] dhcp4 (enp0s8):   address 10.0.2.4
Apr 28 12:45:43 localhost NetworkManager[661]: <info>  [1682653543.2740] dhcp4 (enp0s8):   plen 24 (255.255.255.0)
Apr 28 12:45:43 localhost NetworkManager[661]: <info>  [1682653543.2740] dhcp4 (enp0s8):   gateway 10.0.2.1
Apr 28 12:45:43 localhost NetworkManager[661]: <info>  [1682653543.2741] dhcp4 (enp0s8):   lease time 600
Apr 28 12:45:43 localhost NetworkManager[661]: <info>  [1682653543.2741] dhcp4 (enp0s8):   nameserver '10.0.2.1'
Apr 28 12:45:43 localhost NetworkManager[661]: <info>  [1682653543.2742] dhcp4 (enp0s8): state changed bound -> bound
Apr 28 12:45:43 localhost dbus[591]: [system] Activating via systemd: service name='org.freedesktop.nm_dispatcher' unit='dbus-org.freedesktop.nm-dispatcher.service'
Apr 28 12:45:43 localhost systemd: Starting Network Manager Script Dispatcher Service...
Apr 28 12:45:43 localhost dhclient[792]: bound to 10.0.2.4 -- renewal in 244 seconds.
Apr 28 12:45:43 localhost dbus[591]: [system] Successfully activated service 'org.freedesktop.nm_dispatcher'
Apr 28 12:45:43 localhost systemd: Started Network Manager Script Dispatcher Service.
Apr 28 12:45:43 localhost nm-dispatcher: req:1 'dhcp4-change' [enp0s8]: new request (4 scripts)
Apr 28 12:45:43 localhost nm-dispatcher: req:1 'dhcp4-change' [enp0s8]: start running ordered scripts...
Apr 28 12:45:44 localhost dhclient[790]: DHCPREQUEST on enp0s3 to 192.168.56.100 port 67 (xid=0x1c417b01)
Apr 28 12:45:44 localhost dhclient[790]: DHCPACK from 192.168.56.100 (xid=0x1c417b01)
Apr 28 12:45:44 localhost NetworkManager[661]: <info>  [1682653544.9748] dhcp4 (enp0s3):   address 192.168.56.101
Apr 28 12:45:44 localhost NetworkManager[661]: <info>  [1682653544.9749] dhcp4 (enp0s3):   plen 24 (255.255.255.0)
Apr 28 12:45:44 localhost NetworkManager[661]: <info>  [1682653544.9749] dhcp4 (enp0s3):   lease time 600
Apr 28 12:45:44 localhost NetworkManager[661]: <info>  [1682653544.9750] dhcp4 (enp0s3): state changed bound -> bound
Apr 28 12:45:44 localhost nm-dispatcher: req:2 'dhcp4-change' [enp0s3]: new request (4 scripts)
Apr 28 12:45:44 localhost nm-dispatcher: req:2 'dhcp4-change' [enp0s3]: start running ordered scripts...
Apr 28 12:45:44 localhost dhclient[790]: bound to 192.168.56.101 -- renewal in 229 seconds.
Apr 28 12:49:33 localhost dhclient[790]: DHCPREQUEST on enp0s3 to 192.168.56.100 port 67 (xid=0x1c417b01)
Apr 28 12:49:33 localhost dhclient[790]: DHCPACK from 192.168.56.100 (xid=0x1c417b01)
Apr 28 12:49:33 localhost NetworkManager[661]: <info>  [1682653773.4703] dhcp4 (enp0s3):   address 192.168.56.101
Apr 28 12:49:33 localhost NetworkManager[661]: <info>  [1682653773.4703] dhcp4 (enp0s3):   plen 24 (255.255.255.0)
Apr 28 12:49:33 localhost NetworkManager[661]: <info>  [1682653773.4703] dhcp4 (enp0s3):   lease time 600
Apr 28 12:49:33 localhost NetworkManager[661]: <info>  [1682653773.4704] dhcp4 (enp0s3): state changed bound -> bound
Apr 28 12:49:33 localhost dbus[591]: [system] Activating via systemd: service name='org.freedesktop.nm_dispatcher' unit='dbus-org.freedesktop.nm-dispatcher.service'
Apr 28 12:49:33 localhost systemd: Starting Network Manager Script Dispatcher Service...
Apr 28 12:49:33 localhost dhclient[790]: bound to 192.168.56.101 -- renewal in 228 seconds.
Apr 28 12:49:33 localhost dbus[591]: [system] Successfully activated service 'org.freedesktop.nm_dispatcher'
Apr 28 12:49:33 localhost systemd: Started Network Manager Script Dispatcher Service.
Apr 28 12:49:33 localhost nm-dispatcher: req:1 'dhcp4-change' [enp0s3]: new request (4 scripts)
Apr 28 12:49:33 localhost nm-dispatcher: req:1 'dhcp4-change' [enp0s3]: start running ordered scripts...
Apr 28 12:49:47 localhost dhclient[792]: DHCPREQUEST on enp0s8 to 10.0.2.3 port 67 (xid=0x148be597)
Apr 28 12:49:47 localhost dhclient[792]: DHCPACK from 10.0.2.3 (xid=0x148be597)
Apr 28 12:49:47 localhost NetworkManager[661]: <info>  [1682653787.2822] dhcp4 (enp0s8):   address 10.0.2.4
Apr 28 12:49:47 localhost NetworkManager[661]: <info>  [1682653787.2828] dhcp4 (enp0s8):   plen 24 (255.255.255.0)
Apr 28 12:49:47 localhost NetworkManager[661]: <info>  [1682653787.2828] dhcp4 (enp0s8):   gateway 10.0.2.1
Apr 28 12:49:47 localhost NetworkManager[661]: <info>  [1682653787.2829] dhcp4 (enp0s8):   lease time 600
Apr 28 12:49:47 localhost NetworkManager[661]: <info>  [1682653787.2830] dhcp4 (enp0s8):   nameserver '10.0.2.1'
Apr 28 12:49:47 localhost NetworkManager[661]: <info>  [1682653787.2830] dhcp4 (enp0s8): state changed bound -> bound
Apr 28 12:49:47 localhost dbus[591]: [system] Activating via systemd: service name='org.freedesktop.nm_dispatcher' unit='dbus-org.freedesktop.nm-dispatcher.service'
Apr 28 12:49:47 localhost systemd: Starting Network Manager Script Dispatcher Service...
Apr 28 12:49:47 localhost dhclient[792]: bound to 10.0.2.4 -- renewal in 239 seconds.
Apr 28 12:49:47 localhost dbus[591]: [system] Successfully activated service 'org.freedesktop.nm_dispatcher'
Apr 28 12:49:47 localhost systemd: Started Network Manager Script Dispatcher Service.
Apr 28 12:49:47 localhost nm-dispatcher: req:1 'dhcp4-change' [enp0s8]: new request (4 scripts)
Apr 28 12:49:47 localhost nm-dispatcher: req:1 'dhcp4-change' [enp0s8]: start running ordered scripts...
Apr 28 12:50:01 localhost systemd: Started Session 27 of user root.
Apr 28 12:53:21 localhost dhclient[790]: DHCPREQUEST on enp0s3 to 192.168.56.100 port 67 (xid=0x1c417b01)
Apr 28 12:53:21 localhost dhclient[790]: DHCPACK from 192.168.56.100 (xid=0x1c417b01)
Apr 28 12:53:21 localhost NetworkManager[661]: <info>  [1682654001.8453] dhcp4 (enp0s3):   address 192.168.56.101
Apr 28 12:53:21 localhost NetworkManager[661]: <info>  [1682654001.8457] dhcp4 (enp0s3):   plen 24 (255.255.255.0)
Apr 28 12:53:21 localhost NetworkManager[661]: <info>  [1682654001.8457] dhcp4 (enp0s3):   lease time 600
Apr 28 12:53:21 localhost NetworkManager[661]: <info>  [1682654001.8457] dhcp4 (enp0s3): state changed bound -> bound
Apr 28 12:53:21 localhost dbus[591]: [system] Activating via systemd: service name='org.freedesktop.nm_dispatcher' unit='dbus-org.freedesktop.nm-dispatcher.service'
Apr 28 12:53:21 localhost systemd: Starting Network Manager Script Dispatcher Service...
Apr 28 12:53:21 localhost dhclient[790]: bound to 192.168.56.101 -- renewal in 228 seconds.
Apr 28 12:53:21 localhost dbus[591]: [system] Successfully activated service 'org.freedesktop.nm_dispatcher'
Apr 28 12:53:21 localhost systemd: Started Network Manager Script Dispatcher Service.
Apr 28 12:53:21 localhost nm-dispatcher: req:1 'dhcp4-change' [enp0s3]: new request (4 scripts)
Apr 28 12:53:21 localhost nm-dispatcher: req:1 'dhcp4-change' [enp0s3]: start running ordered scripts...
Apr 28 12:53:46 localhost dhclient[792]: DHCPREQUEST on enp0s8 to 10.0.2.3 port 67 (xid=0x148be597)
Apr 28 12:53:46 localhost dhclient[792]: DHCPACK from 10.0.2.3 (xid=0x148be597)
Apr 28 12:53:46 localhost NetworkManager[661]: <info>  [1682654026.7944] dhcp4 (enp0s8):   address 10.0.2.4
Apr 28 12:53:46 localhost NetworkManager[661]: <info>  [1682654026.7945] dhcp4 (enp0s8):   plen 24 (255.255.255.0)
Apr 28 12:53:46 localhost NetworkManager[661]: <info>  [1682654026.7945] dhcp4 (enp0s8):   gateway 10.0.2.1
Apr 28 12:53:46 localhost NetworkManager[661]: <info>  [1682654026.7946] dhcp4 (enp0s8):   lease time 600
Apr 28 12:53:46 localhost NetworkManager[661]: <info>  [1682654026.7946] dhcp4 (enp0s8):   nameserver '10.0.2.1'
Apr 28 12:53:46 localhost NetworkManager[661]: <info>  [1682654026.7947] dhcp4 (enp0s8): state changed bound -> bound
Apr 28 12:53:46 localhost dbus[591]: [system] Activating via systemd: service name='org.freedesktop.nm_dispatcher' unit='dbus-org.freedesktop.nm-dispatcher.service'
Apr 28 12:53:46 localhost systemd: Starting Network Manager Script Dispatcher Service...
Apr 28 12:53:46 localhost dhclient[792]: bound to 10.0.2.4 -- renewal in 243 seconds.
Apr 28 12:53:46 localhost dbus[591]: [system] Successfully activated service 'org.freedesktop.nm_dispatcher'
Apr 28 12:53:46 localhost systemd: Started Network Manager Script Dispatcher Service.
Apr 28 12:53:46 localhost nm-dispatcher: req:1 'dhcp4-change' [enp0s8]: new request (4 scripts)
Apr 28 12:53:46 localhost nm-dispatcher: req:1 'dhcp4-change' [enp0s8]: start running ordered scripts...
Apr 28 12:57:09 localhost dhclient[790]: DHCPREQUEST on enp0s3 to 192.168.56.100 port 67 (xid=0x1c417b01)
Apr 28 12:57:09 localhost dhclient[790]: DHCPACK from 192.168.56.100 (xid=0x1c417b01)
Apr 28 12:57:09 localhost NetworkManager[661]: <info>  [1682654229.6118] dhcp4 (enp0s3):   address 192.168.56.101
Apr 28 12:57:09 localhost NetworkManager[661]: <info>  [1682654229.6123] dhcp4 (enp0s3):   plen 24 (255.255.255.0)
Apr 28 12:57:09 localhost NetworkManager[661]: <info>  [1682654229.6124] dhcp4 (enp0s3):   lease time 600
Apr 28 12:57:09 localhost NetworkManager[661]: <info>  [1682654229.6124] dhcp4 (enp0s3): state changed bound -> bound
Apr 28 12:57:09 localhost dbus[591]: [system] Activating via systemd: service name='org.freedesktop.nm_dispatcher' unit='dbus-org.freedesktop.nm-dispatcher.service'
Apr 28 12:57:09 localhost systemd: Starting Network Manager Script Dispatcher Service...
Apr 28 12:57:09 localhost dhclient[790]: bound to 192.168.56.101 -- renewal in 247 seconds.
Apr 28 12:57:09 localhost dbus[591]: [system] Successfully activated service 'org.freedesktop.nm_dispatcher'
Apr 28 12:57:09 localhost systemd: Started Network Manager Script Dispatcher Service.
Apr 28 12:57:09 localhost nm-dispatcher: req:1 'dhcp4-change' [enp0s3]: new request (4 scripts)
Apr 28 12:57:09 localhost nm-dispatcher: req:1 'dhcp4-change' [enp0s3]: start running ordered scripts...
Apr 28 12:57:49 localhost dhclient[792]: DHCPREQUEST on enp0s8 to 10.0.2.3 port 67 (xid=0x148be597)
Apr 28 12:57:49 localhost dhclient[792]: DHCPACK from 10.0.2.3 (xid=0x148be597)
Apr 28 12:57:49 localhost NetworkManager[661]: <info>  [1682654269.5038] dhcp4 (enp0s8):   address 10.0.2.4
Apr 28 12:57:49 localhost NetworkManager[661]: <info>  [1682654269.5039] dhcp4 (enp0s8):   plen 24 (255.255.255.0)
Apr 28 12:57:49 localhost NetworkManager[661]: <info>  [1682654269.5040] dhcp4 (enp0s8):   gateway 10.0.2.1
Apr 28 12:57:49 localhost NetworkManager[661]: <info>  [1682654269.5040] dhcp4 (enp0s8):   lease time 600
Apr 28 12:57:49 localhost NetworkManager[661]: <info>  [1682654269.5041] dhcp4 (enp0s8):   nameserver '10.0.2.1'
Apr 28 12:57:49 localhost NetworkManager[661]: <info>  [1682654269.5041] dhcp4 (enp0s8): state changed bound -> bound
Apr 28 12:57:49 localhost dbus[591]: [system] Activating via systemd: service name='org.freedesktop.nm_dispatcher' unit='dbus-org.freedesktop.nm-dispatcher.service'
Apr 28 12:57:49 localhost systemd: Starting Network Manager Script Dispatcher Service...
Apr 28 12:57:49 localhost dhclient[792]: bound to 10.0.2.4 -- renewal in 291 seconds.
Apr 28 12:57:49 localhost dbus[591]: [system] Successfully activated service 'org.freedesktop.nm_dispatcher'
