Apr 28 14:11:47 localhost NetworkManager[661]: <info>  [1682658707.4099] dhcp4 (enp0s8): state changed bound -> bound
Apr 28 14:11:47 localhost dbus[591]: [system] Activating via systemd: service name='org.freedesktop.nm_dispatcher' unit='dbus-org.freedesktop.nm-dispatcher.service'
Apr 28 14:11:47 localhost systemd: Starting Network Manager Script Dispatcher Service...
Apr 28 14:11:47 localhost dhclient[792]: bound to 10.0.2.4 -- renewal in 286 seconds.
Apr 28 14:11:47 localhost dbus[591]: [system] Successfully activated service 'org.freedesktop.nm_dispatcher'
Apr 28 14:11:47 localhost systemd: Started Network Manager Script Dispatcher Service.
Apr 28 14:11:47 localhost nm-dispatcher: req:1 'dhcp4-change' [enp0s8]: new request (4 scripts)
Apr 28 14:11:47 localhost nm-dispatcher: req:1 'dhcp4-change' [enp0s8]: start running ordered scripts...
Apr 28 14:16:04 localhost dhclient[790]: DHCPREQUEST on enp0s3 to 192.168.56.100 port 67 (xid=0x1c417b01)
Apr 28 14:16:04 localhost dhclient[790]: DHCPACK from 192.168.56.100 (xid=0x1c417b01)
Apr 28 14:16:04 localhost NetworkManager[661]: <info>  [1682658964.8737] dhcp4 (enp0s3):   address 192.168.56.101
Apr 28 14:16:04 localhost NetworkManager[661]: <info>  [1682658964.8742] dhcp4 (enp0s3):   plen 24 (255.255.255.0)
Apr 28 14:16:04 localhost NetworkManager[661]: <info>  [1682658964.8742] dhcp4 (enp0s3):   lease time 600
Apr 28 14:16:04 localhost NetworkManager[661]: <info>  [1682658964.8742] dhcp4 (enp0s3): state changed bound -> bound
Apr 28 14:16:04 localhost dbus[591]: [system] Activating via systemd: service name='org.freedesktop.nm_dispatcher' unit='dbus-org.freedesktop.nm-dispatcher.service'
Apr 28 14:16:04 localhost systemd: Starting Network Manager Script Dispatcher Service...
Apr 28 14:16:04 localhost dhclient[790]: bound to 192.168.56.101 -- renewal in 274 seconds.
Apr 28 14:16:04 localhost dbus[591]: [system] Successfully activated service 'org.freedesktop.nm_dispatcher'
Apr 28 14:16:04 localhost systemd: Started Network Manager Script Dispatcher Service.
Apr 28 14:16:04 localhost nm-dispatcher: req:1 'dhcp4-change' [enp0s3]: new request (4 scripts)
Apr 28 14:16:04 localhost nm-dispatcher: req:1 'dhcp4-change' [enp0s3]: start running ordered scripts...
Apr 28 14:16:33 localhost dhclient[792]: DHCPREQUEST on enp0s8 to 10.0.2.3 port 67 (xid=0x148be597)
Apr 28 14:16:33 localhost dhclient[792]: DHCPACK from 10.0.2.3 (xid=0x148be597)
Apr 28 14:16:33 localhost NetworkManager[661]: <info>  [1682658993.1212] dhcp4 (enp0s8):   address 10.0.2.4
Apr 28 14:16:33 localhost NetworkManager[661]: <info>  [1682658993.1212] dhcp4 (enp0s8):   plen 24 (255.255.255.0)
Apr 28 14:16:33 localhost NetworkManager[661]: <info>  [1682658993.1212] dhcp4 (enp0s8):   gateway 10.0.2.1
Apr 28 14:16:33 localhost NetworkManager[661]: <info>  [1682658993.1212] dhcp4 (enp0s8):   lease time 600
Apr 28 14:16:33 localhost NetworkManager[661]: <info>  [1682658993.1212] dhcp4 (enp0s8):   nameserver '10.0.2.1'
Apr 28 14:16:33 localhost NetworkManager[661]: <info>  [1682658993.1212] dhcp4 (enp0s8): state changed bound -> bound
Apr 28 14:16:33 localhost dbus[591]: [system] Activating via systemd: service name='org.freedesktop.nm_dispatcher' unit='dbus-org.freedesktop.nm-dispatcher.service'
Apr 28 14:16:33 localhost systemd: Starting Network Manager Script Dispatcher Service...
Apr 28 14:16:33 localhost dhclient[792]: bound to 10.0.2.4 -- renewal in 269 seconds.
Apr 28 14:16:33 localhost dbus[591]: [system] Successfully activated service 'org.freedesktop.nm_dispatcher'
Apr 28 14:16:33 localhost systemd: Started Network Manager Script Dispatcher Service.
Apr 28 14:16:33 localhost nm-dispatcher: req:1 'dhcp4-change' [enp0s8]: new request (4 scripts)
Apr 28 14:16:33 localhost nm-dispatcher: req:1 'dhcp4-change' [enp0s8]: start running ordered scripts...
Apr 28 14:20:02 localhost systemd: Started Session 39 of user root.
Apr 28 14:20:38 localhost dhclient[790]: DHCPREQUEST on enp0s3 to 192.168.56.100 port 67 (xid=0x1c417b01)
Apr 28 14:20:38 localhost dhclient[790]: DHCPACK from 192.168.56.100 (xid=0x1c417b01)
Apr 28 14:20:38 localhost NetworkManager[661]: <info>  [1682659238.9502] dhcp4 (enp0s3):   address 192.168.56.101
Apr 28 14:20:38 localhost NetworkManager[661]: <info>  [1682659238.9507] dhcp4 (enp0s3):   plen 24 (255.255.255.0)
Apr 28 14:20:38 localhost NetworkManager[661]: <info>  [1682659238.9507] dhcp4 (enp0s3):   lease time 600
Apr 28 14:20:38 localhost NetworkManager[661]: <info>  [1682659238.9508] dhcp4 (enp0s3): state changed bound -> bound
Apr 28 14:20:38 localhost dbus[591]: [system] Activating via systemd: service name='org.freedesktop.nm_dispatcher' unit='dbus-org.freedesktop.nm-dispatcher.service'
Apr 28 14:20:38 localhost systemd: Starting Network Manager Script Dispatcher Service...
Apr 28 14:20:38 localhost dhclient[790]: bound to 192.168.56.101 -- renewal in 252 seconds.
Apr 28 14:20:38 localhost dbus[591]: [system] Successfully activated service 'org.freedesktop.nm_dispatcher'
Apr 28 14:20:38 localhost systemd: Started Network Manager Script Dispatcher Service.
Apr 28 14:20:38 localhost nm-dispatcher: req:1 'dhcp4-change' [enp0s3]: new request (4 scripts)
Apr 28 14:20:38 localhost nm-dispatcher: req:1 'dhcp4-change' [enp0s3]: start running ordered scripts...
Apr 28 14:21:02 localhost dhclient[792]: DHCPREQUEST on enp0s8 to 10.0.2.3 port 67 (xid=0x148be597)
Apr 28 14:21:02 localhost dhclient[792]: DHCPACK from 10.0.2.3 (xid=0x148be597)
Apr 28 14:21:02 localhost NetworkManager[661]: <info>  [1682659262.5708] dhcp4 (enp0s8):   address 10.0.2.4
Apr 28 14:21:02 localhost NetworkManager[661]: <info>  [1682659262.5713] dhcp4 (enp0s8):   plen 24 (255.255.255.0)
Apr 28 14:21:02 localhost NetworkManager[661]: <info>  [1682659262.5713] dhcp4 (enp0s8):   gateway 10.0.2.1
Apr 28 14:21:02 localhost NetworkManager[661]: <info>  [1682659262.5713] dhcp4 (enp0s8):   lease time 600
Apr 28 14:21:02 localhost NetworkManager[661]: <info>  [1682659262.5714] dhcp4 (enp0s8):   nameserver '10.0.2.1'
Apr 28 14:21:02 localhost NetworkManager[661]: <info>  [1682659262.5714] dhcp4 (enp0s8): state changed bound -> bound
Apr 28 14:21:02 localhost dbus[591]: [system] Activating via systemd: service name='org.freedesktop.nm_dispatcher' unit='dbus-org.freedesktop.nm-dispatcher.service'
Apr 28 14:21:02 localhost systemd: Starting Network Manager Script Dispatcher Service...
Apr 28 14:21:02 localhost dhclient[792]: bound to 10.0.2.4 -- renewal in 280 seconds.
Apr 28 14:21:02 localhost dbus[591]: [system] Successfully activated service 'org.freedesktop.nm_dispatcher'
Apr 28 14:21:02 localhost systemd: Started Network Manager Script Dispatcher Service.
Apr 28 14:21:02 localhost nm-dispatcher: req:1 'dhcp4-change' [enp0s8]: new request (4 scripts)
Apr 28 14:21:02 localhost nm-dispatcher: req:1 'dhcp4-change' [enp0s8]: start running ordered scripts...
Apr 28 14:24:50 localhost dhclient[790]: DHCPREQUEST on enp0s3 to 192.168.56.100 port 67 (xid=0x1c417b01)
Apr 28 14:24:50 localhost dhclient[790]: DHCPACK from 192.168.56.100 (xid=0x1c417b01)
Apr 28 14:24:50 localhost NetworkManager[661]: <info>  [1682659490.9614] dhcp4 (enp0s3):   address 192.168.56.101
Apr 28 14:24:50 localhost NetworkManager[661]: <info>  [1682659490.9614] dhcp4 (enp0s3):   plen 24 (255.255.255.0)
Apr 28 14:24:50 localhost NetworkManager[661]: <info>  [1682659490.9614] dhcp4 (enp0s3):   lease time 600
Apr 28 14:24:50 localhost NetworkManager[661]: <info>  [1682659490.9615] dhcp4 (enp0s3): state changed bound -> bound
Apr 28 14:24:50 localhost dbus[591]: [system] Activating via systemd: service name='org.freedesktop.nm_dispatcher' unit='dbus-org.freedesktop.nm-dispatcher.service'
Apr 28 14:24:50 localhost systemd: Starting Network Manager Script Dispatcher Service...
Apr 28 14:24:50 localhost dhclient[790]: bound to 192.168.56.101 -- renewal in 247 seconds.
Apr 28 14:24:50 localhost dbus[591]: [system] Successfully activated service 'org.freedesktop.nm_dispatcher'
Apr 28 14:24:50 localhost systemd: Started Network Manager Script Dispatcher Service.
Apr 28 14:24:51 localhost nm-dispatcher: req:1 'dhcp4-change' [enp0s3]: new request (4 scripts)
Apr 28 14:24:51 localhost nm-dispatcher: req:1 'dhcp4-change' [enp0s3]: start running ordered scripts...
Apr 28 14:25:43 localhost dhclient[792]: DHCPREQUEST on enp0s8 to 10.0.2.3 port 67 (xid=0x148be597)
Apr 28 14:25:43 localhost dhclient[792]: DHCPACK from 10.0.2.3 (xid=0x148be597)
Apr 28 14:25:43 localhost NetworkManager[661]: <info>  [1682659543.0808] dhcp4 (enp0s8):   address 10.0.2.4
Apr 28 14:25:43 localhost NetworkManager[661]: <info>  [1682659543.0808] dhcp4 (enp0s8):   plen 24 (255.255.255.0)
Apr 28 14:25:43 localhost NetworkManager[661]: <info>  [1682659543.0808] dhcp4 (enp0s8):   gateway 10.0.2.1
Apr 28 14:25:43 localhost NetworkManager[661]: <info>  [1682659543.0809] dhcp4 (enp0s8):   lease time 600
Apr 28 14:25:43 localhost NetworkManager[661]: <info>  [1682659543.0809] dhcp4 (enp0s8):   nameserver '10.0.2.1'
Apr 28 14:25:43 localhost NetworkManager[661]: <info>  [1682659543.0809] dhcp4 (enp0s8): state changed bound -> bound
Apr 28 14:25:43 localhost dbus[591]: [system] Activating via systemd: service name='org.freedesktop.nm_dispatcher' unit='dbus-org.freedesktop.nm-dispatcher.service'
Apr 28 14:25:43 localhost systemd: Starting Network Manager Script Dispatcher Service...
Apr 28 14:25:43 localhost dhclient[792]: bound to 10.0.2.4 -- renewal in 288 seconds.
Apr 28 14:25:43 localhost dbus[591]: [system] Successfully activated service 'org.freedesktop.nm_dispatcher'
Apr 28 14:25:43 localhost systemd: Started Network Manager Script Dispatcher Service.
Apr 28 14:25:43 localhost nm-dispatcher: req:1 'dhcp4-change' [enp0s8]: new request (4 scripts)
Apr 28 14:25:43 localhost nm-dispatcher: req:1 'dhcp4-change' [enp0s8]: start running ordered scripts...
Apr 28 14:28:57 localhost dhclient[790]: DHCPREQUEST on enp0s3 to 192.168.56.100 port 67 (xid=0x1c417b01)
Apr 28 14:28:57 localhost dhclient[790]: DHCPACK from 192.168.56.100 (xid=0x1c417b01)
Apr 28 14:28:57 localhost NetworkManager[661]: <info>  [1682659737.3077] dhcp4 (enp0s3):   address 192.168.56.101
Apr 28 14:28:57 localhost NetworkManager[661]: <info>  [1682659737.3082] dhcp4 (enp0s3):   plen 24 (255.255.255.0)
Apr 28 14:28:57 localhost NetworkManager[661]: <info>  [1682659737.3083] dhcp4 (enp0s3):   lease time 600
Apr 28 14:28:57 localhost NetworkManager[661]: <info>  [1682659737.3083] dhcp4 (enp0s3): state changed bound -> bound
Apr 28 14:28:57 localhost dbus[591]: [system] Activating via systemd: service name='org.freedesktop.nm_dispatcher' unit='dbus-org.freedesktop.nm-dispatcher.service'
Apr 28 14:28:57 localhost systemd: Starting Network Manager Script Dispatcher Service...
Apr 28 14:28:57 localhost dhclient[790]: bound to 192.168.56.101 -- renewal in 301 seconds.
Apr 28 14:28:57 localhost dbus[591]: [system] Successfully activated service 'org.freedesktop.nm_dispatcher'
Apr 28 14:28:57 localhost systemd: Started Network Manager Script Dispatcher Service.
Apr 28 14:28:57 localhost nm-dispatcher: req:1 'dhcp4-change' [enp0s3]: new request (4 scripts)
Apr 28 14:28:57 localhost nm-dispatcher: req:1 'dhcp4-change' [enp0s3]: start running ordered scripts...
Apr 28 14:30:01 localhost systemd: Started Session 40 of user root.
Apr 28 14:30:31 localhost dhclient[792]: DHCPREQUEST on enp0s8 to 10.0.2.3 port 67 (xid=0x148be597)
Apr 28 14:30:31 localhost dhclient[792]: DHCPACK from 10.0.2.3 (xid=0x148be597)
Apr 28 14:30:31 localhost NetworkManager[661]: <info>  [1682659831.5956] dhcp4 (enp0s8):   address 10.0.2.4
Apr 28 14:30:31 localhost NetworkManager[661]: <info>  [1682659831.5956] dhcp4 (enp0s8):   plen 24 (255.255.255.0)
Apr 28 14:30:31 localhost NetworkManager[661]: <info>  [1682659831.5956] dhcp4 (enp0s8):   gateway 10.0.2.1
Apr 28 14:30:31 localhost NetworkManager[661]: <info>  [1682659831.5957] dhcp4 (enp0s8):   lease time 600
Apr 28 14:30:31 localhost NetworkManager[661]: <info>  [1682659831.5957] dhcp4 (enp0s8):   nameserver '10.0.2.1'
Apr 28 14:30:31 localhost NetworkManager[661]: <info>  [1682659831.5957] dhcp4 (enp0s8): state changed bound -> bound
Apr 28 14:30:31 localhost dbus[591]: [system] Activating via systemd: service name='org.freedesktop.nm_dispatcher' unit='dbus-org.freedesktop.nm-dispatcher.service'
Apr 28 14:30:31 localhost systemd: Starting Network Manager Script Dispatcher Service...
Apr 28 14:30:31 localhost dhclient[792]: bound to 10.0.2.4 -- renewal in 255 seconds.
Apr 28 14:30:31 localhost dbus[591]: [system] Successfully activated service 'org.freedesktop.nm_dispatcher'
Apr 28 14:30:31 localhost systemd: Started Network Manager Script Dispatcher Service.
Apr 28 14:30:31 localhost nm-dispatcher: req:1 'dhcp4-change' [enp0s8]: new request (4 scripts)
Apr 28 14:30:31 localhost nm-dispatcher: req:1 'dhcp4-change' [enp0s8]: start running ordered scripts...
Apr 28 14:33:58 localhost dhclient[790]: DHCPREQUEST on enp0s3 to 192.168.56.100 port 67 (xid=0x1c417b01)
Apr 28 14:33:58 localhost dhclient[790]: DHCPACK from 192.168.56.100 (xid=0x1c417b01)
Apr 28 14:33:58 localhost NetworkManager[661]: <info>  [1682660038.8851] dhcp4 (enp0s3):   address 192.168.56.101
Apr 28 14:33:58 localhost NetworkManager[661]: <info>  [1682660038.8852] dhcp4 (enp0s3):   plen 24 (255.255.255.0)
Apr 28 14:33:58 localhost NetworkManager[661]: <info>  [1682660038.8852] dhcp4 (enp0s3):   lease time 600
Apr 28 14:33:58 localhost NetworkManager[661]: <info>  [1682660038.8852] dhcp4 (enp0s3): state changed bound -> bound
Apr 28 14:33:58 localhost dbus[591]: [system] Activating via systemd: service name='org.freedesktop.nm_dispatcher' unit='dbus-org.freedesktop.nm-dispatcher.service'
Apr 28 14:33:58 localhost systemd: Starting Network Manager Script Dispatcher Service...
Apr 28 14:33:58 localhost dhclient[790]: bound to 192.168.56.101 -- renewal in 258 seconds.
Apr 28 14:33:58 localhost dbus[591]: [system] Successfully activated service 'org.freedesktop.nm_dispatcher'
Apr 28 14:33:58 localhost systemd: Started Network Manager Script Dispatcher Service.
Apr 28 14:33:58 localhost nm-dispatcher: req:1 'dhcp4-change' [enp0s3]: new request (4 scripts)
Apr 28 14:33:58 localhost nm-dispatcher: req:1 'dhcp4-change' [enp0s3]: start running ordered scripts...
Apr 28 14:34:47 localhost dhclient[792]: DHCPREQUEST on enp0s8 to 10.0.2.3 port 67 (xid=0x148be597)
Apr 28 14:34:47 localhost dhclient[792]: DHCPACK from 10.0.2.3 (xid=0x148be597)
Apr 28 14:34:47 localhost NetworkManager[661]: <info>  [1682660087.0994] dhcp4 (enp0s8):   address 10.0.2.4
Apr 28 14:34:47 localhost NetworkManager[661]: <info>  [1682660087.0994] dhcp4 (enp0s8):   plen 24 (255.255.255.0)
Apr 28 14:34:47 localhost NetworkManager[661]: <info>  [1682660087.0994] dhcp4 (enp0s8):   gateway 10.0.2.1
Apr 28 14:34:47 localhost NetworkManager[661]: <info>  [1682660087.0994] dhcp4 (enp0s8):   lease time 600
Apr 28 14:34:47 localhost NetworkManager[661]: <info>  [1682660087.0995] dhcp4 (enp0s8):   nameserver '10.0.2.1'
Apr 28 14:34:47 localhost NetworkManager[661]: <info>  [1682660087.0995] dhcp4 (enp0s8): state changed bound -> bound
Apr 28 14:34:47 localhost dbus[591]: [system] Activating via systemd: service name='org.freedesktop.nm_dispatcher' unit='dbus-org.freedesktop.nm-dispatcher.service'
Apr 28 14:34:47 localhost systemd: Starting Network Manager Script Dispatcher Service...
Apr 28 14:34:47 localhost dhclient[792]: bound to 10.0.2.4 -- renewal in 293 seconds.
Apr 28 14:34:47 localhost dbus[591]: [system] Successfully activated service 'org.freedesktop.nm_dispatcher'
Apr 28 14:34:47 localhost systemd: Started Network Manager Script Dispatcher Service.
Apr 28 14:34:47 localhost nm-dispatcher: req:1 'dhcp4-change' [enp0s8]: new request (4 scripts)
Apr 28 14:34:47 localhost nm-dispatcher: req:1 'dhcp4-change' [enp0s8]: start running ordered scripts...
Apr 28 14:38:16 localhost dhclient[790]: DHCPREQUEST on enp0s3 to 192.168.56.100 port 67 (xid=0x1c417b01)
Apr 28 14:38:16 localhost dhclient[790]: DHCPACK from 192.168.56.100 (xid=0x1c417b01)
Apr 28 14:38:16 localhost NetworkManager[661]: <info>  [1682660296.7050] dhcp4 (enp0s3):   address 192.168.56.101
Apr 28 14:38:16 localhost NetworkManager[661]: <info>  [1682660296.7054] dhcp4 (enp0s3):   plen 24 (255.255.255.0)
Apr 28 14:38:16 localhost NetworkManager[661]: <info>  [1682660296.7054] dhcp4 (enp0s3):   lease time 600
Apr 28 14:38:16 localhost NetworkManager[661]: <info>  [1682660296.7054] dhcp4 (enp0s3): state changed bound -> bound
Apr 28 14:38:16 localhost dbus[591]: [system] Activating via systemd: service name='org.freedesktop.nm_dispatcher' unit='dbus-org.freedesktop.nm-dispatcher.service'
Apr 28 14:38:16 localhost systemd: Starting Network Manager Script Dispatcher Service...
Apr 28 14:38:16 localhost dhclient[790]: bound to 192.168.56.101 -- renewal in 286 seconds.
Apr 28 14:38:16 localhost dbus[591]: [system] Successfully activated service 'org.freedesktop.nm_dispatcher'
Apr 28 14:38:16 localhost systemd: Started Network Manager Script Dispatcher Service.
Apr 28 14:38:16 localhost nm-dispatcher: req:1 'dhcp4-change' [enp0s3]: new request (4 scripts)
Apr 28 14:38:16 localhost nm-dispatcher: req:1 'dhcp4-change' [enp0s3]: start running ordered scripts...
Apr 28 14:39:40 localhost dhclient[792]: DHCPREQUEST on enp0s8 to 10.0.2.3 port 67 (xid=0x148be597)
Apr 28 14:39:40 localhost dhclient[792]: DHCPACK from 10.0.2.3 (xid=0x148be597)
Apr 28 14:39:40 localhost NetworkManager[661]: <info>  [1682660380.2928] dhcp4 (enp0s8):   address 10.0.2.4
Apr 28 14:39:40 localhost NetworkManager[661]: <info>  [1682660380.2929] dhcp4 (enp0s8):   plen 24 (255.255.255.0)
Apr 28 14:39:40 localhost NetworkManager[661]: <info>  [1682660380.2929] dhcp4 (enp0s8):   gateway 10.0.2.1
Apr 28 14:39:40 localhost NetworkManager[661]: <info>  [1682660380.2930] dhcp4 (enp0s8):   lease time 600
Apr 28 14:39:40 localhost NetworkManager[661]: <info>  [1682660380.2930] dhcp4 (enp0s8):   nameserver '10.0.2.1'
Apr 28 14:39:40 localhost NetworkManager[661]: <info>  [1682660380.2930] dhcp4 (enp0s8): state changed bound -> bound
Apr 28 14:39:40 localhost dbus[591]: [system] Activating via systemd: service name='org.freedesktop.nm_dispatcher' unit='dbus-org.freedesktop.nm-dispatcher.service'
Apr 28 14:39:40 localhost systemd: Starting Network Manager Script Dispatcher Service...
Apr 28 14:39:40 localhost dhclient[792]: bound to 10.0.2.4 -- renewal in 278 seconds.
Apr 28 14:39:40 localhost dbus[591]: [system] Successfully activated service 'org.freedesktop.nm_dispatcher'
Apr 28 14:39:40 localhost systemd: Started Network Manager Script Dispatcher Service.
Apr 28 14:39:40 localhost nm-dispatcher: req:1 'dhcp4-change' [enp0s8]: new request (4 scripts)
Apr 28 14:39:40 localhost nm-dispatcher: req:1 'dhcp4-change' [enp0s8]: start running ordered scripts...
Apr 28 14:40:01 localhost systemd: Started Session 41 of user root.
Apr 28 14:43:02 localhost dhclient[790]: DHCPREQUEST on enp0s3 to 192.168.56.100 port 67 (xid=0x1c417b01)
Apr 28 14:43:02 localhost dhclient[790]: DHCPACK from 192.168.56.100 (xid=0x1c417b01)
Apr 28 14:43:02 localhost NetworkManager[661]: <info>  [1682660582.4737] dhcp4 (enp0s3):   address 192.168.56.101
Apr 28 14:43:02 localhost NetworkManager[661]: <info>  [1682660582.4742] dhcp4 (enp0s3):   plen 24 (255.255.255.0)
Apr 28 14:43:02 localhost NetworkManager[661]: <info>  [1682660582.4742] dhcp4 (enp0s3):   lease time 600
Apr 28 14:43:02 localhost NetworkManager[661]: <info>  [1682660582.4742] dhcp4 (enp0s3): state changed bound -> bound
Apr 28 14:43:02 localhost dbus[591]: [system] Activating via systemd: service name='org.freedesktop.nm_dispatcher' unit='dbus-org.freedesktop.nm-dispatcher.service'
Apr 28 14:43:02 localhost systemd: Starting Network Manager Script Dispatcher Service...
Apr 28 14:43:02 localhost dhclient[790]: bound to 192.168.56.101 -- renewal in 283 seconds.
Apr 28 14:43:02 localhost dbus[591]: [system] Successfully activated service 'org.freedesktop.nm_dispatcher'
Apr 28 14:43:02 localhost systemd: Started Network Manager Script Dispatcher Service.
Apr 28 14:43:02 localhost nm-dispatcher: req:1 'dhcp4-change' [enp0s3]: new request (4 scripts)
Apr 28 14:43:02 localhost nm-dispatcher: req:1 'dhcp4-change' [enp0s3]: start running ordered scripts...
Apr 28 14:44:18 localhost dhclient[792]: DHCPREQUEST on enp0s8 to 10.0.2.3 port 67 (xid=0x148be597)
Apr 28 14:44:18 localhost dhclient[792]: DHCPACK from 10.0.2.3 (xid=0x148be597)
Apr 28 14:44:18 localhost NetworkManager[661]: <info>  [1682660658.3624] dhcp4 (enp0s8):   address 10.0.2.4
Apr 28 14:44:18 localhost NetworkManager[661]: <info>  [1682660658.3631] dhcp4 (enp0s8):   plen 24 (255.255.255.0)
Apr 28 14:44:18 localhost NetworkManager[661]: <info>  [1682660658.3631] dhcp4 (enp0s8):   gateway 10.0.2.1
Apr 28 14:44:18 localhost NetworkManager[661]: <info>  [1682660658.3631] dhcp4 (enp0s8):   lease time 600
Apr 28 14:44:18 localhost NetworkManager[661]: <info>  [1682660658.3631] dhcp4 (enp0s8):   nameserver '10.0.2.1'
Apr 28 14:44:18 localhost NetworkManager[661]: <info>  [1682660658.3632] dhcp4 (enp0s8): state changed bound -> bound
Apr 28 14:44:18 localhost dbus[591]: [system] Activating via systemd: service name='org.freedesktop.nm_dispatcher' unit='dbus-org.freedesktop.nm-dispatcher.service'
Apr 28 14:44:18 localhost systemd: Starting Network Manager Script Dispatcher Service...
Apr 28 14:44:18 localhost dhclient[792]: bound to 10.0.2.4 -- renewal in 286 seconds.
Apr 28 14:44:18 localhost dbus[591]: [system] Successfully activated service 'org.freedesktop.nm_dispatcher'
Apr 28 14:44:18 localhost systemd: Started Network Manager Script Dispatcher Service.
Apr 28 14:44:18 localhost nm-dispatcher: req:1 'dhcp4-change' [enp0s8]: new request (4 scripts)
Apr 28 14:44:18 localhost nm-dispatcher: req:1 'dhcp4-change' [enp0s8]: start running ordered scripts...
Apr 28 14:47:45 localhost dhclient[790]: DHCPREQUEST on enp0s3 to 192.168.56.100 port 67 (xid=0x1c417b01)
Apr 28 14:47:45 localhost dhclient[790]: DHCPACK from 192.168.56.100 (xid=0x1c417b01)
Apr 28 14:47:46 localhost NetworkManager[661]: <info>  [1682660866.0043] dhcp4 (enp0s3):   address 192.168.56.101
Apr 28 14:47:46 localhost NetworkManager[661]: <info>  [1682660866.0044] dhcp4 (enp0s3):   plen 24 (255.255.255.0)
Apr 28 14:47:46 localhost NetworkManager[661]: <info>  [1682660866.0044] dhcp4 (enp0s3):   lease time 600
Apr 28 14:47:46 localhost NetworkManager[661]: <info>  [1682660866.0045] dhcp4 (enp0s3): state changed bound -> bound
Apr 28 14:47:46 localhost dbus[591]: [system] Activating via systemd: service name='org.freedesktop.nm_dispatcher' unit='dbus-org.freedesktop.nm-dispatcher.service'
Apr 28 14:47:46 localhost systemd: Starting Network Manager Script Dispatcher Service...
Apr 28 14:47:46 localhost dhclient[790]: bound to 192.168.56.101 -- renewal in 267 seconds.
Apr 28 14:47:46 localhost dbus[591]: [system] Successfully activated service 'org.freedesktop.nm_dispatcher'
Apr 28 14:47:46 localhost systemd: Started Network Manager Script Dispatcher Service.
Apr 28 14:47:46 localhost nm-dispatcher: req:1 'dhcp4-change' [enp0s3]: new request (4 scripts)
Apr 28 14:47:46 localhost nm-dispatcher: req:1 'dhcp4-change' [enp0s3]: start running ordered scripts...
Apr 28 14:49:04 localhost dhclient[792]: DHCPREQUEST on enp0s8 to 10.0.2.3 port 67 (xid=0x148be597)
Apr 28 14:49:04 localhost dhclient[792]: DHCPACK from 10.0.2.3 (xid=0x148be597)
Apr 28 14:49:04 localhost NetworkManager[661]: <info>  [1682660944.7201] dhcp4 (enp0s8):   address 10.0.2.4
Apr 28 14:49:04 localhost NetworkManager[661]: <info>  [1682660944.7201] dhcp4 (enp0s8):   plen 24 (255.255.255.0)
Apr 28 14:49:04 localhost NetworkManager[661]: <info>  [1682660944.7201] dhcp4 (enp0s8):   gateway 10.0.2.1
Apr 28 14:49:04 localhost NetworkManager[661]: <info>  [1682660944.7202] dhcp4 (enp0s8):   lease time 600
Apr 28 14:49:04 localhost NetworkManager[661]: <info>  [1682660944.7202] dhcp4 (enp0s8):   nameserver '10.0.2.1'
Apr 28 14:49:04 localhost NetworkManager[661]: <info>  [1682660944.7202] dhcp4 (enp0s8): state changed bound -> bound
Apr 28 14:49:04 localhost dbus[591]: [system] Activating via systemd: service name='org.freedesktop.nm_dispatcher' unit='dbus-org.freedesktop.nm-dispatcher.service'
Apr 28 14:49:04 localhost systemd: Starting Network Manager Script Dispatcher Service...
Apr 28 14:49:04 localhost dhclient[792]: bound to 10.0.2.4 -- renewal in 286 seconds.
Apr 28 14:49:04 localhost dbus[591]: [system] Successfully activated service 'org.freedesktop.nm_dispatcher'
Apr 28 14:49:04 localhost systemd: Started Network Manager Script Dispatcher Service.
Apr 28 14:49:04 localhost nm-dispatcher: req:1 'dhcp4-change' [enp0s8]: new request (4 scripts)
Apr 28 14:49:04 localhost nm-dispatcher: req:1 'dhcp4-change' [enp0s8]: start running ordered scripts...
Apr 28 14:50:01 localhost systemd: Started Session 42 of user root.
Apr 28 14:52:14 localhost dhclient[790]: DHCPREQUEST on enp0s3 to 192.168.56.100 port 67 (xid=0x1c417b01)
Apr 28 14:52:14 localhost dhclient[790]: DHCPACK from 192.168.56.100 (xid=0x1c417b01)
Apr 28 14:52:14 localhost NetworkManager[661]: <info>  [1682661134.0291] dhcp4 (enp0s3):   address 192.168.56.101
Apr 28 14:52:14 localhost NetworkManager[661]: <info>  [1682661134.0297] dhcp4 (enp0s3):   plen 24 (255.255.255.0)
Apr 28 14:52:14 localhost NetworkManager[661]: <info>  [1682661134.0297] dhcp4 (enp0s3):   lease time 600
Apr 28 14:52:14 localhost NetworkManager[661]: <info>  [1682661134.0297] dhcp4 (enp0s3): state changed bound -> bound
Apr 28 14:52:14 localhost dbus[591]: [system] Activating via systemd: service name='org.freedesktop.nm_dispatcher' unit='dbus-org.freedesktop.nm-dispatcher.service'
Apr 28 14:52:14 localhost systemd: Starting Network Manager Script Dispatcher Service...
Apr 28 14:52:14 localhost dhclient[790]: bound to 192.168.56.101 -- renewal in 277 seconds.
Apr 28 14:52:14 localhost dbus[591]: [system] Successfully activated service 'org.freedesktop.nm_dispatcher'
Apr 28 14:52:14 localhost systemd: Started Network Manager Script Dispatcher Service.
Apr 28 14:52:14 localhost nm-dispatcher: req:1 'dhcp4-change' [enp0s3]: new request (4 scripts)
Apr 28 14:52:14 localhost nm-dispatcher: req:1 'dhcp4-change' [enp0s3]: start running ordered scripts...
Apr 28 14:53:50 localhost dhclient[792]: DHCPREQUEST on enp0s8 to 10.0.2.3 port 67 (xid=0x148be597)
Apr 28 14:53:50 localhost dhclient[792]: DHCPACK from 10.0.2.3 (xid=0x148be597)
Apr 28 14:53:50 localhost NetworkManager[661]: <info>  [1682661230.4428] dhcp4 (enp0s8):   address 10.0.2.4
Apr 28 14:53:50 localhost NetworkManager[661]: <info>  [1682661230.4434] dhcp4 (enp0s8):   plen 24 (255.255.255.0)
Apr 28 14:53:50 localhost NetworkManager[661]: <info>  [1682661230.4434] dhcp4 (enp0s8):   gateway 10.0.2.1
Apr 28 14:53:50 localhost NetworkManager[661]: <info>  [1682661230.4434] dhcp4 (enp0s8):   lease time 600
Apr 28 14:53:50 localhost NetworkManager[661]: <info>  [1682661230.4434] dhcp4 (enp0s8):   nameserver '10.0.2.1'
Apr 28 14:53:50 localhost NetworkManager[661]: <info>  [1682661230.4435] dhcp4 (enp0s8): state changed bound -> bound
Apr 28 14:53:50 localhost dbus[591]: [system] Activating via systemd: service name='org.freedesktop.nm_dispatcher' unit='dbus-org.freedesktop.nm-dispatcher.service'
Apr 28 14:53:50 localhost systemd: Starting Network Manager Script Dispatcher Service...
Apr 28 14:53:50 localhost dhclient[792]: bound to 10.0.2.4 -- renewal in 245 seconds.
Apr 28 14:53:50 localhost dbus[591]: [system] Successfully activated service 'org.freedesktop.nm_dispatcher'
Apr 28 14:53:50 localhost systemd: Started Network Manager Script Dispatcher Service.
Apr 28 14:53:50 localhost nm-dispatcher: req:1 'dhcp4-change' [enp0s8]: new request (4 scripts)
Apr 28 14:53:50 localhost nm-dispatcher: req:1 'dhcp4-change' [enp0s8]: start running ordered scripts...
Apr 28 14:56:51 localhost dhclient[790]: DHCPREQUEST on enp0s3 to 192.168.56.100 port 67 (xid=0x1c417b01)
Apr 28 14:56:51 localhost dhclient[790]: DHCPACK from 192.168.56.100 (xid=0x1c417b01)
Apr 28 14:56:51 localhost NetworkManager[661]: <info>  [1682661411.4180] dhcp4 (enp0s3):   address 192.168.56.101
Apr 28 14:56:51 localhost NetworkManager[661]: <info>  [1682661411.4180] dhcp4 (enp0s3):   plen 24 (255.255.255.0)
Apr 28 14:56:51 localhost NetworkManager[661]: <info>  [1682661411.4181] dhcp4 (enp0s3):   lease time 600
Apr 28 14:56:51 localhost NetworkManager[661]: <info>  [1682661411.4181] dhcp4 (enp0s3): state changed bound -> bound
Apr 28 14:56:51 localhost dbus[591]: [system] Activating via systemd: service name='org.freedesktop.nm_dispatcher' unit='dbus-org.freedesktop.nm-dispatcher.service'
Apr 28 14:56:51 localhost systemd: Starting Network Manager Script Dispatcher Service...
Apr 28 14:56:51 localhost dhclient[790]: bound to 192.168.56.101 -- renewal in 262 seconds.
Apr 28 14:56:51 localhost dbus[591]: [system] Successfully activated service 'org.freedesktop.nm_dispatcher'
Apr 28 14:56:51 localhost systemd: Started Network Manager Script Dispatcher Service.
Apr 28 14:56:51 localhost nm-dispatcher: req:1 'dhcp4-change' [enp0s3]: new request (4 scripts)
Apr 28 14:56:51 localhost nm-dispatcher: req:1 'dhcp4-change' [enp0s3]: start running ordered scripts...
Apr 28 14:57:55 localhost dhclient[792]: DHCPREQUEST on enp0s8 to 10.0.2.3 port 67 (xid=0x148be597)
Apr 28 14:57:55 localhost dhclient[792]: DHCPACK from 10.0.2.3 (xid=0x148be597)
Apr 28 14:57:55 localhost NetworkManager[661]: <info>  [1682661475.3149] dhcp4 (enp0s8):   address 10.0.2.4
Apr 28 14:57:55 localhost NetworkManager[661]: <info>  [1682661475.3154] dhcp4 (enp0s8):   plen 24 (255.255.255.0)
Apr 28 14:57:55 localhost NetworkManager[661]: <info>  [1682661475.3154] dhcp4 (enp0s8):   gateway 10.0.2.1
Apr 28 14:57:55 localhost NetworkManager[661]: <info>  [1682661475.3154] dhcp4 (enp0s8):   lease time 600
Apr 28 14:57:55 localhost NetworkManager[661]: <info>  [1682661475.3154] dhcp4 (enp0s8):   nameserver '10.0.2.1'
Apr 28 14:57:55 localhost NetworkManager[661]: <info>  [1682661475.3155] dhcp4 (enp0s8): state changed bound -> bound
Apr 28 14:57:55 localhost dbus[591]: [system] Activating via systemd: service name='org.freedesktop.nm_dispatcher' unit='dbus-org.freedesktop.nm-dispatcher.service'
Apr 28 14:57:55 localhost systemd: Starting Network Manager Script Dispatcher Service...
Apr 28 14:57:55 localhost dhclient[792]: bound to 10.0.2.4 -- renewal in 276 seconds.
Apr 28 14:57:55 localhost dbus[591]: [system] Successfully activated service 'org.freedesktop.nm_dispatcher'
Apr 28 14:57:55 localhost systemd: Started Network Manager Script Dispatcher Service.
Apr 28 14:57:55 localhost nm-dispatcher: req:1 'dhcp4-change' [enp0s8]: new request (4 scripts)
Apr 28 14:57:55 localhost nm-dispatcher: req:1 'dhcp4-change' [enp0s8]: start running ordered scripts...
Apr 28 15:00:01 localhost systemd: Started Session 43 of user root.
Apr 28 15:01:01 localhost systemd: Started Session 44 of user root.
Apr 28 15:01:13 localhost dhclient[790]: DHCPREQUEST on enp0s3 to 192.168.56.100 port 67 (xid=0x1c417b01)
Apr 28 15:01:13 localhost dhclient[790]: DHCPACK from 192.168.56.100 (xid=0x1c417b01)
Apr 28 15:01:13 localhost NetworkManager[661]: <info>  [1682661673.5875] dhcp4 (enp0s3):   address 192.168.56.101
Apr 28 15:01:13 localhost NetworkManager[661]: <info>  [1682661673.5881] dhcp4 (enp0s3):   plen 24 (255.255.255.0)
Apr 28 15:01:13 localhost NetworkManager[661]: <info>  [1682661673.5882] dhcp4 (enp0s3):   lease time 600
Apr 28 15:01:13 localhost NetworkManager[661]: <info>  [1682661673.5882] dhcp4 (enp0s3): state changed bound -> bound
Apr 28 15:01:13 localhost dbus[591]: [system] Activating via systemd: service name='org.freedesktop.nm_dispatcher' unit='dbus-org.freedesktop.nm-dispatcher.service'
Apr 28 15:01:13 localhost systemd: Starting Network Manager Script Dispatcher Service...
Apr 28 15:01:13 localhost dhclient[790]: bound to 192.168.56.101 -- renewal in 295 seconds.
Apr 28 15:01:13 localhost dbus[591]: [system] Successfully activated service 'org.freedesktop.nm_dispatcher'
Apr 28 15:01:13 localhost systemd: Started Network Manager Script Dispatcher Service.
Apr 28 15:01:13 localhost nm-dispatcher: req:1 'dhcp4-change' [enp0s3]: new request (4 scripts)
Apr 28 15:01:13 localhost nm-dispatcher: req:1 'dhcp4-change' [enp0s3]: start running ordered scripts...
Apr 28 15:02:31 localhost dhclient[792]: DHCPREQUEST on enp0s8 to 10.0.2.3 port 67 (xid=0x148be597)
Apr 28 15:02:31 localhost dhclient[792]: DHCPACK from 10.0.2.3 (xid=0x148be597)
Apr 28 15:02:31 localhost NetworkManager[661]: <info>  [1682661751.8419] dhcp4 (enp0s8):   address 10.0.2.4
Apr 28 15:02:31 localhost NetworkManager[661]: <info>  [1682661751.8426] dhcp4 (enp0s8):   plen 24 (255.255.255.0)
Apr 28 15:02:31 localhost NetworkManager[661]: <info>  [1682661751.8426] dhcp4 (enp0s8):   gateway 10.0.2.1
Apr 28 15:02:31 localhost NetworkManager[661]: <info>  [1682661751.8426] dhcp4 (enp0s8):   lease time 600
Apr 28 15:02:31 localhost NetworkManager[661]: <info>  [1682661751.8427] dhcp4 (enp0s8):   nameserver '10.0.2.1'
Apr 28 15:02:31 localhost NetworkManager[661]: <info>  [1682661751.8427] dhcp4 (enp0s8): state changed bound -> bound
Apr 28 15:02:31 localhost dbus[591]: [system] Activating via systemd: service name='org.freedesktop.nm_dispatcher' unit='dbus-org.freedesktop.nm-dispatcher.service'
Apr 28 15:02:31 localhost systemd: Starting Network Manager Script Dispatcher Service...
Apr 28 15:02:31 localhost dhclient[792]: bound to 10.0.2.4 -- renewal in 229 seconds.
Apr 28 15:02:31 localhost dbus[591]: [system] Successfully activated service 'org.freedesktop.nm_dispatcher'
Apr 28 15:02:31 localhost systemd: Started Network Manager Script Dispatcher Service.
Apr 28 15:02:31 localhost nm-dispatcher: req:1 'dhcp4-change' [enp0s8]: new request (4 scripts)
Apr 28 15:02:31 localhost nm-dispatcher: req:1 'dhcp4-change' [enp0s8]: start running ordered scripts...
Apr 28 15:06:08 localhost dhclient[790]: DHCPREQUEST on enp0s3 to 192.168.56.100 port 67 (xid=0x1c417b01)
Apr 28 15:06:08 localhost dhclient[790]: DHCPACK from 192.168.56.100 (xid=0x1c417b01)
Apr 28 15:06:08 localhost NetworkManager[661]: <info>  [1682661968.6091] dhcp4 (enp0s3):   address 192.168.56.101
Apr 28 15:06:08 localhost NetworkManager[661]: <info>  [1682661968.6091] dhcp4 (enp0s3):   plen 24 (255.255.255.0)
Apr 28 15:06:08 localhost NetworkManager[661]: <info>  [1682661968.6091] dhcp4 (enp0s3):   lease time 600
Apr 28 15:06:08 localhost NetworkManager[661]: <info>  [1682661968.6092] dhcp4 (enp0s3): state changed bound -> bound
Apr 28 15:06:08 localhost dbus[591]: [system] Activating via systemd: service name='org.freedesktop.nm_dispatcher' unit='dbus-org.freedesktop.nm-dispatcher.service'
Apr 28 15:06:08 localhost systemd: Starting Network Manager Script Dispatcher Service...
Apr 28 15:06:08 localhost dhclient[790]: bound to 192.168.56.101 -- renewal in 290 seconds.
Apr 28 15:06:08 localhost dbus[591]: [system] Successfully activated service 'org.freedesktop.nm_dispatcher'
Apr 28 15:06:08 localhost systemd: Started Network Manager Script Dispatcher Service.
Apr 28 15:06:08 localhost nm-dispatcher: req:1 'dhcp4-change' [enp0s3]: new request (4 scripts)
Apr 28 15:06:08 localhost nm-dispatcher: req:1 'dhcp4-change' [enp0s3]: start running ordered scripts...
Apr 28 15:06:20 localhost dhclient[792]: DHCPREQUEST on enp0s8 to 10.0.2.3 port 67 (xid=0x148be597)
Apr 28 15:06:20 localhost dhclient[792]: DHCPACK from 10.0.2.3 (xid=0x148be597)
Apr 28 15:06:20 localhost NetworkManager[661]: <info>  [1682661980.9713] dhcp4 (enp0s8):   address 10.0.2.4
Apr 28 15:06:20 localhost NetworkManager[661]: <info>  [1682661980.9714] dhcp4 (enp0s8):   plen 24 (255.255.255.0)
Apr 28 15:06:20 localhost NetworkManager[661]: <info>  [1682661980.9714] dhcp4 (enp0s8):   gateway 10.0.2.1
Apr 28 15:06:20 localhost NetworkManager[661]: <info>  [1682661980.9715] dhcp4 (enp0s8):   lease time 600
Apr 28 15:06:20 localhost NetworkManager[661]: <info>  [1682661980.9715] dhcp4 (enp0s8):   nameserver '10.0.2.1'
Apr 28 15:06:20 localhost NetworkManager[661]: <info>  [1682661980.9716] dhcp4 (enp0s8): state changed bound -> bound
Apr 28 15:06:20 localhost dbus[591]: [system] Activating via systemd: service name='org.freedesktop.nm_dispatcher' unit='dbus-org.freedesktop.nm-dispatcher.service'
Apr 28 15:06:20 localhost systemd: Starting Network Manager Script Dispatcher Service...
Apr 28 15:06:21 localhost dhclient[792]: bound to 10.0.2.4 -- renewal in 241 seconds.
Apr 28 15:06:21 localhost dbus[591]: [system] Successfully activated service 'org.freedesktop.nm_dispatcher'
Apr 28 15:06:21 localhost systemd: Started Network Manager Script Dispatcher Service.
Apr 28 15:06:21 localhost nm-dispatcher: req:1 'dhcp4-change' [enp0s8]: new request (4 scripts)
Apr 28 15:06:21 localhost nm-dispatcher: req:1 'dhcp4-change' [enp0s8]: start running ordered scripts...
Apr 28 15:10:01 localhost systemd: Started Session 45 of user root.
Apr 28 15:10:22 localhost dhclient[792]: DHCPREQUEST on enp0s8 to 10.0.2.3 port 67 (xid=0x148be597)
Apr 28 15:10:22 localhost dhclient[792]: DHCPACK from 10.0.2.3 (xid=0x148be597)
Apr 28 15:10:22 localhost NetworkManager[661]: <info>  [1682662222.4970] dhcp4 (enp0s8):   address 10.0.2.4
Apr 28 15:10:22 localhost NetworkManager[661]: <info>  [1682662222.4974] dhcp4 (enp0s8):   plen 24 (255.255.255.0)
Apr 28 15:10:22 localhost NetworkManager[661]: <info>  [1682662222.4975] dhcp4 (enp0s8):   gateway 10.0.2.1
Apr 28 15:10:22 localhost NetworkManager[661]: <info>  [1682662222.4975] dhcp4 (enp0s8):   lease time 600
Apr 28 15:10:22 localhost NetworkManager[661]: <info>  [1682662222.4975] dhcp4 (enp0s8):   nameserver '10.0.2.1'
Apr 28 15:10:22 localhost NetworkManager[661]: <info>  [1682662222.4975] dhcp4 (enp0s8): state changed bound -> bound
Apr 28 15:10:22 localhost dbus[591]: [system] Activating via systemd: service name='org.freedesktop.nm_dispatcher' unit='dbus-org.freedesktop.nm-dispatcher.service'
Apr 28 15:10:22 localhost systemd: Starting Network Manager Script Dispatcher Service...
Apr 28 15:10:22 localhost dhclient[792]: bound to 10.0.2.4 -- renewal in 277 seconds.
Apr 28 15:10:22 localhost dbus[591]: [system] Successfully activated service 'org.freedesktop.nm_dispatcher'
Apr 28 15:10:22 localhost systemd: Started Network Manager Script Dispatcher Service.
Apr 28 15:10:22 localhost nm-dispatcher: req:1 'dhcp4-change' [enp0s8]: new request (4 scripts)
Apr 28 15:10:22 localhost nm-dispatcher: req:1 'dhcp4-change' [enp0s8]: start running ordered scripts...
Apr 28 15:10:58 localhost dhclient[790]: DHCPREQUEST on enp0s3 to 192.168.56.100 port 67 (xid=0x1c417b01)
Apr 28 15:10:58 localhost dhclient[790]: DHCPACK from 192.168.56.100 (xid=0x1c417b01)
Apr 28 15:10:58 localhost NetworkManager[661]: <info>  [1682662258.1904] dhcp4 (enp0s3):   address 192.168.56.101
Apr 28 15:10:58 localhost NetworkManager[661]: <info>  [1682662258.1904] dhcp4 (enp0s3):   plen 24 (255.255.255.0)
Apr 28 15:10:58 localhost NetworkManager[661]: <info>  [1682662258.1905] dhcp4 (enp0s3):   lease time 600
Apr 28 15:10:58 localhost NetworkManager[661]: <info>  [1682662258.1905] dhcp4 (enp0s3): state changed bound -> bound
Apr 28 15:10:58 localhost dbus[591]: [system] Activating via systemd: service name='org.freedesktop.nm_dispatcher' unit='dbus-org.freedesktop.nm-dispatcher.service'
Apr 28 15:10:58 localhost systemd: Starting Network Manager Script Dispatcher Service...
Apr 28 15:10:58 localhost dhclient[790]: bound to 192.168.56.101 -- renewal in 244 seconds.
Apr 28 15:10:58 localhost dbus[591]: [system] Successfully activated service 'org.freedesktop.nm_dispatcher'
Apr 28 15:10:58 localhost systemd: Started Network Manager Script Dispatcher Service.
Apr 28 15:10:58 localhost nm-dispatcher: req:1 'dhcp4-change' [enp0s3]: new request (4 scripts)
Apr 28 15:10:58 localhost nm-dispatcher: req:1 'dhcp4-change' [enp0s3]: start running ordered scripts...
Apr 28 15:14:59 localhost dhclient[792]: DHCPREQUEST on enp0s8 to 10.0.2.3 port 67 (xid=0x148be597)
Apr 28 15:14:59 localhost dhclient[792]: DHCPACK from 10.0.2.3 (xid=0x148be597)
Apr 28 15:14:59 localhost NetworkManager[661]: <info>  [1682662499.8754] dhcp4 (enp0s8):   address 10.0.2.4
Apr 28 15:14:59 localhost NetworkManager[661]: <info>  [1682662499.8763] dhcp4 (enp0s8):   plen 24 (255.255.255.0)
Apr 28 15:14:59 localhost NetworkManager[661]: <info>  [1682662499.8764] dhcp4 (enp0s8):   gateway 10.0.2.1
Apr 28 15:14:59 localhost NetworkManager[661]: <info>  [1682662499.8764] dhcp4 (enp0s8):   lease time 600
Apr 28 15:14:59 localhost NetworkManager[661]: <info>  [1682662499.8765] dhcp4 (enp0s8):   nameserver '10.0.2.1'
Apr 28 15:14:59 localhost NetworkManager[661]: <info>  [1682662499.8765] dhcp4 (enp0s8): state changed bound -> bound
Apr 28 15:14:59 localhost dbus[591]: [system] Activating via systemd: service name='org.freedesktop.nm_dispatcher' unit='dbus-org.freedesktop.nm-dispatcher.service'
Apr 28 15:14:59 localhost systemd: Starting Network Manager Script Dispatcher Service...
Apr 28 15:14:59 localhost dhclient[792]: bound to 10.0.2.4 -- renewal in 283 seconds.
Apr 28 15:14:59 localhost dbus[591]: [system] Successfully activated service 'org.freedesktop.nm_dispatcher'
Apr 28 15:14:59 localhost systemd: Started Network Manager Script Dispatcher Service.
Apr 28 15:14:59 localhost nm-dispatcher: req:1 'dhcp4-change' [enp0s8]: new request (4 scripts)
Apr 28 15:14:59 localhost nm-dispatcher: req:1 'dhcp4-change' [enp0s8]: start running ordered scripts...
Apr 28 15:15:02 localhost dhclient[790]: DHCPREQUEST on enp0s3 to 192.168.56.100 port 67 (xid=0x1c417b01)
Apr 28 15:15:02 localhost dhclient[790]: DHCPACK from 192.168.56.100 (xid=0x1c417b01)
Apr 28 15:15:02 localhost NetworkManager[661]: <info>  [1682662502.8597] dhcp4 (enp0s3):   address 192.168.56.101
Apr 28 15:15:02 localhost NetworkManager[661]: <info>  [1682662502.8598] dhcp4 (enp0s3):   plen 24 (255.255.255.0)
Apr 28 15:15:02 localhost NetworkManager[661]: <info>  [1682662502.8598] dhcp4 (enp0s3):   lease time 600
Apr 28 15:15:02 localhost NetworkManager[661]: <info>  [1682662502.8599] dhcp4 (enp0s3): state changed bound -> bound
Apr 28 15:15:02 localhost nm-dispatcher: req:2 'dhcp4-change' [enp0s3]: new request (4 scripts)
Apr 28 15:15:02 localhost nm-dispatcher: req:2 'dhcp4-change' [enp0s3]: start running ordered scripts...
Apr 28 15:15:02 localhost dhclient[790]: bound to 192.168.56.101 -- renewal in 279 seconds.
Apr 28 15:19:41 localhost dhclient[790]: DHCPREQUEST on enp0s3 to 192.168.56.100 port 67 (xid=0x1c417b01)
Apr 28 15:19:41 localhost dhclient[790]: DHCPACK from 192.168.56.100 (xid=0x1c417b01)
Apr 28 15:19:41 localhost NetworkManager[661]: <info>  [1682662781.2305] dhcp4 (enp0s3):   address 192.168.56.101
Apr 28 15:19:41 localhost NetworkManager[661]: <info>  [1682662781.2306] dhcp4 (enp0s3):   plen 24 (255.255.255.0)
Apr 28 15:19:41 localhost NetworkManager[661]: <info>  [1682662781.2306] dhcp4 (enp0s3):   lease time 600
Apr 28 15:19:41 localhost NetworkManager[661]: <info>  [1682662781.2306] dhcp4 (enp0s3): state changed bound -> bound
Apr 28 15:19:41 localhost dbus[591]: [system] Activating via systemd: service name='org.freedesktop.nm_dispatcher' unit='dbus-org.freedesktop.nm-dispatcher.service'
Apr 28 15:19:41 localhost systemd: Starting Network Manager Script Dispatcher Service...
Apr 28 15:19:41 localhost dhclient[790]: bound to 192.168.56.101 -- renewal in 295 seconds.
Apr 28 15:19:41 localhost dbus[591]: [system] Successfully activated service 'org.freedesktop.nm_dispatcher'
Apr 28 15:19:41 localhost systemd: Started Network Manager Script Dispatcher Service.
Apr 28 15:19:41 localhost nm-dispatcher: req:1 'dhcp4-change' [enp0s3]: new request (4 scripts)
Apr 28 15:19:41 localhost nm-dispatcher: req:1 'dhcp4-change' [enp0s3]: start running ordered scripts...
Apr 28 15:19:42 localhost dhclient[792]: DHCPREQUEST on enp0s8 to 10.0.2.3 port 67 (xid=0x148be597)
Apr 28 15:19:42 localhost dhclient[792]: DHCPACK from 10.0.2.3 (xid=0x148be597)
Apr 28 15:19:42 localhost NetworkManager[661]: <info>  [1682662782.1887] dhcp4 (enp0s8):   address 10.0.2.4
Apr 28 15:19:42 localhost NetworkManager[661]: <info>  [1682662782.1887] dhcp4 (enp0s8):   plen 24 (255.255.255.0)
Apr 28 15:19:42 localhost NetworkManager[661]: <info>  [1682662782.1887] dhcp4 (enp0s8):   gateway 10.0.2.1
Apr 28 15:19:42 localhost NetworkManager[661]: <info>  [1682662782.1887] dhcp4 (enp0s8):   lease time 600
Apr 28 15:19:42 localhost NetworkManager[661]: <info>  [1682662782.1888] dhcp4 (enp0s8):   nameserver '10.0.2.1'
Apr 28 15:19:42 localhost NetworkManager[661]: <info>  [1682662782.1888] dhcp4 (enp0s8): state changed bound -> bound
Apr 28 15:19:42 localhost nm-dispatcher: req:2 'dhcp4-change' [enp0s8]: new request (4 scripts)
Apr 28 15:19:42 localhost nm-dispatcher: req:2 'dhcp4-change' [enp0s8]: start running ordered scripts...
Apr 28 15:19:42 localhost dhclient[792]: bound to 10.0.2.4 -- renewal in 233 seconds.
Apr 28 15:20:01 localhost systemd: Started Session 46 of user root.
Apr 28 15:23:35 localhost dhclient[792]: DHCPREQUEST on enp0s8 to 10.0.2.3 port 67 (xid=0x148be597)
Apr 28 15:23:35 localhost dhclient[792]: DHCPACK from 10.0.2.3 (xid=0x148be597)
Apr 28 15:23:35 localhost NetworkManager[661]: <info>  [1682663015.9492] dhcp4 (enp0s8):   address 10.0.2.4
Apr 28 15:23:35 localhost NetworkManager[661]: <info>  [1682663015.9497] dhcp4 (enp0s8):   plen 24 (255.255.255.0)
Apr 28 15:23:35 localhost NetworkManager[661]: <info>  [1682663015.9497] dhcp4 (enp0s8):   gateway 10.0.2.1
Apr 28 15:23:35 localhost NetworkManager[661]: <info>  [1682663015.9498] dhcp4 (enp0s8):   lease time 600
Apr 28 15:23:35 localhost NetworkManager[661]: <info>  [1682663015.9498] dhcp4 (enp0s8):   nameserver '10.0.2.1'
Apr 28 15:23:35 localhost NetworkManager[661]: <info>  [1682663015.9498] dhcp4 (enp0s8): state changed bound -> bound
Apr 28 15:23:35 localhost dbus[591]: [system] Activating via systemd: service name='org.freedesktop.nm_dispatcher' unit='dbus-org.freedesktop.nm-dispatcher.service'
Apr 28 15:23:35 localhost systemd: Starting Network Manager Script Dispatcher Service...
Apr 28 15:23:35 localhost dhclient[792]: bound to 10.0.2.4 -- renewal in 250 seconds.
Apr 28 15:23:35 localhost dbus[591]: [system] Successfully activated service 'org.freedesktop.nm_dispatcher'
Apr 28 15:23:35 localhost systemd: Started Network Manager Script Dispatcher Service.
Apr 28 15:23:35 localhost nm-dispatcher: req:1 'dhcp4-change' [enp0s8]: new request (4 scripts)
Apr 28 15:23:35 localhost nm-dispatcher: req:1 'dhcp4-change' [enp0s8]: start running ordered scripts...
Apr 28 15:24:36 localhost dhclient[790]: DHCPREQUEST on enp0s3 to 192.168.56.100 port 67 (xid=0x1c417b01)
Apr 28 15:24:36 localhost dhclient[790]: DHCPACK from 192.168.56.100 (xid=0x1c417b01)
Apr 28 15:24:36 localhost NetworkManager[661]: <info>  [1682663076.7048] dhcp4 (enp0s3):   address 192.168.56.101
Apr 28 15:24:36 localhost NetworkManager[661]: <info>  [1682663076.7050] dhcp4 (enp0s3):   plen 24 (255.255.255.0)
Apr 28 15:24:36 localhost NetworkManager[661]: <info>  [1682663076.7050] dhcp4 (enp0s3):   lease time 600
Apr 28 15:24:36 localhost NetworkManager[661]: <info>  [1682663076.7051] dhcp4 (enp0s3): state changed bound -> bound
Apr 28 15:24:36 localhost dbus[591]: [system] Activating via systemd: service name='org.freedesktop.nm_dispatcher' unit='dbus-org.freedesktop.nm-dispatcher.service'
Apr 28 15:24:36 localhost systemd: Starting Network Manager Script Dispatcher Service...
Apr 28 15:24:36 localhost dhclient[790]: bound to 192.168.56.101 -- renewal in 241 seconds.
Apr 28 15:24:36 localhost dbus[591]: [system] Successfully activated service 'org.freedesktop.nm_dispatcher'
Apr 28 15:24:36 localhost systemd: Started Network Manager Script Dispatcher Service.
Apr 28 15:24:36 localhost nm-dispatcher: req:1 'dhcp4-change' [enp0s3]: new request (4 scripts)
Apr 28 15:24:36 localhost nm-dispatcher: req:1 'dhcp4-change' [enp0s3]: start running ordered scripts...
Apr 28 15:27:45 localhost dhclient[792]: DHCPREQUEST on enp0s8 to 10.0.2.3 port 67 (xid=0x148be597)
Apr 28 15:27:45 localhost dhclient[792]: DHCPACK from 10.0.2.3 (xid=0x148be597)
Apr 28 15:27:45 localhost NetworkManager[661]: <info>  [1682663265.2282] dhcp4 (enp0s8):   address 10.0.2.4
Apr 28 15:27:45 localhost NetworkManager[661]: <info>  [1682663265.2286] dhcp4 (enp0s8):   plen 24 (255.255.255.0)
Apr 28 15:27:45 localhost NetworkManager[661]: <info>  [1682663265.2286] dhcp4 (enp0s8):   gateway 10.0.2.1
Apr 28 15:27:45 localhost NetworkManager[661]: <info>  [1682663265.2286] dhcp4 (enp0s8):   lease time 600
Apr 28 15:27:45 localhost NetworkManager[661]: <info>  [1682663265.2287] dhcp4 (enp0s8):   nameserver '10.0.2.1'
Apr 28 15:27:45 localhost NetworkManager[661]: <info>  [1682663265.2287] dhcp4 (enp0s8): state changed bound -> bound
Apr 28 15:27:45 localhost dbus[591]: [system] Activating via systemd: service name='org.freedesktop.nm_dispatcher' unit='dbus-org.freedesktop.nm-dispatcher.service'
Apr 28 15:27:45 localhost systemd: Starting Network Manager Script Dispatcher Service...
Apr 28 15:27:45 localhost dhclient[792]: bound to 10.0.2.4 -- renewal in 291 seconds.
Apr 28 15:27:45 localhost dbus[591]: [system] Successfully activated service 'org.freedesktop.nm_dispatcher'
Apr 28 15:27:45 localhost systemd: Started Network Manager Script Dispatcher Service.
Apr 28 15:27:45 localhost nm-dispatcher: req:1 'dhcp4-change' [enp0s8]: new request (4 scripts)
Apr 28 15:27:45 localhost nm-dispatcher: req:1 'dhcp4-change' [enp0s8]: start running ordered scripts...
