Apr 28 10:33:01 localhost rsyslogd: [origin software="rsyslogd" swVersion="8.24.0-57.el7_9.3" x-pid="1013" x-info="http://www.rsyslog.com"] rsyslogd was HUPed
Apr 28 10:33:13 localhost dhclient[790]: DHCPREQUEST on enp0s3 to 192.168.56.100 port 67 (xid=0x1c417b01)
Apr 28 10:33:13 localhost dhclient[790]: DHCPACK from 192.168.56.100 (xid=0x1c417b01)
Apr 28 10:33:13 localhost NetworkManager[661]: <info>  [1682645593.4752] dhcp4 (enp0s3):   address 192.168.56.101
Apr 28 10:33:13 localhost NetworkManager[661]: <info>  [1682645593.4758] dhcp4 (enp0s3):   plen 24 (255.255.255.0)
Apr 28 10:33:13 localhost NetworkManager[661]: <info>  [1682645593.4758] dhcp4 (enp0s3):   lease time 600
Apr 28 10:33:13 localhost NetworkManager[661]: <info>  [1682645593.4758] dhcp4 (enp0s3): state changed bound -> bound
Apr 28 10:33:13 localhost dbus[591]: [system] Activating via systemd: service name='org.freedesktop.nm_dispatcher' unit='dbus-org.freedesktop.nm-dispatcher.service'
Apr 28 10:33:13 localhost systemd: Starting Network Manager Script Dispatcher Service...
Apr 28 10:33:13 localhost dhclient[790]: bound to 192.168.56.101 -- renewal in 246 seconds.
Apr 28 10:33:13 localhost dbus[591]: [system] Successfully activated service 'org.freedesktop.nm_dispatcher'
Apr 28 10:33:13 localhost systemd: Started Network Manager Script Dispatcher Service.
Apr 28 10:33:13 localhost nm-dispatcher: req:1 'dhcp4-change' [enp0s3]: new request (4 scripts)
Apr 28 10:33:13 localhost nm-dispatcher: req:1 'dhcp4-change' [enp0s3]: start running ordered scripts...
Apr 28 10:34:26 localhost dhclient[792]: DHCPREQUEST on enp0s8 to 10.0.2.3 port 67 (xid=0x148be597)
Apr 28 10:34:26 localhost dhclient[792]: DHCPACK from 10.0.2.3 (xid=0x148be597)
Apr 28 10:34:26 localhost NetworkManager[661]: <info>  [1682645666.8376] dhcp4 (enp0s8):   address 10.0.2.4
Apr 28 10:34:26 localhost NetworkManager[661]: <info>  [1682645666.8382] dhcp4 (enp0s8):   plen 24 (255.255.255.0)
Apr 28 10:34:26 localhost NetworkManager[661]: <info>  [1682645666.8382] dhcp4 (enp0s8):   gateway 10.0.2.1
Apr 28 10:34:26 localhost NetworkManager[661]: <info>  [1682645666.8383] dhcp4 (enp0s8):   lease time 600
Apr 28 10:34:26 localhost NetworkManager[661]: <info>  [1682645666.8383] dhcp4 (enp0s8):   nameserver '10.0.2.1'
Apr 28 10:34:26 localhost NetworkManager[661]: <info>  [1682645666.8383] dhcp4 (enp0s8): state changed bound -> bound
Apr 28 10:34:26 localhost dbus[591]: [system] Activating via systemd: service name='org.freedesktop.nm_dispatcher' unit='dbus-org.freedesktop.nm-dispatcher.service'
Apr 28 10:34:26 localhost systemd: Starting Network Manager Script Dispatcher Service...
Apr 28 10:34:26 localhost dhclient[792]: bound to 10.0.2.4 -- renewal in 233 seconds.
Apr 28 10:34:26 localhost dbus[591]: [system] Successfully activated service 'org.freedesktop.nm_dispatcher'
Apr 28 10:34:26 localhost systemd: Started Network Manager Script Dispatcher Service.
Apr 28 10:34:26 localhost nm-dispatcher: req:1 'dhcp4-change' [enp0s8]: new request (4 scripts)
Apr 28 10:34:26 localhost nm-dispatcher: req:1 'dhcp4-change' [enp0s8]: start running ordered scripts...
Apr 28 10:37:19 localhost dhclient[790]: DHCPREQUEST on enp0s3 to 192.168.56.100 port 67 (xid=0x1c417b01)
Apr 28 10:37:19 localhost dhclient[790]: DHCPACK from 192.168.56.100 (xid=0x1c417b01)
Apr 28 10:37:19 localhost NetworkManager[661]: <info>  [1682645839.6623] dhcp4 (enp0s3):   address 192.168.56.101
Apr 28 10:37:19 localhost NetworkManager[661]: <info>  [1682645839.6623] dhcp4 (enp0s3):   plen 24 (255.255.255.0)
Apr 28 10:37:19 localhost NetworkManager[661]: <info>  [1682645839.6623] dhcp4 (enp0s3):   lease time 600
Apr 28 10:37:19 localhost NetworkManager[661]: <info>  [1682645839.6623] dhcp4 (enp0s3): state changed bound -> bound
Apr 28 10:37:19 localhost dbus[591]: [system] Activating via systemd: service name='org.freedesktop.nm_dispatcher' unit='dbus-org.freedesktop.nm-dispatcher.service'
Apr 28 10:37:19 localhost systemd: Starting Network Manager Script Dispatcher Service...
Apr 28 10:37:19 localhost dhclient[790]: bound to 192.168.56.101 -- renewal in 285 seconds.
Apr 28 10:37:19 localhost dbus[591]: [system] Successfully activated service 'org.freedesktop.nm_dispatcher'
Apr 28 10:37:19 localhost systemd: Started Network Manager Script Dispatcher Service.
Apr 28 10:37:19 localhost nm-dispatcher: req:1 'dhcp4-change' [enp0s3]: new request (4 scripts)
Apr 28 10:37:19 localhost nm-dispatcher: req:1 'dhcp4-change' [enp0s3]: start running ordered scripts...
Apr 28 10:38:19 localhost dhclient[792]: DHCPREQUEST on enp0s8 to 10.0.2.3 port 67 (xid=0x148be597)
Apr 28 10:38:19 localhost dhclient[792]: DHCPACK from 10.0.2.3 (xid=0x148be597)
Apr 28 10:38:19 localhost NetworkManager[661]: <info>  [1682645899.2105] dhcp4 (enp0s8):   address 10.0.2.4
Apr 28 10:38:19 localhost NetworkManager[661]: <info>  [1682645899.2114] dhcp4 (enp0s8):   plen 24 (255.255.255.0)
Apr 28 10:38:19 localhost NetworkManager[661]: <info>  [1682645899.2115] dhcp4 (enp0s8):   gateway 10.0.2.1
Apr 28 10:38:19 localhost NetworkManager[661]: <info>  [1682645899.2115] dhcp4 (enp0s8):   lease time 600
Apr 28 10:38:19 localhost NetworkManager[661]: <info>  [1682645899.2116] dhcp4 (enp0s8):   nameserver '10.0.2.1'
Apr 28 10:38:19 localhost NetworkManager[661]: <info>  [1682645899.2116] dhcp4 (enp0s8): state changed bound -> bound
Apr 28 10:38:19 localhost dbus[591]: [system] Activating via systemd: service name='org.freedesktop.nm_dispatcher' unit='dbus-org.freedesktop.nm-dispatcher.service'
Apr 28 10:38:19 localhost systemd: Starting Network Manager Script Dispatcher Service...
Apr 28 10:38:19 localhost dhclient[792]: bound to 10.0.2.4 -- renewal in 234 seconds.
Apr 28 10:38:19 localhost dbus[591]: [system] Successfully activated service 'org.freedesktop.nm_dispatcher'
Apr 28 10:38:19 localhost systemd: Started Network Manager Script Dispatcher Service.
Apr 28 10:38:19 localhost nm-dispatcher: req:1 'dhcp4-change' [enp0s8]: new request (4 scripts)
Apr 28 10:38:19 localhost nm-dispatcher: req:1 'dhcp4-change' [enp0s8]: start running ordered scripts...
Apr 28 10:40:01 localhost systemd: Started Session 12 of user root.
Apr 28 10:42:04 localhost dhclient[790]: DHCPREQUEST on enp0s3 to 192.168.56.100 port 67 (xid=0x1c417b01)
Apr 28 10:42:04 localhost dhclient[790]: DHCPACK from 192.168.56.100 (xid=0x1c417b01)
Apr 28 10:42:04 localhost NetworkManager[661]: <info>  [1682646124.8047] dhcp4 (enp0s3):   address 192.168.56.101
Apr 28 10:42:04 localhost NetworkManager[661]: <info>  [1682646124.8051] dhcp4 (enp0s3):   plen 24 (255.255.255.0)
Apr 28 10:42:04 localhost NetworkManager[661]: <info>  [1682646124.8051] dhcp4 (enp0s3):   lease time 600
Apr 28 10:42:04 localhost NetworkManager[661]: <info>  [1682646124.8051] dhcp4 (enp0s3): state changed bound -> bound
Apr 28 10:42:04 localhost dbus[591]: [system] Activating via systemd: service name='org.freedesktop.nm_dispatcher' unit='dbus-org.freedesktop.nm-dispatcher.service'
Apr 28 10:42:04 localhost systemd: Starting Network Manager Script Dispatcher Service...
Apr 28 10:42:04 localhost dhclient[790]: bound to 192.168.56.101 -- renewal in 281 seconds.
Apr 28 10:42:04 localhost dbus[591]: [system] Successfully activated service 'org.freedesktop.nm_dispatcher'
Apr 28 10:42:04 localhost systemd: Started Network Manager Script Dispatcher Service.
Apr 28 10:42:04 localhost nm-dispatcher: req:1 'dhcp4-change' [enp0s3]: new request (4 scripts)
Apr 28 10:42:04 localhost nm-dispatcher: req:1 'dhcp4-change' [enp0s3]: start running ordered scripts...
Apr 28 10:42:13 localhost dhclient[792]: DHCPREQUEST on enp0s8 to 10.0.2.3 port 67 (xid=0x148be597)
Apr 28 10:42:13 localhost dhclient[792]: DHCPACK from 10.0.2.3 (xid=0x148be597)
Apr 28 10:42:13 localhost NetworkManager[661]: <info>  [1682646133.7804] dhcp4 (enp0s8):   address 10.0.2.4
Apr 28 10:42:13 localhost NetworkManager[661]: <info>  [1682646133.7804] dhcp4 (enp0s8):   plen 24 (255.255.255.0)
Apr 28 10:42:13 localhost NetworkManager[661]: <info>  [1682646133.7804] dhcp4 (enp0s8):   gateway 10.0.2.1
Apr 28 10:42:13 localhost NetworkManager[661]: <info>  [1682646133.7804] dhcp4 (enp0s8):   lease time 600
Apr 28 10:42:13 localhost NetworkManager[661]: <info>  [1682646133.7805] dhcp4 (enp0s8):   nameserver '10.0.2.1'
Apr 28 10:42:13 localhost NetworkManager[661]: <info>  [1682646133.7805] dhcp4 (enp0s8): state changed bound -> bound
Apr 28 10:42:13 localhost nm-dispatcher: req:2 'dhcp4-change' [enp0s8]: new request (4 scripts)
Apr 28 10:42:13 localhost nm-dispatcher: req:2 'dhcp4-change' [enp0s8]: start running ordered scripts...
Apr 28 10:42:13 localhost dhclient[792]: bound to 10.0.2.4 -- renewal in 280 seconds.
Apr 28 10:46:46 localhost dhclient[790]: DHCPREQUEST on enp0s3 to 192.168.56.100 port 67 (xid=0x1c417b01)
Apr 28 10:46:46 localhost dhclient[790]: DHCPACK from 192.168.56.100 (xid=0x1c417b01)
Apr 28 10:46:46 localhost NetworkManager[661]: <info>  [1682646406.1186] dhcp4 (enp0s3):   address 192.168.56.101
Apr 28 10:46:46 localhost NetworkManager[661]: <info>  [1682646406.1190] dhcp4 (enp0s3):   plen 24 (255.255.255.0)
Apr 28 10:46:46 localhost NetworkManager[661]: <info>  [1682646406.1190] dhcp4 (enp0s3):   lease time 600
Apr 28 10:46:46 localhost NetworkManager[661]: <info>  [1682646406.1190] dhcp4 (enp0s3): state changed bound -> bound
Apr 28 10:46:46 localhost dbus[591]: [system] Activating via systemd: service name='org.freedesktop.nm_dispatcher' unit='dbus-org.freedesktop.nm-dispatcher.service'
Apr 28 10:46:46 localhost systemd: Starting Network Manager Script Dispatcher Service...
Apr 28 10:46:46 localhost dhclient[790]: bound to 192.168.56.101 -- renewal in 262 seconds.
Apr 28 10:46:46 localhost dbus[591]: [system] Successfully activated service 'org.freedesktop.nm_dispatcher'
Apr 28 10:46:46 localhost systemd: Started Network Manager Script Dispatcher Service.
Apr 28 10:46:46 localhost nm-dispatcher: req:1 'dhcp4-change' [enp0s3]: new request (4 scripts)
Apr 28 10:46:46 localhost nm-dispatcher: req:1 'dhcp4-change' [enp0s3]: start running ordered scripts...
Apr 28 10:46:53 localhost dhclient[792]: DHCPREQUEST on enp0s8 to 10.0.2.3 port 67 (xid=0x148be597)
Apr 28 10:46:53 localhost dhclient[792]: DHCPACK from 10.0.2.3 (xid=0x148be597)
Apr 28 10:46:53 localhost NetworkManager[661]: <info>  [1682646413.5429] dhcp4 (enp0s8):   address 10.0.2.4
Apr 28 10:46:53 localhost NetworkManager[661]: <info>  [1682646413.5430] dhcp4 (enp0s8):   plen 24 (255.255.255.0)
Apr 28 10:46:53 localhost NetworkManager[661]: <info>  [1682646413.5430] dhcp4 (enp0s8):   gateway 10.0.2.1
Apr 28 10:46:53 localhost NetworkManager[661]: <info>  [1682646413.5430] dhcp4 (enp0s8):   lease time 600
Apr 28 10:46:53 localhost NetworkManager[661]: <info>  [1682646413.5431] dhcp4 (enp0s8):   nameserver '10.0.2.1'
Apr 28 10:46:53 localhost NetworkManager[661]: <info>  [1682646413.5431] dhcp4 (enp0s8): state changed bound -> bound
Apr 28 10:46:53 localhost nm-dispatcher: req:2 'dhcp4-change' [enp0s8]: new request (4 scripts)
Apr 28 10:46:53 localhost nm-dispatcher: req:2 'dhcp4-change' [enp0s8]: start running ordered scripts...
Apr 28 10:46:53 localhost dhclient[792]: bound to 10.0.2.4 -- renewal in 270 seconds.
Apr 28 10:50:01 localhost systemd: Started Session 13 of user root.
Apr 28 10:51:08 localhost dhclient[790]: DHCPREQUEST on enp0s3 to 192.168.56.100 port 67 (xid=0x1c417b01)
Apr 28 10:51:08 localhost dhclient[790]: DHCPACK from 192.168.56.100 (xid=0x1c417b01)
Apr 28 10:51:08 localhost NetworkManager[661]: <info>  [1682646668.4791] dhcp4 (enp0s3):   address 192.168.56.101
Apr 28 10:51:08 localhost NetworkManager[661]: <info>  [1682646668.4795] dhcp4 (enp0s3):   plen 24 (255.255.255.0)
Apr 28 10:51:08 localhost NetworkManager[661]: <info>  [1682646668.4795] dhcp4 (enp0s3):   lease time 600
Apr 28 10:51:08 localhost NetworkManager[661]: <info>  [1682646668.4795] dhcp4 (enp0s3): state changed bound -> bound
Apr 28 10:51:08 localhost dbus[591]: [system] Activating via systemd: service name='org.freedesktop.nm_dispatcher' unit='dbus-org.freedesktop.nm-dispatcher.service'
Apr 28 10:51:08 localhost systemd: Starting Network Manager Script Dispatcher Service...
Apr 28 10:51:08 localhost dhclient[790]: bound to 192.168.56.101 -- renewal in 238 seconds.
Apr 28 10:51:08 localhost dbus[591]: [system] Successfully activated service 'org.freedesktop.nm_dispatcher'
Apr 28 10:51:08 localhost systemd: Started Network Manager Script Dispatcher Service.
Apr 28 10:51:08 localhost nm-dispatcher: req:1 'dhcp4-change' [enp0s3]: new request (4 scripts)
Apr 28 10:51:08 localhost nm-dispatcher: req:1 'dhcp4-change' [enp0s3]: start running ordered scripts...
Apr 28 10:51:23 localhost dhclient[792]: DHCPREQUEST on enp0s8 to 10.0.2.3 port 67 (xid=0x148be597)
Apr 28 10:51:23 localhost dhclient[792]: DHCPACK from 10.0.2.3 (xid=0x148be597)
Apr 28 10:51:23 localhost NetworkManager[661]: <info>  [1682646683.5439] dhcp4 (enp0s8):   address 10.0.2.4
Apr 28 10:51:23 localhost NetworkManager[661]: <info>  [1682646683.5445] dhcp4 (enp0s8):   plen 24 (255.255.255.0)
Apr 28 10:51:23 localhost NetworkManager[661]: <info>  [1682646683.5445] dhcp4 (enp0s8):   gateway 10.0.2.1
Apr 28 10:51:23 localhost NetworkManager[661]: <info>  [1682646683.5446] dhcp4 (enp0s8):   lease time 600
Apr 28 10:51:23 localhost NetworkManager[661]: <info>  [1682646683.5446] dhcp4 (enp0s8):   nameserver '10.0.2.1'
Apr 28 10:51:23 localhost NetworkManager[661]: <info>  [1682646683.5446] dhcp4 (enp0s8): state changed bound -> bound
Apr 28 10:51:23 localhost dbus[591]: [system] Activating via systemd: service name='org.freedesktop.nm_dispatcher' unit='dbus-org.freedesktop.nm-dispatcher.service'
Apr 28 10:51:23 localhost systemd: Starting Network Manager Script Dispatcher Service...
Apr 28 10:51:23 localhost dhclient[792]: bound to 10.0.2.4 -- renewal in 267 seconds.
Apr 28 10:51:23 localhost dbus[591]: [system] Successfully activated service 'org.freedesktop.nm_dispatcher'
Apr 28 10:51:23 localhost systemd: Started Network Manager Script Dispatcher Service.
Apr 28 10:51:23 localhost nm-dispatcher: req:1 'dhcp4-change' [enp0s8]: new request (4 scripts)
Apr 28 10:51:23 localhost nm-dispatcher: req:1 'dhcp4-change' [enp0s8]: start running ordered scripts...
Apr 28 10:55:06 localhost dhclient[790]: DHCPREQUEST on enp0s3 to 192.168.56.100 port 67 (xid=0x1c417b01)
Apr 28 10:55:06 localhost dhclient[790]: DHCPACK from 192.168.56.100 (xid=0x1c417b01)
Apr 28 10:55:06 localhost NetworkManager[661]: <info>  [1682646906.2426] dhcp4 (enp0s3):   address 192.168.56.101
Apr 28 10:55:06 localhost NetworkManager[661]: <info>  [1682646906.2426] dhcp4 (enp0s3):   plen 24 (255.255.255.0)
Apr 28 10:55:06 localhost NetworkManager[661]: <info>  [1682646906.2426] dhcp4 (enp0s3):   lease time 600
Apr 28 10:55:06 localhost NetworkManager[661]: <info>  [1682646906.2427] dhcp4 (enp0s3): state changed bound -> bound
Apr 28 10:55:06 localhost dbus[591]: [system] Activating via systemd: service name='org.freedesktop.nm_dispatcher' unit='dbus-org.freedesktop.nm-dispatcher.service'
Apr 28 10:55:06 localhost systemd: Starting Network Manager Script Dispatcher Service...
Apr 28 10:55:06 localhost dhclient[790]: bound to 192.168.56.101 -- renewal in 259 seconds.
Apr 28 10:55:06 localhost dbus[591]: [system] Successfully activated service 'org.freedesktop.nm_dispatcher'
Apr 28 10:55:06 localhost systemd: Started Network Manager Script Dispatcher Service.
Apr 28 10:55:06 localhost nm-dispatcher: req:1 'dhcp4-change' [enp0s3]: new request (4 scripts)
Apr 28 10:55:06 localhost nm-dispatcher: req:1 'dhcp4-change' [enp0s3]: start running ordered scripts...
Apr 28 10:55:50 localhost dhclient[792]: DHCPREQUEST on enp0s8 to 10.0.2.3 port 67 (xid=0x148be597)
Apr 28 10:55:50 localhost dhclient[792]: DHCPACK from 10.0.2.3 (xid=0x148be597)
Apr 28 10:55:50 localhost NetworkManager[661]: <info>  [1682646950.7765] dhcp4 (enp0s8):   address 10.0.2.4
Apr 28 10:55:50 localhost NetworkManager[661]: <info>  [1682646950.7767] dhcp4 (enp0s8):   plen 24 (255.255.255.0)
Apr 28 10:55:50 localhost NetworkManager[661]: <info>  [1682646950.7768] dhcp4 (enp0s8):   gateway 10.0.2.1
Apr 28 10:55:50 localhost NetworkManager[661]: <info>  [1682646950.7768] dhcp4 (enp0s8):   lease time 600
Apr 28 10:55:50 localhost NetworkManager[661]: <info>  [1682646950.7768] dhcp4 (enp0s8):   nameserver '10.0.2.1'
Apr 28 10:55:50 localhost NetworkManager[661]: <info>  [1682646950.7768] dhcp4 (enp0s8): state changed bound -> bound
Apr 28 10:55:50 localhost dbus[591]: [system] Activating via systemd: service name='org.freedesktop.nm_dispatcher' unit='dbus-org.freedesktop.nm-dispatcher.service'
Apr 28 10:55:50 localhost systemd: Starting Network Manager Script Dispatcher Service...
Apr 28 10:55:50 localhost dhclient[792]: bound to 10.0.2.4 -- renewal in 281 seconds.
Apr 28 10:55:50 localhost dbus[591]: [system] Successfully activated service 'org.freedesktop.nm_dispatcher'
Apr 28 10:55:50 localhost systemd: Started Network Manager Script Dispatcher Service.
Apr 28 10:55:50 localhost nm-dispatcher: req:1 'dhcp4-change' [enp0s8]: new request (4 scripts)
Apr 28 10:55:50 localhost nm-dispatcher: req:1 'dhcp4-change' [enp0s8]: start running ordered scripts...
Apr 28 10:59:25 localhost dhclient[790]: DHCPREQUEST on enp0s3 to 192.168.56.100 port 67 (xid=0x1c417b01)
Apr 28 10:59:25 localhost dhclient[790]: DHCPACK from 192.168.56.100 (xid=0x1c417b01)
Apr 28 10:59:25 localhost NetworkManager[661]: <info>  [1682647165.9444] dhcp4 (enp0s3):   address 192.168.56.101
Apr 28 10:59:25 localhost NetworkManager[661]: <info>  [1682647165.9450] dhcp4 (enp0s3):   plen 24 (255.255.255.0)
Apr 28 10:59:25 localhost NetworkManager[661]: <info>  [1682647165.9451] dhcp4 (enp0s3):   lease time 600
Apr 28 10:59:25 localhost NetworkManager[661]: <info>  [1682647165.9451] dhcp4 (enp0s3): state changed bound -> bound
Apr 28 10:59:25 localhost dbus[591]: [system] Activating via systemd: service name='org.freedesktop.nm_dispatcher' unit='dbus-org.freedesktop.nm-dispatcher.service'
Apr 28 10:59:25 localhost systemd: Starting Network Manager Script Dispatcher Service...
Apr 28 10:59:25 localhost dhclient[790]: bound to 192.168.56.101 -- renewal in 228 seconds.
Apr 28 10:59:25 localhost dbus[591]: [system] Successfully activated service 'org.freedesktop.nm_dispatcher'
Apr 28 10:59:25 localhost systemd: Started Network Manager Script Dispatcher Service.
Apr 28 10:59:25 localhost nm-dispatcher: req:1 'dhcp4-change' [enp0s3]: new request (4 scripts)
Apr 28 10:59:25 localhost nm-dispatcher: req:1 'dhcp4-change' [enp0s3]: start running ordered scripts...
Apr 28 11:00:01 localhost systemd: Started Session 14 of user root.
Apr 28 11:00:31 localhost dhclient[792]: DHCPREQUEST on enp0s8 to 10.0.2.3 port 67 (xid=0x148be597)
Apr 28 11:00:31 localhost dhclient[792]: DHCPACK from 10.0.2.3 (xid=0x148be597)
Apr 28 11:00:31 localhost NetworkManager[661]: <info>  [1682647231.1229] dhcp4 (enp0s8):   address 10.0.2.4
Apr 28 11:00:31 localhost NetworkManager[661]: <info>  [1682647231.1229] dhcp4 (enp0s8):   plen 24 (255.255.255.0)
Apr 28 11:00:31 localhost NetworkManager[661]: <info>  [1682647231.1229] dhcp4 (enp0s8):   gateway 10.0.2.1
Apr 28 11:00:31 localhost NetworkManager[661]: <info>  [1682647231.1230] dhcp4 (enp0s8):   lease time 600
Apr 28 11:00:31 localhost NetworkManager[661]: <info>  [1682647231.1230] dhcp4 (enp0s8):   nameserver '10.0.2.1'
Apr 28 11:00:31 localhost NetworkManager[661]: <info>  [1682647231.1230] dhcp4 (enp0s8): state changed bound -> bound
Apr 28 11:00:31 localhost dbus[591]: [system] Activating via systemd: service name='org.freedesktop.nm_dispatcher' unit='dbus-org.freedesktop.nm-dispatcher.service'
Apr 28 11:00:31 localhost systemd: Starting Network Manager Script Dispatcher Service...
Apr 28 11:00:31 localhost dhclient[792]: bound to 10.0.2.4 -- renewal in 237 seconds.
Apr 28 11:00:31 localhost dbus[591]: [system] Successfully activated service 'org.freedesktop.nm_dispatcher'
Apr 28 11:00:31 localhost systemd: Started Network Manager Script Dispatcher Service.
Apr 28 11:00:31 localhost nm-dispatcher: req:1 'dhcp4-change' [enp0s8]: new request (4 scripts)
Apr 28 11:00:31 localhost nm-dispatcher: req:1 'dhcp4-change' [enp0s8]: start running ordered scripts...
Apr 28 11:01:01 localhost systemd: Started Session 15 of user root.
Apr 28 11:03:13 localhost dhclient[790]: DHCPREQUEST on enp0s3 to 192.168.56.100 port 67 (xid=0x1c417b01)
Apr 28 11:03:13 localhost dhclient[790]: DHCPACK from 192.168.56.100 (xid=0x1c417b01)
Apr 28 11:03:13 localhost NetworkManager[661]: <info>  [1682647393.9939] dhcp4 (enp0s3):   address 192.168.56.101
Apr 28 11:03:13 localhost NetworkManager[661]: <info>  [1682647393.9944] dhcp4 (enp0s3):   plen 24 (255.255.255.0)
Apr 28 11:03:13 localhost NetworkManager[661]: <info>  [1682647393.9944] dhcp4 (enp0s3):   lease time 600
Apr 28 11:03:13 localhost NetworkManager[661]: <info>  [1682647393.9944] dhcp4 (enp0s3): state changed bound -> bound
Apr 28 11:03:14 localhost dbus[591]: [system] Activating via systemd: service name='org.freedesktop.nm_dispatcher' unit='dbus-org.freedesktop.nm-dispatcher.service'
Apr 28 11:03:14 localhost systemd: Starting Network Manager Script Dispatcher Service...
Apr 28 11:03:14 localhost dhclient[790]: bound to 192.168.56.101 -- renewal in 248 seconds.
Apr 28 11:03:14 localhost dbus[591]: [system] Successfully activated service 'org.freedesktop.nm_dispatcher'
Apr 28 11:03:14 localhost systemd: Started Network Manager Script Dispatcher Service.
Apr 28 11:03:14 localhost nm-dispatcher: req:1 'dhcp4-change' [enp0s3]: new request (4 scripts)
Apr 28 11:03:14 localhost nm-dispatcher: req:1 'dhcp4-change' [enp0s3]: start running ordered scripts...
Apr 28 11:03:57 localhost dbus[591]: [system] Activating service name='org.freedesktop.problems' (using servicehelper)
Apr 28 11:03:57 localhost dbus[591]: [system] Successfully activated service 'org.freedesktop.problems'
Apr 28 11:04:28 localhost dhclient[792]: DHCPREQUEST on enp0s8 to 10.0.2.3 port 67 (xid=0x148be597)
Apr 28 11:04:28 localhost dhclient[792]: DHCPACK from 10.0.2.3 (xid=0x148be597)
Apr 28 11:04:28 localhost NetworkManager[661]: <info>  [1682647468.3876] dhcp4 (enp0s8):   address 10.0.2.4
Apr 28 11:04:28 localhost NetworkManager[661]: <info>  [1682647468.3876] dhcp4 (enp0s8):   plen 24 (255.255.255.0)
Apr 28 11:04:28 localhost NetworkManager[661]: <info>  [1682647468.3877] dhcp4 (enp0s8):   gateway 10.0.2.1
Apr 28 11:04:28 localhost NetworkManager[661]: <info>  [1682647468.3877] dhcp4 (enp0s8):   lease time 600
Apr 28 11:04:28 localhost NetworkManager[661]: <info>  [1682647468.3878] dhcp4 (enp0s8):   nameserver '10.0.2.1'
Apr 28 11:04:28 localhost NetworkManager[661]: <info>  [1682647468.3878] dhcp4 (enp0s8): state changed bound -> bound
Apr 28 11:04:28 localhost dbus[591]: [system] Activating via systemd: service name='org.freedesktop.nm_dispatcher' unit='dbus-org.freedesktop.nm-dispatcher.service'
Apr 28 11:04:28 localhost systemd: Starting Network Manager Script Dispatcher Service...
Apr 28 11:04:28 localhost dhclient[792]: bound to 10.0.2.4 -- renewal in 261 seconds.
Apr 28 11:04:28 localhost dbus[591]: [system] Successfully activated service 'org.freedesktop.nm_dispatcher'
Apr 28 11:04:28 localhost systemd: Started Network Manager Script Dispatcher Service.
Apr 28 11:04:28 localhost nm-dispatcher: req:1 'dhcp4-change' [enp0s8]: new request (4 scripts)
Apr 28 11:04:28 localhost nm-dispatcher: req:1 'dhcp4-change' [enp0s8]: start running ordered scripts...
Apr 28 11:07:22 localhost dhclient[790]: DHCPREQUEST on enp0s3 to 192.168.56.100 port 67 (xid=0x1c417b01)
Apr 28 11:07:22 localhost dhclient[790]: DHCPACK from 192.168.56.100 (xid=0x1c417b01)
Apr 28 11:07:22 localhost NetworkManager[661]: <info>  [1682647642.1828] dhcp4 (enp0s3):   address 192.168.56.101
Apr 28 11:07:22 localhost NetworkManager[661]: <info>  [1682647642.1828] dhcp4 (enp0s3):   plen 24 (255.255.255.0)
Apr 28 11:07:22 localhost NetworkManager[661]: <info>  [1682647642.1828] dhcp4 (enp0s3):   lease time 600
Apr 28 11:07:22 localhost NetworkManager[661]: <info>  [1682647642.1828] dhcp4 (enp0s3): state changed bound -> bound
Apr 28 11:07:22 localhost dbus[591]: [system] Activating via systemd: service name='org.freedesktop.nm_dispatcher' unit='dbus-org.freedesktop.nm-dispatcher.service'
Apr 28 11:07:22 localhost systemd: Starting Network Manager Script Dispatcher Service...
Apr 28 11:07:22 localhost dhclient[790]: bound to 192.168.56.101 -- renewal in 259 seconds.
Apr 28 11:07:22 localhost dbus[591]: [system] Successfully activated service 'org.freedesktop.nm_dispatcher'
Apr 28 11:07:22 localhost systemd: Started Network Manager Script Dispatcher Service.
Apr 28 11:07:22 localhost nm-dispatcher: req:1 'dhcp4-change' [enp0s3]: new request (4 scripts)
Apr 28 11:07:22 localhost nm-dispatcher: req:1 'dhcp4-change' [enp0s3]: start running ordered scripts...
Apr 28 11:08:49 localhost dhclient[792]: DHCPREQUEST on enp0s8 to 10.0.2.3 port 67 (xid=0x148be597)
Apr 28 11:08:49 localhost dhclient[792]: DHCPACK from 10.0.2.3 (xid=0x148be597)
Apr 28 11:08:49 localhost NetworkManager[661]: <info>  [1682647729.6385] dhcp4 (enp0s8):   address 10.0.2.4
Apr 28 11:08:49 localhost NetworkManager[661]: <info>  [1682647729.6385] dhcp4 (enp0s8):   plen 24 (255.255.255.0)
Apr 28 11:08:49 localhost NetworkManager[661]: <info>  [1682647729.6385] dhcp4 (enp0s8):   gateway 10.0.2.1
Apr 28 11:08:49 localhost NetworkManager[661]: <info>  [1682647729.6385] dhcp4 (enp0s8):   lease time 600
Apr 28 11:08:49 localhost NetworkManager[661]: <info>  [1682647729.6386] dhcp4 (enp0s8):   nameserver '10.0.2.1'
Apr 28 11:08:49 localhost NetworkManager[661]: <info>  [1682647729.6386] dhcp4 (enp0s8): state changed bound -> bound
Apr 28 11:08:49 localhost dbus[591]: [system] Activating via systemd: service name='org.freedesktop.nm_dispatcher' unit='dbus-org.freedesktop.nm-dispatcher.service'
Apr 28 11:08:49 localhost systemd: Starting Network Manager Script Dispatcher Service...
Apr 28 11:08:49 localhost dhclient[792]: bound to 10.0.2.4 -- renewal in 287 seconds.
Apr 28 11:08:49 localhost dbus[591]: [system] Successfully activated service 'org.freedesktop.nm_dispatcher'
Apr 28 11:08:49 localhost systemd: Started Network Manager Script Dispatcher Service.
Apr 28 11:08:49 localhost nm-dispatcher: req:1 'dhcp4-change' [enp0s8]: new request (4 scripts)
Apr 28 11:08:49 localhost nm-dispatcher: req:1 'dhcp4-change' [enp0s8]: start running ordered scripts...
Apr 28 11:10:01 localhost systemd: Started Session 16 of user root.
Apr 28 11:11:41 localhost dhclient[790]: DHCPREQUEST on enp0s3 to 192.168.56.100 port 67 (xid=0x1c417b01)
Apr 28 11:11:41 localhost dhclient[790]: DHCPACK from 192.168.56.100 (xid=0x1c417b01)
Apr 28 11:11:41 localhost NetworkManager[661]: <info>  [1682647901.8999] dhcp4 (enp0s3):   address 192.168.56.101
Apr 28 11:11:41 localhost NetworkManager[661]: <info>  [1682647901.9004] dhcp4 (enp0s3):   plen 24 (255.255.255.0)
Apr 28 11:11:41 localhost NetworkManager[661]: <info>  [1682647901.9005] dhcp4 (enp0s3):   lease time 600
Apr 28 11:11:41 localhost NetworkManager[661]: <info>  [1682647901.9005] dhcp4 (enp0s3): state changed bound -> bound
Apr 28 11:11:41 localhost dbus[591]: [system] Activating via systemd: service name='org.freedesktop.nm_dispatcher' unit='dbus-org.freedesktop.nm-dispatcher.service'
Apr 28 11:11:41 localhost systemd: Starting Network Manager Script Dispatcher Service...
Apr 28 11:11:41 localhost dhclient[790]: bound to 192.168.56.101 -- renewal in 287 seconds.
Apr 28 11:11:41 localhost dbus[591]: [system] Successfully activated service 'org.freedesktop.nm_dispatcher'
Apr 28 11:11:41 localhost systemd: Started Network Manager Script Dispatcher Service.
Apr 28 11:11:41 localhost nm-dispatcher: req:1 'dhcp4-change' [enp0s3]: new request (4 scripts)
Apr 28 11:11:41 localhost nm-dispatcher: req:1 'dhcp4-change' [enp0s3]: start running ordered scripts...
Apr 28 11:13:37 localhost dhclient[792]: DHCPREQUEST on enp0s8 to 10.0.2.3 port 67 (xid=0x148be597)
Apr 28 11:13:37 localhost dhclient[792]: DHCPACK from 10.0.2.3 (xid=0x148be597)
Apr 28 11:13:37 localhost NetworkManager[661]: <info>  [1682648017.0788] dhcp4 (enp0s8):   address 10.0.2.4
Apr 28 11:13:37 localhost NetworkManager[661]: <info>  [1682648017.0797] dhcp4 (enp0s8):   plen 24 (255.255.255.0)
Apr 28 11:13:37 localhost NetworkManager[661]: <info>  [1682648017.0797] dhcp4 (enp0s8):   gateway 10.0.2.1
Apr 28 11:13:37 localhost NetworkManager[661]: <info>  [1682648017.0798] dhcp4 (enp0s8):   lease time 600
Apr 28 11:13:37 localhost NetworkManager[661]: <info>  [1682648017.0798] dhcp4 (enp0s8):   nameserver '10.0.2.1'
Apr 28 11:13:37 localhost NetworkManager[661]: <info>  [1682648017.0798] dhcp4 (enp0s8): state changed bound -> bound
Apr 28 11:13:37 localhost dbus[591]: [system] Activating via systemd: service name='org.freedesktop.nm_dispatcher' unit='dbus-org.freedesktop.nm-dispatcher.service'
Apr 28 11:13:37 localhost systemd: Starting Network Manager Script Dispatcher Service...
Apr 28 11:13:37 localhost dhclient[792]: bound to 10.0.2.4 -- renewal in 257 seconds.
Apr 28 11:13:37 localhost dbus[591]: [system] Successfully activated service 'org.freedesktop.nm_dispatcher'
Apr 28 11:13:37 localhost systemd: Started Network Manager Script Dispatcher Service.
Apr 28 11:13:37 localhost nm-dispatcher: req:1 'dhcp4-change' [enp0s8]: new request (4 scripts)
Apr 28 11:13:37 localhost nm-dispatcher: req:1 'dhcp4-change' [enp0s8]: start running ordered scripts...
Apr 28 11:16:28 localhost dhclient[790]: DHCPREQUEST on enp0s3 to 192.168.56.100 port 67 (xid=0x1c417b01)
Apr 28 11:16:28 localhost dhclient[790]: DHCPACK from 192.168.56.100 (xid=0x1c417b01)
Apr 28 11:16:28 localhost NetworkManager[661]: <info>  [1682648188.0813] dhcp4 (enp0s3):   address 192.168.56.101
Apr 28 11:16:28 localhost NetworkManager[661]: <info>  [1682648188.0821] dhcp4 (enp0s3):   plen 24 (255.255.255.0)
Apr 28 11:16:28 localhost NetworkManager[661]: <info>  [1682648188.0821] dhcp4 (enp0s3):   lease time 600
Apr 28 11:16:28 localhost NetworkManager[661]: <info>  [1682648188.0822] dhcp4 (enp0s3): state changed bound -> bound
Apr 28 11:16:28 localhost dbus[591]: [system] Activating via systemd: service name='org.freedesktop.nm_dispatcher' unit='dbus-org.freedesktop.nm-dispatcher.service'
Apr 28 11:16:28 localhost systemd: Starting Network Manager Script Dispatcher Service...
Apr 28 11:16:28 localhost dhclient[790]: bound to 192.168.56.101 -- renewal in 269 seconds.
Apr 28 11:16:28 localhost dbus[591]: [system] Successfully activated service 'org.freedesktop.nm_dispatcher'
Apr 28 11:16:28 localhost systemd: Started Network Manager Script Dispatcher Service.
Apr 28 11:16:28 localhost nm-dispatcher: req:1 'dhcp4-change' [enp0s3]: new request (4 scripts)
Apr 28 11:16:28 localhost nm-dispatcher: req:1 'dhcp4-change' [enp0s3]: start running ordered scripts...
Apr 28 11:17:54 localhost dhclient[792]: DHCPREQUEST on enp0s8 to 10.0.2.3 port 67 (xid=0x148be597)
Apr 28 11:17:54 localhost dhclient[792]: DHCPACK from 10.0.2.3 (xid=0x148be597)
Apr 28 11:17:54 localhost NetworkManager[661]: <info>  [1682648274.3264] dhcp4 (enp0s8):   address 10.0.2.4
Apr 28 11:17:54 localhost NetworkManager[661]: <info>  [1682648274.3264] dhcp4 (enp0s8):   plen 24 (255.255.255.0)
Apr 28 11:17:54 localhost NetworkManager[661]: <info>  [1682648274.3264] dhcp4 (enp0s8):   gateway 10.0.2.1
Apr 28 11:17:54 localhost NetworkManager[661]: <info>  [1682648274.3265] dhcp4 (enp0s8):   lease time 600
Apr 28 11:17:54 localhost NetworkManager[661]: <info>  [1682648274.3265] dhcp4 (enp0s8):   nameserver '10.0.2.1'
Apr 28 11:17:54 localhost NetworkManager[661]: <info>  [1682648274.3265] dhcp4 (enp0s8): state changed bound -> bound
Apr 28 11:17:54 localhost dbus[591]: [system] Activating via systemd: service name='org.freedesktop.nm_dispatcher' unit='dbus-org.freedesktop.nm-dispatcher.service'
Apr 28 11:17:54 localhost systemd: Starting Network Manager Script Dispatcher Service...
Apr 28 11:17:54 localhost dhclient[792]: bound to 10.0.2.4 -- renewal in 279 seconds.
Apr 28 11:17:54 localhost dbus[591]: [system] Successfully activated service 'org.freedesktop.nm_dispatcher'
Apr 28 11:17:54 localhost systemd: Started Network Manager Script Dispatcher Service.
Apr 28 11:17:54 localhost nm-dispatcher: req:1 'dhcp4-change' [enp0s8]: new request (4 scripts)
Apr 28 11:17:54 localhost nm-dispatcher: req:1 'dhcp4-change' [enp0s8]: start running ordered scripts...
Apr 28 11:20:01 localhost systemd: Started Session 17 of user root.
Apr 28 11:20:57 localhost dhclient[790]: DHCPREQUEST on enp0s3 to 192.168.56.100 port 67 (xid=0x1c417b01)
Apr 28 11:20:57 localhost dhclient[790]: DHCPACK from 192.168.56.100 (xid=0x1c417b01)
Apr 28 11:20:57 localhost NetworkManager[661]: <info>  [1682648457.8223] dhcp4 (enp0s3):   address 192.168.56.101
Apr 28 11:20:57 localhost NetworkManager[661]: <info>  [1682648457.8227] dhcp4 (enp0s3):   plen 24 (255.255.255.0)
Apr 28 11:20:57 localhost NetworkManager[661]: <info>  [1682648457.8227] dhcp4 (enp0s3):   lease time 600
Apr 28 11:20:57 localhost NetworkManager[661]: <info>  [1682648457.8227] dhcp4 (enp0s3): state changed bound -> bound
Apr 28 11:20:57 localhost dbus[591]: [system] Activating via systemd: service name='org.freedesktop.nm_dispatcher' unit='dbus-org.freedesktop.nm-dispatcher.service'
Apr 28 11:20:57 localhost systemd: Starting Network Manager Script Dispatcher Service...
Apr 28 11:20:57 localhost dhclient[790]: bound to 192.168.56.101 -- renewal in 252 seconds.
Apr 28 11:20:57 localhost dbus[591]: [system] Successfully activated service 'org.freedesktop.nm_dispatcher'
Apr 28 11:20:57 localhost systemd: Started Network Manager Script Dispatcher Service.
Apr 28 11:20:57 localhost nm-dispatcher: req:1 'dhcp4-change' [enp0s3]: new request (4 scripts)
Apr 28 11:20:57 localhost nm-dispatcher: req:1 'dhcp4-change' [enp0s3]: start running ordered scripts...
Apr 28 11:22:33 localhost dhclient[792]: DHCPREQUEST on enp0s8 to 10.0.2.3 port 67 (xid=0x148be597)
Apr 28 11:22:33 localhost dhclient[792]: DHCPACK from 10.0.2.3 (xid=0x148be597)
Apr 28 11:22:33 localhost NetworkManager[661]: <info>  [1682648553.5162] dhcp4 (enp0s8):   address 10.0.2.4
Apr 28 11:22:33 localhost NetworkManager[661]: <info>  [1682648553.5162] dhcp4 (enp0s8):   plen 24 (255.255.255.0)
Apr 28 11:22:33 localhost NetworkManager[661]: <info>  [1682648553.5162] dhcp4 (enp0s8):   gateway 10.0.2.1
Apr 28 11:22:33 localhost NetworkManager[661]: <info>  [1682648553.5162] dhcp4 (enp0s8):   lease time 600
Apr 28 11:22:33 localhost NetworkManager[661]: <info>  [1682648553.5163] dhcp4 (enp0s8):   nameserver '10.0.2.1'
Apr 28 11:22:33 localhost NetworkManager[661]: <info>  [1682648553.5163] dhcp4 (enp0s8): state changed bound -> bound
Apr 28 11:22:33 localhost dbus[591]: [system] Activating via systemd: service name='org.freedesktop.nm_dispatcher' unit='dbus-org.freedesktop.nm-dispatcher.service'
Apr 28 11:22:33 localhost systemd: Starting Network Manager Script Dispatcher Service...
Apr 28 11:22:33 localhost dhclient[792]: bound to 10.0.2.4 -- renewal in 232 seconds.
Apr 28 11:22:33 localhost dbus[591]: [system] Successfully activated service 'org.freedesktop.nm_dispatcher'
Apr 28 11:22:33 localhost systemd: Started Network Manager Script Dispatcher Service.
Apr 28 11:22:33 localhost nm-dispatcher: req:1 'dhcp4-change' [enp0s8]: new request (4 scripts)
Apr 28 11:22:33 localhost nm-dispatcher: req:1 'dhcp4-change' [enp0s8]: start running ordered scripts...
Apr 28 11:25:10 localhost dhclient[790]: DHCPREQUEST on enp0s3 to 192.168.56.100 port 67 (xid=0x1c417b01)
Apr 28 11:25:10 localhost dhclient[790]: DHCPACK from 192.168.56.100 (xid=0x1c417b01)
Apr 28 11:25:10 localhost NetworkManager[661]: <info>  [1682648710.0876] dhcp4 (enp0s3):   address 192.168.56.101
Apr 28 11:25:10 localhost NetworkManager[661]: <info>  [1682648710.0880] dhcp4 (enp0s3):   plen 24 (255.255.255.0)
Apr 28 11:25:10 localhost NetworkManager[661]: <info>  [1682648710.0880] dhcp4 (enp0s3):   lease time 600
Apr 28 11:25:10 localhost NetworkManager[661]: <info>  [1682648710.0880] dhcp4 (enp0s3): state changed bound -> bound
Apr 28 11:25:10 localhost dbus[591]: [system] Activating via systemd: service name='org.freedesktop.nm_dispatcher' unit='dbus-org.freedesktop.nm-dispatcher.service'
Apr 28 11:25:10 localhost systemd: Starting Network Manager Script Dispatcher Service...
Apr 28 11:25:10 localhost dhclient[790]: bound to 192.168.56.101 -- renewal in 235 seconds.
Apr 28 11:25:10 localhost dbus[591]: [system] Successfully activated service 'org.freedesktop.nm_dispatcher'
Apr 28 11:25:10 localhost systemd: Started Network Manager Script Dispatcher Service.
Apr 28 11:25:10 localhost nm-dispatcher: req:1 'dhcp4-change' [enp0s3]: new request (4 scripts)
Apr 28 11:25:10 localhost nm-dispatcher: req:1 'dhcp4-change' [enp0s3]: start running ordered scripts...
Apr 28 11:26:25 localhost dhclient[792]: DHCPREQUEST on enp0s8 to 10.0.2.3 port 67 (xid=0x148be597)
Apr 28 11:26:25 localhost dhclient[792]: DHCPACK from 10.0.2.3 (xid=0x148be597)
Apr 28 11:26:25 localhost NetworkManager[661]: <info>  [1682648785.7651] dhcp4 (enp0s8):   address 10.0.2.4
Apr 28 11:26:25 localhost NetworkManager[661]: <info>  [1682648785.7651] dhcp4 (enp0s8):   plen 24 (255.255.255.0)
Apr 28 11:26:25 localhost NetworkManager[661]: <info>  [1682648785.7651] dhcp4 (enp0s8):   gateway 10.0.2.1
Apr 28 11:26:25 localhost NetworkManager[661]: <info>  [1682648785.7652] dhcp4 (enp0s8):   lease time 600
Apr 28 11:26:25 localhost NetworkManager[661]: <info>  [1682648785.7652] dhcp4 (enp0s8):   nameserver '10.0.2.1'
Apr 28 11:26:25 localhost NetworkManager[661]: <info>  [1682648785.7652] dhcp4 (enp0s8): state changed bound -> bound
Apr 28 11:26:25 localhost dbus[591]: [system] Activating via systemd: service name='org.freedesktop.nm_dispatcher' unit='dbus-org.freedesktop.nm-dispatcher.service'
Apr 28 11:26:25 localhost systemd: Starting Network Manager Script Dispatcher Service...
Apr 28 11:26:25 localhost dhclient[792]: bound to 10.0.2.4 -- renewal in 285 seconds.
Apr 28 11:26:25 localhost dbus[591]: [system] Successfully activated service 'org.freedesktop.nm_dispatcher'
Apr 28 11:26:25 localhost systemd: Started Network Manager Script Dispatcher Service.
Apr 28 11:26:25 localhost nm-dispatcher: req:1 'dhcp4-change' [enp0s8]: new request (4 scripts)
Apr 28 11:26:25 localhost nm-dispatcher: req:1 'dhcp4-change' [enp0s8]: start running ordered scripts...
Apr 28 11:29:05 localhost dhclient[790]: DHCPREQUEST on enp0s3 to 192.168.56.100 port 67 (xid=0x1c417b01)
Apr 28 11:29:05 localhost dhclient[790]: DHCPACK from 192.168.56.100 (xid=0x1c417b01)
Apr 28 11:29:05 localhost NetworkManager[661]: <info>  [1682648945.4685] dhcp4 (enp0s3):   address 192.168.56.101
Apr 28 11:29:05 localhost NetworkManager[661]: <info>  [1682648945.4694] dhcp4 (enp0s3):   plen 24 (255.255.255.0)
Apr 28 11:29:05 localhost NetworkManager[661]: <info>  [1682648945.4694] dhcp4 (enp0s3):   lease time 600
Apr 28 11:29:05 localhost NetworkManager[661]: <info>  [1682648945.4695] dhcp4 (enp0s3): state changed bound -> bound
Apr 28 11:29:05 localhost dbus[591]: [system] Activating via systemd: service name='org.freedesktop.nm_dispatcher' unit='dbus-org.freedesktop.nm-dispatcher.service'
Apr 28 11:29:05 localhost systemd: Starting Network Manager Script Dispatcher Service...
Apr 28 11:29:05 localhost dhclient[790]: bound to 192.168.56.101 -- renewal in 284 seconds.
Apr 28 11:29:05 localhost dbus[591]: [system] Successfully activated service 'org.freedesktop.nm_dispatcher'
Apr 28 11:29:05 localhost systemd: Started Network Manager Script Dispatcher Service.
Apr 28 11:29:05 localhost nm-dispatcher: req:1 'dhcp4-change' [enp0s3]: new request (4 scripts)
Apr 28 11:29:05 localhost nm-dispatcher: req:1 'dhcp4-change' [enp0s3]: start running ordered scripts...
Apr 28 11:30:01 localhost systemd: Started Session 18 of user root.
Apr 28 11:31:10 localhost dhclient[792]: DHCPREQUEST on enp0s8 to 10.0.2.3 port 67 (xid=0x148be597)
Apr 28 11:31:10 localhost dhclient[792]: DHCPACK from 10.0.2.3 (xid=0x148be597)
Apr 28 11:31:10 localhost NetworkManager[661]: <info>  [1682649070.3508] dhcp4 (enp0s8):   address 10.0.2.4
Apr 28 11:31:10 localhost NetworkManager[661]: <info>  [1682649070.3516] dhcp4 (enp0s8):   plen 24 (255.255.255.0)
Apr 28 11:31:10 localhost NetworkManager[661]: <info>  [1682649070.3516] dhcp4 (enp0s8):   gateway 10.0.2.1
Apr 28 11:31:10 localhost NetworkManager[661]: <info>  [1682649070.3517] dhcp4 (enp0s8):   lease time 600
Apr 28 11:31:10 localhost NetworkManager[661]: <info>  [1682649070.3517] dhcp4 (enp0s8):   nameserver '10.0.2.1'
Apr 28 11:31:10 localhost NetworkManager[661]: <info>  [1682649070.3517] dhcp4 (enp0s8): state changed bound -> bound
Apr 28 11:31:10 localhost dbus[591]: [system] Activating via systemd: service name='org.freedesktop.nm_dispatcher' unit='dbus-org.freedesktop.nm-dispatcher.service'
Apr 28 11:31:10 localhost systemd: Starting Network Manager Script Dispatcher Service...
Apr 28 11:31:10 localhost dhclient[792]: bound to 10.0.2.4 -- renewal in 241 seconds.
Apr 28 11:31:10 localhost dbus[591]: [system] Successfully activated service 'org.freedesktop.nm_dispatcher'
Apr 28 11:31:10 localhost systemd: Started Network Manager Script Dispatcher Service.
Apr 28 11:31:10 localhost nm-dispatcher: req:1 'dhcp4-change' [enp0s8]: new request (4 scripts)
Apr 28 11:31:10 localhost nm-dispatcher: req:1 'dhcp4-change' [enp0s8]: start running ordered scripts...
Apr 28 11:33:49 localhost dhclient[790]: DHCPREQUEST on enp0s3 to 192.168.56.100 port 67 (xid=0x1c417b01)
Apr 28 11:33:49 localhost dhclient[790]: DHCPACK from 192.168.56.100 (xid=0x1c417b01)
Apr 28 11:33:49 localhost NetworkManager[661]: <info>  [1682649229.5444] dhcp4 (enp0s3):   address 192.168.56.101
Apr 28 11:33:49 localhost NetworkManager[661]: <info>  [1682649229.5445] dhcp4 (enp0s3):   plen 24 (255.255.255.0)
Apr 28 11:33:49 localhost NetworkManager[661]: <info>  [1682649229.5445] dhcp4 (enp0s3):   lease time 600
Apr 28 11:33:49 localhost NetworkManager[661]: <info>  [1682649229.5446] dhcp4 (enp0s3): state changed bound -> bound
Apr 28 11:33:49 localhost dbus[591]: [system] Activating via systemd: service name='org.freedesktop.nm_dispatcher' unit='dbus-org.freedesktop.nm-dispatcher.service'
Apr 28 11:33:49 localhost systemd: Starting Network Manager Script Dispatcher Service...
Apr 28 11:33:49 localhost dhclient[790]: bound to 192.168.56.101 -- renewal in 256 seconds.
Apr 28 11:33:49 localhost dbus[591]: [system] Successfully activated service 'org.freedesktop.nm_dispatcher'
Apr 28 11:33:49 localhost systemd: Started Network Manager Script Dispatcher Service.
Apr 28 11:33:49 localhost nm-dispatcher: req:1 'dhcp4-change' [enp0s3]: new request (4 scripts)
Apr 28 11:33:49 localhost nm-dispatcher: req:1 'dhcp4-change' [enp0s3]: start running ordered scripts...
Apr 28 11:35:11 localhost dhclient[792]: DHCPREQUEST on enp0s8 to 10.0.2.3 port 67 (xid=0x148be597)
Apr 28 11:35:11 localhost dhclient[792]: DHCPACK from 10.0.2.3 (xid=0x148be597)
Apr 28 11:35:11 localhost NetworkManager[661]: <info>  [1682649311.8098] dhcp4 (enp0s8):   address 10.0.2.4
Apr 28 11:35:11 localhost NetworkManager[661]: <info>  [1682649311.8102] dhcp4 (enp0s8):   plen 24 (255.255.255.0)
Apr 28 11:35:11 localhost NetworkManager[661]: <info>  [1682649311.8102] dhcp4 (enp0s8):   gateway 10.0.2.1
Apr 28 11:35:11 localhost NetworkManager[661]: <info>  [1682649311.8102] dhcp4 (enp0s8):   lease time 600
Apr 28 11:35:11 localhost NetworkManager[661]: <info>  [1682649311.8103] dhcp4 (enp0s8):   nameserver '10.0.2.1'
Apr 28 11:35:11 localhost NetworkManager[661]: <info>  [1682649311.8103] dhcp4 (enp0s8): state changed bound -> bound
Apr 28 11:35:11 localhost dbus[591]: [system] Activating via systemd: service name='org.freedesktop.nm_dispatcher' unit='dbus-org.freedesktop.nm-dispatcher.service'
Apr 28 11:35:11 localhost systemd: Starting Network Manager Script Dispatcher Service...
Apr 28 11:35:11 localhost dhclient[792]: bound to 10.0.2.4 -- renewal in 266 seconds.
Apr 28 11:35:11 localhost dbus[591]: [system] Successfully activated service 'org.freedesktop.nm_dispatcher'
Apr 28 11:35:11 localhost systemd: Started Network Manager Script Dispatcher Service.
Apr 28 11:35:11 localhost nm-dispatcher: req:1 'dhcp4-change' [enp0s8]: new request (4 scripts)
Apr 28 11:35:11 localhost nm-dispatcher: req:1 'dhcp4-change' [enp0s8]: start running ordered scripts...
Apr 28 11:38:05 localhost dhclient[790]: DHCPREQUEST on enp0s3 to 192.168.56.100 port 67 (xid=0x1c417b01)
Apr 28 11:38:05 localhost dhclient[790]: DHCPACK from 192.168.56.100 (xid=0x1c417b01)
Apr 28 11:38:05 localhost NetworkManager[661]: <info>  [1682649485.5484] dhcp4 (enp0s3):   address 192.168.56.101
Apr 28 11:38:05 localhost NetworkManager[661]: <info>  [1682649485.5484] dhcp4 (enp0s3):   plen 24 (255.255.255.0)
Apr 28 11:38:05 localhost NetworkManager[661]: <info>  [1682649485.5485] dhcp4 (enp0s3):   lease time 600
Apr 28 11:38:05 localhost NetworkManager[661]: <info>  [1682649485.5485] dhcp4 (enp0s3): state changed bound -> bound
Apr 28 11:38:05 localhost dbus[591]: [system] Activating via systemd: service name='org.freedesktop.nm_dispatcher' unit='dbus-org.freedesktop.nm-dispatcher.service'
Apr 28 11:38:05 localhost systemd: Starting Network Manager Script Dispatcher Service...
Apr 28 11:38:05 localhost dhclient[790]: bound to 192.168.56.101 -- renewal in 268 seconds.
Apr 28 11:38:05 localhost dbus[591]: [system] Successfully activated service 'org.freedesktop.nm_dispatcher'
Apr 28 11:38:05 localhost systemd: Started Network Manager Script Dispatcher Service.
Apr 28 11:38:05 localhost nm-dispatcher: req:1 'dhcp4-change' [enp0s3]: new request (4 scripts)
Apr 28 11:38:05 localhost nm-dispatcher: req:1 'dhcp4-change' [enp0s3]: start running ordered scripts...
Apr 28 11:39:37 localhost dhclient[792]: DHCPREQUEST on enp0s8 to 10.0.2.3 port 67 (xid=0x148be597)
Apr 28 11:39:37 localhost dhclient[792]: DHCPACK from 10.0.2.3 (xid=0x148be597)
Apr 28 11:39:37 localhost NetworkManager[661]: <info>  [1682649577.9228] dhcp4 (enp0s8):   address 10.0.2.4
Apr 28 11:39:37 localhost NetworkManager[661]: <info>  [1682649577.9234] dhcp4 (enp0s8):   plen 24 (255.255.255.0)
Apr 28 11:39:37 localhost NetworkManager[661]: <info>  [1682649577.9235] dhcp4 (enp0s8):   gateway 10.0.2.1
Apr 28 11:39:37 localhost NetworkManager[661]: <info>  [1682649577.9235] dhcp4 (enp0s8):   lease time 600
Apr 28 11:39:37 localhost NetworkManager[661]: <info>  [1682649577.9235] dhcp4 (enp0s8):   nameserver '10.0.2.1'
Apr 28 11:39:37 localhost NetworkManager[661]: <info>  [1682649577.9236] dhcp4 (enp0s8): state changed bound -> bound
Apr 28 11:39:37 localhost dbus[591]: [system] Activating via systemd: service name='org.freedesktop.nm_dispatcher' unit='dbus-org.freedesktop.nm-dispatcher.service'
Apr 28 11:39:37 localhost systemd: Starting Network Manager Script Dispatcher Service...
Apr 28 11:39:37 localhost dhclient[792]: bound to 10.0.2.4 -- renewal in 228 seconds.
Apr 28 11:39:37 localhost dbus[591]: [system] Successfully activated service 'org.freedesktop.nm_dispatcher'
Apr 28 11:39:37 localhost systemd: Started Network Manager Script Dispatcher Service.
Apr 28 11:39:37 localhost nm-dispatcher: req:1 'dhcp4-change' [enp0s8]: new request (4 scripts)
Apr 28 11:39:37 localhost nm-dispatcher: req:1 'dhcp4-change' [enp0s8]: start running ordered scripts...
Apr 28 11:40:01 localhost systemd: Started Session 19 of user root.
Apr 28 11:42:33 localhost dhclient[790]: DHCPREQUEST on enp0s3 to 192.168.56.100 port 67 (xid=0x1c417b01)
Apr 28 11:42:33 localhost dhclient[790]: DHCPACK from 192.168.56.100 (xid=0x1c417b01)
Apr 28 11:42:33 localhost NetworkManager[661]: <info>  [1682649753.1344] dhcp4 (enp0s3):   address 192.168.56.101
Apr 28 11:42:33 localhost NetworkManager[661]: <info>  [1682649753.1351] dhcp4 (enp0s3):   plen 24 (255.255.255.0)
Apr 28 11:42:33 localhost NetworkManager[661]: <info>  [1682649753.1352] dhcp4 (enp0s3):   lease time 600
Apr 28 11:42:33 localhost NetworkManager[661]: <info>  [1682649753.1352] dhcp4 (enp0s3): state changed bound -> bound
Apr 28 11:42:33 localhost dbus[591]: [system] Activating via systemd: service name='org.freedesktop.nm_dispatcher' unit='dbus-org.freedesktop.nm-dispatcher.service'
Apr 28 11:42:33 localhost systemd: Starting Network Manager Script Dispatcher Service...
Apr 28 11:42:33 localhost dhclient[790]: bound to 192.168.56.101 -- renewal in 265 seconds.
Apr 28 11:42:33 localhost dbus[591]: [system] Successfully activated service 'org.freedesktop.nm_dispatcher'
Apr 28 11:42:33 localhost systemd: Started Network Manager Script Dispatcher Service.
Apr 28 11:42:33 localhost nm-dispatcher: req:1 'dhcp4-change' [enp0s3]: new request (4 scripts)
Apr 28 11:42:33 localhost nm-dispatcher: req:1 'dhcp4-change' [enp0s3]: start running ordered scripts...
Apr 28 11:43:25 localhost dhclient[792]: DHCPREQUEST on enp0s8 to 10.0.2.3 port 67 (xid=0x148be597)
Apr 28 11:43:25 localhost dhclient[792]: DHCPACK from 10.0.2.3 (xid=0x148be597)
Apr 28 11:43:25 localhost NetworkManager[661]: <info>  [1682649805.2921] dhcp4 (enp0s8):   address 10.0.2.4
Apr 28 11:43:25 localhost NetworkManager[661]: <info>  [1682649805.2925] dhcp4 (enp0s8):   plen 24 (255.255.255.0)
Apr 28 11:43:25 localhost NetworkManager[661]: <info>  [1682649805.2925] dhcp4 (enp0s8):   gateway 10.0.2.1
Apr 28 11:43:25 localhost NetworkManager[661]: <info>  [1682649805.2926] dhcp4 (enp0s8):   lease time 600
Apr 28 11:43:25 localhost NetworkManager[661]: <info>  [1682649805.2926] dhcp4 (enp0s8):   nameserver '10.0.2.1'
Apr 28 11:43:25 localhost NetworkManager[661]: <info>  [1682649805.2926] dhcp4 (enp0s8): state changed bound -> bound
Apr 28 11:43:25 localhost dbus[591]: [system] Activating via systemd: service name='org.freedesktop.nm_dispatcher' unit='dbus-org.freedesktop.nm-dispatcher.service'
